<?xml version="1.0"?>
<link_info>
   <banner>TI ARM Linker PC v5.1.9</banner>
   <copyright>Copyright (c) 1996-2014 Texas Instruments Incorporated</copyright>
   <link_time>0x54e03774</link_time>
   <link_errors>0x0</link_errors>
   <output_file>esft_peripheral_data_to_int_mem.out</output_file>
   <entry_point>
      <name>_c_int00</name>
      <address>0x3c8d</address>
   </entry_point>
   <input_file_list>
      <input_file id="fl-2">
         <path>.\</path>
         <kind>object</kind>
         <file>flashstore.obj</file>
         <name>flashstore.obj</name>
      </input_file>
      <input_file id="fl-3">
         <path>.\</path>
         <kind>object</kind>
         <file>main.obj</file>
         <name>main.obj</name>
      </input_file>
      <input_file id="fl-4">
         <path>.\</path>
         <kind>object</kind>
         <file>tm4c123gh6pm_startup_ccs.obj</file>
         <name>tm4c123gh6pm_startup_ccs.obj</name>
      </input_file>
      <input_file id="fl-5">
         <path>.\</path>
         <kind>object</kind>
         <file>uartstdio.obj</file>
         <name>uartstdio.obj</name>
      </input_file>
      <input_file id="fl-133">
         <path>D:\Programs\ti\ccsv6\tools\compiler\arm_5.1.9\lib\</path>
         <kind>archive</kind>
         <file>rtsv7M4_T_le_v4SPD16_eabi.lib</file>
         <name>boot.obj</name>
      </input_file>
      <input_file id="fl-134">
         <path>D:\Programs\ti\ccsv6\tools\compiler\arm_5.1.9\lib\</path>
         <kind>archive</kind>
         <file>rtsv7M4_T_le_v4SPD16_eabi.lib</file>
         <name>copy_decompress_none.obj</name>
      </input_file>
      <input_file id="fl-135">
         <path>D:\Programs\ti\ccsv6\tools\compiler\arm_5.1.9\lib\</path>
         <kind>archive</kind>
         <file>rtsv7M4_T_le_v4SPD16_eabi.lib</file>
         <name>copy_decompress_rle.obj</name>
      </input_file>
      <input_file id="fl-136">
         <path>D:\Programs\ti\ccsv6\tools\compiler\arm_5.1.9\lib\</path>
         <kind>archive</kind>
         <file>rtsv7M4_T_le_v4SPD16_eabi.lib</file>
         <name>copy_zero_init.obj</name>
      </input_file>
      <input_file id="fl-137">
         <path>D:\Programs\ti\ccsv6\tools\compiler\arm_5.1.9\lib\</path>
         <kind>archive</kind>
         <file>rtsv7M4_T_le_v4SPD16_eabi.lib</file>
         <name>exit.obj</name>
      </input_file>
      <input_file id="fl-138">
         <path>D:\Programs\ti\ccsv6\tools\compiler\arm_5.1.9\lib\</path>
         <kind>archive</kind>
         <file>rtsv7M4_T_le_v4SPD16_eabi.lib</file>
         <name>fd_add_t2.obj</name>
      </input_file>
      <input_file id="fl-139">
         <path>D:\Programs\ti\ccsv6\tools\compiler\arm_5.1.9\lib\</path>
         <kind>archive</kind>
         <file>rtsv7M4_T_le_v4SPD16_eabi.lib</file>
         <name>fd_div_t2.obj</name>
      </input_file>
      <input_file id="fl-13a">
         <path>D:\Programs\ti\ccsv6\tools\compiler\arm_5.1.9\lib\</path>
         <kind>archive</kind>
         <file>rtsv7M4_T_le_v4SPD16_eabi.lib</file>
         <name>fd_mul_t2.obj</name>
      </input_file>
      <input_file id="fl-13b">
         <path>D:\Programs\ti\ccsv6\tools\compiler\arm_5.1.9\lib\</path>
         <kind>archive</kind>
         <file>rtsv7M4_T_le_v4SPD16_eabi.lib</file>
         <name>fd_toi_t2.obj</name>
      </input_file>
      <input_file id="fl-13c">
         <path>D:\Programs\ti\ccsv6\tools\compiler\arm_5.1.9\lib\</path>
         <kind>archive</kind>
         <file>rtsv7M4_T_le_v4SPD16_eabi.lib</file>
         <name>fd_toll_t2.obj</name>
      </input_file>
      <input_file id="fl-13d">
         <path>D:\Programs\ti\ccsv6\tools\compiler\arm_5.1.9\lib\</path>
         <kind>archive</kind>
         <file>rtsv7M4_T_le_v4SPD16_eabi.lib</file>
         <name>fd_tos_t2.obj</name>
      </input_file>
      <input_file id="fl-13e">
         <path>D:\Programs\ti\ccsv6\tools\compiler\arm_5.1.9\lib\</path>
         <kind>archive</kind>
         <file>rtsv7M4_T_le_v4SPD16_eabi.lib</file>
         <name>fs_tod_t2.obj</name>
      </input_file>
      <input_file id="fl-13f">
         <path>D:\Programs\ti\ccsv6\tools\compiler\arm_5.1.9\lib\</path>
         <kind>archive</kind>
         <file>rtsv7M4_T_le_v4SPD16_eabi.lib</file>
         <name>i_tofd_t2.obj</name>
      </input_file>
      <input_file id="fl-140">
         <path>D:\Programs\ti\ccsv6\tools\compiler\arm_5.1.9\lib\</path>
         <kind>archive</kind>
         <file>rtsv7M4_T_le_v4SPD16_eabi.lib</file>
         <name>ll_mul_t2.obj</name>
      </input_file>
      <input_file id="fl-141">
         <path>D:\Programs\ti\ccsv6\tools\compiler\arm_5.1.9\lib\</path>
         <kind>archive</kind>
         <file>rtsv7M4_T_le_v4SPD16_eabi.lib</file>
         <name>ll_tofd_t2.obj</name>
      </input_file>
      <input_file id="fl-142">
         <path>D:\Programs\ti\ccsv6\tools\compiler\arm_5.1.9\lib\</path>
         <kind>archive</kind>
         <file>rtsv7M4_T_le_v4SPD16_eabi.lib</file>
         <name>memcpy_t2.obj</name>
      </input_file>
      <input_file id="fl-143">
         <path>D:\Programs\ti\ccsv6\tools\compiler\arm_5.1.9\lib\</path>
         <kind>archive</kind>
         <file>rtsv7M4_T_le_v4SPD16_eabi.lib</file>
         <name>pow.obj</name>
      </input_file>
      <input_file id="fl-144">
         <path>D:\Programs\ti\ccsv6\tools\compiler\arm_5.1.9\lib\</path>
         <kind>archive</kind>
         <file>rtsv7M4_T_le_v4SPD16_eabi.lib</file>
         <name>sprintf.obj</name>
      </input_file>
      <input_file id="fl-145">
         <path>D:\Programs\ti\ccsv6\tools\compiler\arm_5.1.9\lib\</path>
         <kind>archive</kind>
         <file>rtsv7M4_T_le_v4SPD16_eabi.lib</file>
         <name>stkdepth_vars.obj</name>
      </input_file>
      <input_file id="fl-146">
         <path>D:\Programs\ti\ccsv6\tools\compiler\arm_5.1.9\lib\</path>
         <kind>archive</kind>
         <file>rtsv7M4_T_le_v4SPD16_eabi.lib</file>
         <name>u_divt2.obj</name>
      </input_file>
      <input_file id="fl-147">
         <path>D:\Programs\ti\ccsv6\tools\compiler\arm_5.1.9\lib\</path>
         <kind>archive</kind>
         <file>rtsv7M4_T_le_v4SPD16_eabi.lib</file>
         <name>u_tofd_t2.obj</name>
      </input_file>
      <input_file id="fl-148">
         <path>D:\Programs\ti\ccsv6\tools\compiler\arm_5.1.9\lib\</path>
         <kind>archive</kind>
         <file>rtsv7M4_T_le_v4SPD16_eabi.lib</file>
         <name>xdint.obj</name>
      </input_file>
      <input_file id="fl-149">
         <path>D:\Programs\ti\ccsv6\tools\compiler\arm_5.1.9\lib\</path>
         <kind>archive</kind>
         <file>rtsv7M4_T_le_v4SPD16_eabi.lib</file>
         <name>xdunscal.obj</name>
      </input_file>
      <input_file id="fl-14a">
         <path>D:\Programs\ti\ccsv6\tools\compiler\arm_5.1.9\lib\</path>
         <kind>archive</kind>
         <file>rtsv7M4_T_le_v4SPD16_eabi.lib</file>
         <name>xexp.obj</name>
      </input_file>
      <input_file id="fl-14b">
         <path>D:\Programs\ti\ccsv6\tools\compiler\arm_5.1.9\lib\</path>
         <kind>archive</kind>
         <file>rtsv7M4_T_le_v4SPD16_eabi.lib</file>
         <name>xferaise.obj</name>
      </input_file>
      <input_file id="fl-14c">
         <path>D:\Programs\ti\ccsv6\tools\compiler\arm_5.1.9\lib\</path>
         <kind>archive</kind>
         <file>rtsv7M4_T_le_v4SPD16_eabi.lib</file>
         <name>xvalues.obj</name>
      </input_file>
      <input_file id="fl-14d">
         <path>D:\Programs\ti\ccsv6\tools\compiler\arm_5.1.9\lib\</path>
         <kind>archive</kind>
         <file>rtsv7M4_T_le_v4SPD16_eabi.lib</file>
         <name>_lock.obj</name>
      </input_file>
      <input_file id="fl-14e">
         <path>D:\Programs\ti\ccsv6\tools\compiler\arm_5.1.9\lib\</path>
         <kind>archive</kind>
         <file>rtsv7M4_T_le_v4SPD16_eabi.lib</file>
         <name>_printfi.obj</name>
      </input_file>
      <input_file id="fl-14f">
         <path>D:\Programs\ti\ccsv6\tools\compiler\arm_5.1.9\lib\</path>
         <kind>archive</kind>
         <file>rtsv7M4_T_le_v4SPD16_eabi.lib</file>
         <name>args_main.obj</name>
      </input_file>
      <input_file id="fl-150">
         <path>D:\Programs\ti\ccsv6\tools\compiler\arm_5.1.9\lib\</path>
         <kind>archive</kind>
         <file>rtsv7M4_T_le_v4SPD16_eabi.lib</file>
         <name>atoi.obj</name>
      </input_file>
      <input_file id="fl-151">
         <path>D:\Programs\ti\ccsv6\tools\compiler\arm_5.1.9\lib\</path>
         <kind>archive</kind>
         <file>rtsv7M4_T_le_v4SPD16_eabi.lib</file>
         <name>auto_init.obj</name>
      </input_file>
      <input_file id="fl-152">
         <path>D:\Programs\ti\ccsv6\tools\compiler\arm_5.1.9\lib\</path>
         <kind>archive</kind>
         <file>rtsv7M4_T_le_v4SPD16_eabi.lib</file>
         <name>cpy_tbl.obj</name>
      </input_file>
      <input_file id="fl-153">
         <path>D:\Programs\ti\ccsv6\tools\compiler\arm_5.1.9\lib\</path>
         <kind>archive</kind>
         <file>rtsv7M4_T_le_v4SPD16_eabi.lib</file>
         <name>ctype.obj</name>
      </input_file>
      <input_file id="fl-154">
         <path>D:\Programs\ti\ccsv6\tools\compiler\arm_5.1.9\lib\</path>
         <kind>archive</kind>
         <file>rtsv7M4_T_le_v4SPD16_eabi.lib</file>
         <name>errno.obj</name>
      </input_file>
      <input_file id="fl-155">
         <path>D:\Programs\ti\ccsv6\tools\compiler\arm_5.1.9\lib\</path>
         <kind>archive</kind>
         <file>rtsv7M4_T_le_v4SPD16_eabi.lib</file>
         <name>fd_cmp_t2.obj</name>
      </input_file>
      <input_file id="fl-156">
         <path>D:\Programs\ti\ccsv6\tools\compiler\arm_5.1.9\lib\</path>
         <kind>archive</kind>
         <file>rtsv7M4_T_le_v4SPD16_eabi.lib</file>
         <name>feraiseexcept.obj</name>
      </input_file>
      <input_file id="fl-157">
         <path>D:\Programs\ti\ccsv6\tools\compiler\arm_5.1.9\lib\</path>
         <kind>archive</kind>
         <file>rtsv7M4_T_le_v4SPD16_eabi.lib</file>
         <name>log.obj</name>
      </input_file>
      <input_file id="fl-158">
         <path>D:\Programs\ti\ccsv6\tools\compiler\arm_5.1.9\lib\</path>
         <kind>archive</kind>
         <file>rtsv7M4_T_le_v4SPD16_eabi.lib</file>
         <name>ltoa.obj</name>
      </input_file>
      <input_file id="fl-159">
         <path>D:\Programs\ti\ccsv6\tools\compiler\arm_5.1.9\lib\</path>
         <kind>archive</kind>
         <file>rtsv7M4_T_le_v4SPD16_eabi.lib</file>
         <name>memccpy.obj</name>
      </input_file>
      <input_file id="fl-15a">
         <path>D:\Programs\ti\ccsv6\tools\compiler\arm_5.1.9\lib\</path>
         <kind>archive</kind>
         <file>rtsv7M4_T_le_v4SPD16_eabi.lib</file>
         <name>memset_t2.obj</name>
      </input_file>
      <input_file id="fl-15b">
         <path>D:\Programs\ti\ccsv6\tools\compiler\arm_5.1.9\lib\</path>
         <kind>archive</kind>
         <file>rtsv7M4_T_le_v4SPD16_eabi.lib</file>
         <name>raise.obj</name>
      </input_file>
      <input_file id="fl-15c">
         <path>D:\Programs\ti\ccsv6\tools\compiler\arm_5.1.9\lib\</path>
         <kind>archive</kind>
         <file>rtsv7M4_T_le_v4SPD16_eabi.lib</file>
         <name>signal.obj</name>
      </input_file>
      <input_file id="fl-15d">
         <path>D:\Programs\ti\ccsv6\tools\compiler\arm_5.1.9\lib\</path>
         <kind>archive</kind>
         <file>rtsv7M4_T_le_v4SPD16_eabi.lib</file>
         <name>strlen.obj</name>
      </input_file>
      <input_file id="fl-15e">
         <path>D:\Programs\ti\ccsv6\tools\compiler\arm_5.1.9\lib\</path>
         <kind>archive</kind>
         <file>rtsv7M4_T_le_v4SPD16_eabi.lib</file>
         <name>ull_div_t2.obj</name>
      </input_file>
      <input_file id="fl-15f">
         <path>D:\Programs\ti\ccsv6\tools\compiler\arm_5.1.9\lib\</path>
         <kind>archive</kind>
         <file>rtsv7M4_T_le_v4SPD16_eabi.lib</file>
         <name>xdclass.obj</name>
      </input_file>
      <input_file id="fl-160">
         <path>D:\Programs\ti\ccsv6\tools\compiler\arm_5.1.9\lib\</path>
         <kind>archive</kind>
         <file>rtsv7M4_T_le_v4SPD16_eabi.lib</file>
         <name>xdnorm.obj</name>
      </input_file>
      <input_file id="fl-161">
         <path>D:\Programs\ti\ccsv6\tools\compiler\arm_5.1.9\lib\</path>
         <kind>archive</kind>
         <file>rtsv7M4_T_le_v4SPD16_eabi.lib</file>
         <name>xdscale.obj</name>
      </input_file>
      <input_file id="fl-162">
         <path>D:\Programs\ti\ccsv6\tools\compiler\arm_5.1.9\lib\</path>
         <kind>archive</kind>
         <file>rtsv7M4_T_le_v4SPD16_eabi.lib</file>
         <name>xdtest.obj</name>
      </input_file>
      <input_file id="fl-163">
         <path>D:\Programs\ti\ccsv6\tools\compiler\arm_5.1.9\lib\</path>
         <kind>archive</kind>
         <file>rtsv7M4_T_le_v4SPD16_eabi.lib</file>
         <name>xlog.obj</name>
      </input_file>
      <input_file id="fl-164">
         <path>D:\Programs\ti\ccsv6\tools\compiler\arm_5.1.9\lib\</path>
         <kind>archive</kind>
         <file>rtsv7M4_T_le_v4SPD16_eabi.lib</file>
         <name>xfvalues.obj</name>
      </input_file>
   </input_file_list>
   <object_component_list>
      <object_component id="oc-e">
         <name>.intvecs</name>
         <load_address>0x0</load_address>
         <run_address>0x0</run_address>
         <size>0x26c</size>
         <input_file_ref idref="fl-4"/>
      </object_component>
      <object_component id="oc-7b">
         <name>.text</name>
         <load_address>0x26c</load_address>
         <run_address>0x26c</run_address>
         <size>0xf34</size>
         <input_file_ref idref="fl-3"/>
      </object_component>
      <object_component id="oc-16a">
         <name>.text</name>
         <load_address>0x11a0</load_address>
         <run_address>0x11a0</run_address>
         <size>0xec0</size>
         <input_file_ref idref="fl-14e"/>
      </object_component>
      <object_component id="oc-b5">
         <name>.text</name>
         <load_address>0x2060</load_address>
         <run_address>0x2060</run_address>
         <size>0x4a8</size>
         <input_file_ref idref="fl-143"/>
      </object_component>
      <object_component id="oc-a7">
         <name>.text</name>
         <load_address>0x2508</load_address>
         <run_address>0x2508</run_address>
         <size>0x34c</size>
         <input_file_ref idref="fl-5"/>
      </object_component>
      <object_component id="oc-196">
         <name>.text</name>
         <load_address>0x2854</load_address>
         <run_address>0x2854</run_address>
         <size>0x2ec</size>
         <input_file_ref idref="fl-163"/>
      </object_component>
      <object_component id="oc-14e">
         <name>.text</name>
         <load_address>0x2b40</load_address>
         <run_address>0x2b40</run_address>
         <size>0x1fc</size>
         <input_file_ref idref="fl-14a"/>
      </object_component>
      <object_component id="oc-1b7">
         <name>.text</name>
         <load_address>0x2d3c</load_address>
         <run_address>0x2d3c</run_address>
         <size>0x1f4</size>
         <input_file_ref idref="fl-15e"/>
      </object_component>
      <object_component id="oc-c0">
         <name>.text</name>
         <load_address>0x2f30</load_address>
         <run_address>0x2f30</run_address>
         <size>0x1b6</size>
         <input_file_ref idref="fl-138"/>
      </object_component>
      <object_component id="oc-ed">
         <name>.text</name>
         <load_address>0x30e8</load_address>
         <run_address>0x30e8</run_address>
         <size>0x19c</size>
         <input_file_ref idref="fl-2"/>
      </object_component>
      <object_component id="oc-cf">
         <name>.text</name>
         <load_address>0x3284</load_address>
         <run_address>0x3284</run_address>
         <size>0x136</size>
         <input_file_ref idref="fl-139"/>
      </object_component>
      <object_component id="oc-19e">
         <name>.text</name>
         <load_address>0x33bc</load_address>
         <run_address>0x33bc</run_address>
         <size>0x110</size>
         <input_file_ref idref="fl-161"/>
      </object_component>
      <object_component id="oc-bb">
         <name>.text</name>
         <load_address>0x34cc</load_address>
         <run_address>0x34cc</run_address>
         <size>0xfc</size>
         <input_file_ref idref="fl-13a"/>
      </object_component>
      <object_component id="oc-137">
         <name>.text</name>
         <load_address>0x35c8</load_address>
         <run_address>0x35c8</run_address>
         <size>0xc4</size>
         <input_file_ref idref="fl-148"/>
      </object_component>
      <object_component id="oc-17f">
         <name>.text</name>
         <load_address>0x368c</load_address>
         <run_address>0x368c</run_address>
         <size>0xc4</size>
         <input_file_ref idref="fl-160"/>
      </object_component>
      <object_component id="oc-47">
         <name>.text</name>
         <load_address>0x3750</load_address>
         <run_address>0x3750</run_address>
         <size>0x9c</size>
         <input_file_ref idref="fl-142"/>
      </object_component>
      <object_component id="oc-32">
         <name>.text</name>
         <load_address>0x37ec</load_address>
         <run_address>0x37ec</run_address>
         <size>0x94</size>
         <input_file_ref idref="fl-151"/>
      </object_component>
      <object_component id="oc-13d">
         <name>.text:__aeabi_cdcmple</name>
         <load_address>0x3880</load_address>
         <run_address>0x3880</run_address>
         <size>0x86</size>
         <input_file_ref idref="fl-155"/>
      </object_component>
      <object_component id="oc-1c2">
         <name>.text:__aeabi_cdrcmple</name>
         <load_address>0x3906</load_address>
         <run_address>0x3906</run_address>
         <size>0x86</size>
         <input_file_ref idref="fl-155"/>
      </object_component>
      <object_component id="oc-1cd">
         <name>.text</name>
         <load_address>0x398c</load_address>
         <run_address>0x398c</run_address>
         <size>0x7a</size>
         <input_file_ref idref="fl-15a"/>
      </object_component>
      <object_component id="oc-d4">
         <name>.text</name>
         <load_address>0x3a06</load_address>
         <run_address>0x3a06</run_address>
         <size>0x70</size>
         <input_file_ref idref="fl-13c"/>
      </object_component>
      <object_component id="oc-131">
         <name>.text</name>
         <load_address>0x3a76</load_address>
         <run_address>0x3a76</run_address>
         <size>0x64</size>
         <input_file_ref idref="fl-149"/>
      </object_component>
      <object_component id="oc-f3">
         <name>.text</name>
         <load_address>0x3adc</load_address>
         <run_address>0x3adc</run_address>
         <size>0x60</size>
         <input_file_ref idref="fl-144"/>
      </object_component>
      <object_component id="oc-5a">
         <name>.text</name>
         <load_address>0x3b3c</load_address>
         <run_address>0x3b3c</run_address>
         <size>0x5e</size>
         <input_file_ref idref="fl-135"/>
      </object_component>
      <object_component id="oc-1c7">
         <name>.text</name>
         <load_address>0x3b9a</load_address>
         <run_address>0x3b9a</run_address>
         <size>0x5a</size>
         <input_file_ref idref="fl-158"/>
      </object_component>
      <object_component id="oc-1de">
         <name>.text</name>
         <load_address>0x3bf4</load_address>
         <run_address>0x3bf4</run_address>
         <size>0x4c</size>
         <input_file_ref idref="fl-150"/>
      </object_component>
      <object_component id="oc-d9">
         <name>.text</name>
         <load_address>0x3c40</load_address>
         <run_address>0x3c40</run_address>
         <size>0x4a</size>
         <input_file_ref idref="fl-13d"/>
      </object_component>
      <object_component id="oc-11">
         <name>.text</name>
         <load_address>0x3c8c</load_address>
         <run_address>0x3c8c</run_address>
         <size>0x48</size>
         <input_file_ref idref="fl-133"/>
      </object_component>
      <object_component id="oc-c5">
         <name>.text</name>
         <load_address>0x3cd4</load_address>
         <run_address>0x3cd4</run_address>
         <size>0x48</size>
         <input_file_ref idref="fl-13b"/>
      </object_component>
      <object_component id="oc-74">
         <name>.text</name>
         <load_address>0x3d1c</load_address>
         <run_address>0x3d1c</run_address>
         <size>0x44</size>
         <input_file_ref idref="fl-152"/>
      </object_component>
      <object_component id="oc-3d">
         <name>.text</name>
         <load_address>0x3d60</load_address>
         <run_address>0x3d60</run_address>
         <size>0x44</size>
         <input_file_ref idref="fl-137"/>
      </object_component>
      <object_component id="oc-220">
         <name>.text</name>
         <load_address>0x3da4</load_address>
         <run_address>0x3da4</run_address>
         <size>0x44</size>
         <input_file_ref idref="fl-162"/>
      </object_component>
      <object_component id="oc-11c">
         <name>.text</name>
         <load_address>0x3de8</load_address>
         <run_address>0x3de8</run_address>
         <size>0x42</size>
         <input_file_ref idref="fl-146"/>
      </object_component>
      <object_component id="oc-e3">
         <name>.text</name>
         <load_address>0x3e2a</load_address>
         <run_address>0x3e2a</run_address>
         <size>0x40</size>
         <input_file_ref idref="fl-141"/>
      </object_component>
      <object_component id="oc-237">
         <name>.text</name>
         <load_address>0x3e6c</load_address>
         <run_address>0x3e6c</run_address>
         <size>0x40</size>
         <input_file_ref idref="fl-15c"/>
      </object_component>
      <object_component id="oc-de">
         <name>.text</name>
         <load_address>0x3eac</load_address>
         <run_address>0x3eac</run_address>
         <size>0x38</size>
         <input_file_ref idref="fl-13e"/>
      </object_component>
      <object_component id="oc-18c">
         <name>.text</name>
         <load_address>0x3ee4</load_address>
         <run_address>0x3ee4</run_address>
         <size>0x34</size>
         <input_file_ref idref="fl-156"/>
      </object_component>
      <object_component id="oc-142">
         <name>.text</name>
         <load_address>0x3f18</load_address>
         <run_address>0x3f18</run_address>
         <size>0x30</size>
         <input_file_ref idref="fl-14b"/>
      </object_component>
      <object_component id="oc-ca">
         <name>.text</name>
         <load_address>0x3f48</load_address>
         <run_address>0x3f48</run_address>
         <size>0x2e</size>
         <input_file_ref idref="fl-13f"/>
      </object_component>
      <object_component id="oc-1fd">
         <name>.text</name>
         <load_address>0x3f76</load_address>
         <run_address>0x3f76</run_address>
         <size>0x2e</size>
         <input_file_ref idref="fl-15b"/>
      </object_component>
      <object_component id="oc-b0">
         <name>.text</name>
         <load_address>0x3fa4</load_address>
         <run_address>0x3fa4</run_address>
         <size>0x20</size>
         <input_file_ref idref="fl-147"/>
      </object_component>
      <object_component id="oc-1d8">
         <name>.text</name>
         <load_address>0x3fc4</load_address>
         <run_address>0x3fc4</run_address>
         <size>0x1c</size>
         <input_file_ref idref="fl-159"/>
      </object_component>
      <object_component id="oc-148">
         <name>.text</name>
         <load_address>0x3fe0</load_address>
         <run_address>0x3fe0</run_address>
         <size>0x1a</size>
         <input_file_ref idref="fl-157"/>
      </object_component>
      <object_component id="oc-37">
         <name>.text</name>
         <load_address>0x3ffc</load_address>
         <run_address>0x3ffc</run_address>
         <size>0x18</size>
         <input_file_ref idref="fl-14f"/>
      </object_component>
      <object_component id="oc-e8">
         <name>.text</name>
         <load_address>0x4014</load_address>
         <run_address>0x4014</run_address>
         <size>0x18</size>
         <input_file_ref idref="fl-140"/>
      </object_component>
      <object_component id="oc-107">
         <name>.text</name>
         <load_address>0x402c</load_address>
         <run_address>0x402c</run_address>
         <size>0x14</size>
         <input_file_ref idref="fl-14d"/>
      </object_component>
      <object_component id="oc-1bc">
         <name>.text</name>
         <load_address>0x4040</load_address>
         <run_address>0x4040</run_address>
         <size>0x14</size>
         <input_file_ref idref="fl-15d"/>
      </object_component>
      <object_component id="oc-1c">
         <name>.text:decompress:ZI</name>
         <load_address>0x4054</load_address>
         <run_address>0x4054</run_address>
         <size>0x12</size>
         <input_file_ref idref="fl-136"/>
      </object_component>
      <object_component id="oc-1d2">
         <name>.text</name>
         <load_address>0x4066</load_address>
         <run_address>0x4066</run_address>
         <size>0x12</size>
         <input_file_ref idref="fl-15f"/>
      </object_component>
      <object_component id="oc-16">
         <name>.text:decompress:none</name>
         <load_address>0x4078</load_address>
         <run_address>0x4078</run_address>
         <size>0xe</size>
         <input_file_ref idref="fl-134"/>
      </object_component>
      <object_component id="oc-29">
         <name>.text</name>
         <load_address>0x4086</load_address>
         <run_address>0x4086</run_address>
         <size>0xc</size>
         <input_file_ref idref="fl-4"/>
      </object_component>
      <object_component id="oc-22">
         <name>.text:decompress:rle24</name>
         <load_address>0x4092</load_address>
         <run_address>0x4092</run_address>
         <size>0x6</size>
         <input_file_ref idref="fl-135"/>
      </object_component>
      <object_component id="oc-229">
         <name>.const:.string:_ctypes_</name>
         <load_address>0x4098</load_address>
         <run_address>0x4098</run_address>
         <size>0x102</size>
         <input_file_ref idref="fl-153"/>
      </object_component>
      <object_component id="oc-ad">
         <name>.const:.string</name>
         <load_address>0x419a</load_address>
         <run_address>0x419a</run_address>
         <size>0x5</size>
         <input_file_ref idref="fl-3"/>
      </object_component>
      <object_component id="oc-1a4">
         <name>.const</name>
         <load_address>0x41a0</load_address>
         <run_address>0x41a0</run_address>
         <size>0x48</size>
         <input_file_ref idref="fl-14a"/>
      </object_component>
      <object_component id="oc-20c">
         <name>.const:p</name>
         <load_address>0x41e8</load_address>
         <run_address>0x41e8</run_address>
         <size>0x38</size>
         <input_file_ref idref="fl-163"/>
      </object_component>
      <object_component id="oc-187">
         <name>.const</name>
         <load_address>0x4220</load_address>
         <run_address>0x4220</run_address>
         <size>0x30</size>
         <input_file_ref idref="fl-148"/>
      </object_component>
      <object_component id="oc-124">
         <name>.const</name>
         <load_address>0x4250</load_address>
         <run_address>0x4250</run_address>
         <size>0x1c</size>
         <input_file_ref idref="fl-5"/>
      </object_component>
      <object_component id="oc-17a">
         <name>.const:.string</name>
         <load_address>0x426c</load_address>
         <run_address>0x426c</run_address>
         <size>0x12</size>
         <input_file_ref idref="fl-5"/>
      </object_component>
      <object_component id="oc-291">
         <name>.cinit..data.load</name>
         <load_address>0x4280</load_address>
         <run_address>0x4280</run_address>
         <size>0x63</size>
      </object_component>
      <object_component id="oc-28f">
         <name>__TI_handler_table</name>
         <load_address>0x42e4</load_address>
         <run_address>0x42e4</run_address>
         <size>0xc</size>
      </object_component>
      <object_component id="oc-292">
         <name>.cinit..bss.load</name>
         <load_address>0x42f0</load_address>
         <run_address>0x42f0</run_address>
         <size>0x8</size>
      </object_component>
      <object_component id="oc-290">
         <name>__TI_cinit_table</name>
         <load_address>0x42f8</load_address>
         <run_address>0x42f8</run_address>
         <size>0x10</size>
      </object_component>
      <object_component id="oc-43">
         <name>.data</name>
         <load_address>0x200011bc</load_address>
         <run_address>0x200011bc</run_address>
         <size>0x4</size>
         <input_file_ref idref="fl-145"/>
      </object_component>
      <object_component id="oc-83">
         <name>.data</name>
         <load_address>0x20001198</load_address>
         <run_address>0x20001198</run_address>
         <size>0x8</size>
         <input_file_ref idref="fl-14d"/>
      </object_component>
      <object_component id="oc-86">
         <name>.data</name>
         <load_address>0x200011a0</load_address>
         <run_address>0x200011a0</run_address>
         <size>0x8</size>
         <input_file_ref idref="fl-137"/>
      </object_component>
      <object_component id="oc-121">
         <name>.data</name>
         <load_address>0x200011b0</load_address>
         <run_address>0x200011b0</run_address>
         <size>0x5</size>
         <input_file_ref idref="fl-5"/>
      </object_component>
      <object_component id="oc-154">
         <name>.data</name>
         <load_address>0x200010b0</load_address>
         <run_address>0x200010b0</run_address>
         <size>0x80</size>
         <input_file_ref idref="fl-14c"/>
      </object_component>
      <object_component id="oc-192">
         <name>.data</name>
         <load_address>0x200011b8</load_address>
         <run_address>0x200011b8</run_address>
         <size>0x4</size>
         <input_file_ref idref="fl-154"/>
      </object_component>
      <object_component id="oc-203">
         <name>.data</name>
         <load_address>0x200011a8</load_address>
         <run_address>0x200011a8</run_address>
         <size>0x8</size>
         <input_file_ref idref="fl-156"/>
      </object_component>
      <object_component id="oc-209">
         <name>.data</name>
         <load_address>0x20001130</load_address>
         <run_address>0x20001130</run_address>
         <size>0x68</size>
         <input_file_ref idref="fl-164"/>
      </object_component>
      <object_component id="oc-25d">
         <name>.data:sigtable</name>
         <load_address>0x20001000</load_address>
         <run_address>0x20001000</run_address>
         <size>0xb0</size>
         <input_file_ref idref="fl-15c"/>
      </object_component>
      <object_component id="oc-166">
         <name>.bss:g_pui32RecordBuf</name>
         <uninitialized>true</uninitialized>
         <run_address>0x200011c0</run_address>
         <size>0x64</size>
         <input_file_ref idref="fl-2"/>
      </object_component>
      <object_component id="oc-163">
         <name>.common:g_ui32StoreAddr</name>
         <uninitialized>true</uninitialized>
         <run_address>0x20001224</run_address>
         <size>0x4</size>
      </object_component>
      <object_component id="oc-28">
         <name>.stack</name>
         <uninitialized>true</uninitialized>
         <run_address>0x20000000</run_address>
         <size>0x0</size>
         <input_file_ref idref="fl-133"/>
      </object_component>
      <object_component id="oc-293">
         <name>.stack</name>
         <uninitialized>true</uninitialized>
         <run_address>0x20000000</run_address>
         <size>0x0</size>
      </object_component>
      <object_component id="oc-f">
         <name>.debug_info</name>
         <load_address>0x0</load_address>
         <run_address>0x0</run_address>
         <size>0x103</size>
         <input_file_ref idref="fl-4"/>
      </object_component>
      <object_component id="oc-14">
         <name>.debug_info</name>
         <load_address>0x103</load_address>
         <run_address>0x103</run_address>
         <size>0xf3</size>
         <input_file_ref idref="fl-133"/>
      </object_component>
      <object_component id="oc-17">
         <name>.debug_info</name>
         <load_address>0x1f6</load_address>
         <run_address>0x1f6</run_address>
         <size>0x194</size>
         <input_file_ref idref="fl-134"/>
      </object_component>
      <object_component id="oc-20">
         <name>.debug_info</name>
         <load_address>0x38a</load_address>
         <run_address>0x38a</run_address>
         <size>0x16a</size>
         <input_file_ref idref="fl-136"/>
      </object_component>
      <object_component id="oc-26">
         <name>.debug_info</name>
         <load_address>0x4f4</load_address>
         <run_address>0x4f4</run_address>
         <size>0x18e</size>
         <input_file_ref idref="fl-135"/>
      </object_component>
      <object_component id="oc-2d">
         <name>.debug_info</name>
         <load_address>0x682</load_address>
         <run_address>0x682</run_address>
         <size>0x27f</size>
         <input_file_ref idref="fl-4"/>
      </object_component>
      <object_component id="oc-31">
         <name>.debug_info</name>
         <load_address>0x901</load_address>
         <run_address>0x901</run_address>
         <size>0x11e</size>
         <input_file_ref idref="fl-4"/>
      </object_component>
      <object_component id="oc-35">
         <name>.debug_info</name>
         <load_address>0xa1f</load_address>
         <run_address>0xa1f</run_address>
         <size>0x13d</size>
         <input_file_ref idref="fl-151"/>
      </object_component>
      <object_component id="oc-38">
         <name>.debug_info</name>
         <load_address>0xb5c</load_address>
         <run_address>0xb5c</run_address>
         <size>0x11c</size>
         <input_file_ref idref="fl-14f"/>
      </object_component>
      <object_component id="oc-3f">
         <name>.debug_info</name>
         <load_address>0xc78</load_address>
         <run_address>0xc78</run_address>
         <size>0x1c2</size>
         <input_file_ref idref="fl-137"/>
      </object_component>
      <object_component id="oc-44">
         <name>.debug_info</name>
         <load_address>0xe3a</load_address>
         <run_address>0xe3a</run_address>
         <size>0xbe</size>
         <input_file_ref idref="fl-145"/>
      </object_component>
      <object_component id="oc-49">
         <name>.debug_info</name>
         <load_address>0xef8</load_address>
         <run_address>0xef8</run_address>
         <size>0xcc</size>
         <input_file_ref idref="fl-142"/>
      </object_component>
      <object_component id="oc-4d">
         <name>.debug_info</name>
         <load_address>0xfc4</load_address>
         <run_address>0xfc4</run_address>
         <size>0x46</size>
         <input_file_ref idref="fl-134"/>
      </object_component>
      <object_component id="oc-52">
         <name>.debug_info</name>
         <load_address>0x100a</load_address>
         <run_address>0x100a</run_address>
         <size>0xf2</size>
         <input_file_ref idref="fl-134"/>
      </object_component>
      <object_component id="oc-54">
         <name>.debug_info</name>
         <load_address>0x10fc</load_address>
         <run_address>0x10fc</run_address>
         <size>0x46</size>
         <input_file_ref idref="fl-136"/>
      </object_component>
      <object_component id="oc-59">
         <name>.debug_info</name>
         <load_address>0x1142</load_address>
         <run_address>0x1142</run_address>
         <size>0xad</size>
         <input_file_ref idref="fl-136"/>
      </object_component>
      <object_component id="oc-5e">
         <name>.debug_info</name>
         <load_address>0x11ef</load_address>
         <run_address>0x11ef</run_address>
         <size>0x1ef</size>
         <input_file_ref idref="fl-135"/>
      </object_component>
      <object_component id="oc-61">
         <name>.debug_info</name>
         <load_address>0x13de</load_address>
         <run_address>0x13de</run_address>
         <size>0xb7</size>
         <input_file_ref idref="fl-135"/>
      </object_component>
      <object_component id="oc-62">
         <name>.debug_info</name>
         <load_address>0x1495</load_address>
         <run_address>0x1495</run_address>
         <size>0x39</size>
         <input_file_ref idref="fl-135"/>
      </object_component>
      <object_component id="oc-6a">
         <name>.debug_info</name>
         <load_address>0x14ce</load_address>
         <run_address>0x14ce</run_address>
         <size>0x84</size>
         <input_file_ref idref="fl-4"/>
      </object_component>
      <object_component id="oc-6f">
         <name>.debug_info</name>
         <load_address>0x1552</load_address>
         <run_address>0x1552</run_address>
         <size>0x18b</size>
         <input_file_ref idref="fl-2"/>
      </object_component>
      <object_component id="oc-76">
         <name>.debug_info</name>
         <load_address>0x16dd</load_address>
         <run_address>0x16dd</run_address>
         <size>0x14b</size>
         <input_file_ref idref="fl-152"/>
      </object_component>
      <object_component id="oc-7d">
         <name>.debug_info</name>
         <load_address>0x1828</load_address>
         <run_address>0x1828</run_address>
         <size>0x1bf4</size>
         <input_file_ref idref="fl-3"/>
      </object_component>
      <object_component id="oc-82">
         <name>.debug_info</name>
         <load_address>0x341c</load_address>
         <run_address>0x341c</run_address>
         <size>0x11b</size>
         <input_file_ref idref="fl-14f"/>
      </object_component>
      <object_component id="oc-84">
         <name>.debug_info</name>
         <load_address>0x3537</load_address>
         <run_address>0x3537</run_address>
         <size>0xc8</size>
         <input_file_ref idref="fl-14d"/>
      </object_component>
      <object_component id="oc-87">
         <name>.debug_info</name>
         <load_address>0x35ff</load_address>
         <run_address>0x35ff</run_address>
         <size>0xeb</size>
         <input_file_ref idref="fl-137"/>
      </object_component>
      <object_component id="oc-8a">
         <name>.debug_info</name>
         <load_address>0x36ea</load_address>
         <run_address>0x36ea</run_address>
         <size>0x146</size>
         <input_file_ref idref="fl-137"/>
      </object_component>
      <object_component id="oc-8f">
         <name>.debug_info</name>
         <load_address>0x3830</load_address>
         <run_address>0x3830</run_address>
         <size>0x2c</size>
         <input_file_ref idref="fl-134"/>
      </object_component>
      <object_component id="oc-96">
         <name>.debug_info</name>
         <load_address>0x385c</load_address>
         <run_address>0x385c</run_address>
         <size>0x2c</size>
         <input_file_ref idref="fl-2"/>
      </object_component>
      <object_component id="oc-a0">
         <name>.debug_info</name>
         <load_address>0x3888</load_address>
         <run_address>0x3888</run_address>
         <size>0x8b</size>
         <input_file_ref idref="fl-2"/>
      </object_component>
      <object_component id="oc-a6">
         <name>.debug_info</name>
         <load_address>0x3913</load_address>
         <run_address>0x3913</run_address>
         <size>0x148</size>
         <input_file_ref idref="fl-152"/>
      </object_component>
      <object_component id="oc-a8">
         <name>.debug_info</name>
         <load_address>0x3a5b</load_address>
         <run_address>0x3a5b</run_address>
         <size>0x6db</size>
         <input_file_ref idref="fl-5"/>
      </object_component>
      <object_component id="oc-ae">
         <name>.debug_info</name>
         <load_address>0x4136</load_address>
         <run_address>0x4136</run_address>
         <size>0xe5</size>
         <input_file_ref idref="fl-3"/>
      </object_component>
      <object_component id="oc-b3">
         <name>.debug_info</name>
         <load_address>0x421b</load_address>
         <run_address>0x421b</run_address>
         <size>0xe1</size>
         <input_file_ref idref="fl-147"/>
      </object_component>
      <object_component id="oc-b7">
         <name>.debug_info</name>
         <load_address>0x42fc</load_address>
         <run_address>0x42fc</run_address>
         <size>0x537</size>
         <input_file_ref idref="fl-143"/>
      </object_component>
      <object_component id="oc-bd">
         <name>.debug_info</name>
         <load_address>0x4833</load_address>
         <run_address>0x4833</run_address>
         <size>0xed</size>
         <input_file_ref idref="fl-13a"/>
      </object_component>
      <object_component id="oc-c3">
         <name>.debug_info</name>
         <load_address>0x4920</load_address>
         <run_address>0x4920</run_address>
         <size>0xff</size>
         <input_file_ref idref="fl-138"/>
      </object_component>
      <object_component id="oc-c6">
         <name>.debug_info</name>
         <load_address>0x4a1f</load_address>
         <run_address>0x4a1f</run_address>
         <size>0xe1</size>
         <input_file_ref idref="fl-13b"/>
      </object_component>
      <object_component id="oc-cb">
         <name>.debug_info</name>
         <load_address>0x4b00</load_address>
         <run_address>0x4b00</run_address>
         <size>0xdf</size>
         <input_file_ref idref="fl-13f"/>
      </object_component>
      <object_component id="oc-d0">
         <name>.debug_info</name>
         <load_address>0x4bdf</load_address>
         <run_address>0x4bdf</run_address>
         <size>0xed</size>
         <input_file_ref idref="fl-139"/>
      </object_component>
      <object_component id="oc-d5">
         <name>.debug_info</name>
         <load_address>0x4ccc</load_address>
         <run_address>0x4ccc</run_address>
         <size>0xe8</size>
         <input_file_ref idref="fl-13c"/>
      </object_component>
      <object_component id="oc-da">
         <name>.debug_info</name>
         <load_address>0x4db4</load_address>
         <run_address>0x4db4</run_address>
         <size>0xe8</size>
         <input_file_ref idref="fl-13d"/>
      </object_component>
      <object_component id="oc-df">
         <name>.debug_info</name>
         <load_address>0x4e9c</load_address>
         <run_address>0x4e9c</run_address>
         <size>0xdf</size>
         <input_file_ref idref="fl-13e"/>
      </object_component>
      <object_component id="oc-e4">
         <name>.debug_info</name>
         <load_address>0x4f7b</load_address>
         <run_address>0x4f7b</run_address>
         <size>0xda</size>
         <input_file_ref idref="fl-141"/>
      </object_component>
      <object_component id="oc-ea">
         <name>.debug_info</name>
         <load_address>0x5055</load_address>
         <run_address>0x5055</run_address>
         <size>0xd5</size>
         <input_file_ref idref="fl-140"/>
      </object_component>
      <object_component id="oc-ee">
         <name>.debug_info</name>
         <load_address>0x512a</load_address>
         <run_address>0x512a</run_address>
         <size>0x9ec</size>
         <input_file_ref idref="fl-2"/>
      </object_component>
      <object_component id="oc-f6">
         <name>.debug_info</name>
         <load_address>0x5b16</load_address>
         <run_address>0x5b16</run_address>
         <size>0x2b5</size>
         <input_file_ref idref="fl-144"/>
      </object_component>
      <object_component id="oc-fa">
         <name>.debug_info</name>
         <load_address>0x5dcb</load_address>
         <run_address>0x5dcb</run_address>
         <size>0x38c</size>
         <input_file_ref idref="fl-3"/>
      </object_component>
      <object_component id="oc-fb">
         <name>.debug_info</name>
         <load_address>0x6157</load_address>
         <run_address>0x6157</run_address>
         <size>0xab</size>
         <input_file_ref idref="fl-3"/>
      </object_component>
      <object_component id="oc-102">
         <name>.debug_info</name>
         <load_address>0x6202</load_address>
         <run_address>0x6202</run_address>
         <size>0x5e</size>
         <input_file_ref idref="fl-14f"/>
      </object_component>
      <object_component id="oc-109">
         <name>.debug_info</name>
         <load_address>0x6260</load_address>
         <run_address>0x6260</run_address>
         <size>0x1d4</size>
         <input_file_ref idref="fl-14d"/>
      </object_component>
      <object_component id="oc-10f">
         <name>.debug_info</name>
         <load_address>0x6434</load_address>
         <run_address>0x6434</run_address>
         <size>0xd9</size>
         <input_file_ref idref="fl-14d"/>
      </object_component>
      <object_component id="oc-117">
         <name>.debug_info</name>
         <load_address>0x650d</load_address>
         <run_address>0x650d</run_address>
         <size>0xcd</size>
         <input_file_ref idref="fl-152"/>
      </object_component>
      <object_component id="oc-11d">
         <name>.debug_info</name>
         <load_address>0x65da</load_address>
         <run_address>0x65da</run_address>
         <size>0x137</size>
         <input_file_ref idref="fl-146"/>
      </object_component>
      <object_component id="oc-122">
         <name>.debug_info</name>
         <load_address>0x6711</load_address>
         <run_address>0x6711</run_address>
         <size>0xef</size>
         <input_file_ref idref="fl-5"/>
      </object_component>
      <object_component id="oc-125">
         <name>.debug_info</name>
         <load_address>0x6800</load_address>
         <run_address>0x6800</run_address>
         <size>0x145</size>
         <input_file_ref idref="fl-5"/>
      </object_component>
      <object_component id="oc-128">
         <name>.debug_info</name>
         <load_address>0x6945</load_address>
         <run_address>0x6945</run_address>
         <size>0x10d</size>
         <input_file_ref idref="fl-5"/>
      </object_component>
      <object_component id="oc-129">
         <name>.debug_info</name>
         <load_address>0x6a52</load_address>
         <run_address>0x6a52</run_address>
         <size>0x4e</size>
         <input_file_ref idref="fl-2"/>
      </object_component>
      <object_component id="oc-135">
         <name>.debug_info</name>
         <load_address>0x6aa0</load_address>
         <run_address>0x6aa0</run_address>
         <size>0x147</size>
         <input_file_ref idref="fl-149"/>
      </object_component>
      <object_component id="oc-13b">
         <name>.debug_info</name>
         <load_address>0x6be7</load_address>
         <run_address>0x6be7</run_address>
         <size>0x176</size>
         <input_file_ref idref="fl-148"/>
      </object_component>
      <object_component id="oc-140">
         <name>.debug_info</name>
         <load_address>0x6d5d</load_address>
         <run_address>0x6d5d</run_address>
         <size>0xdb</size>
         <input_file_ref idref="fl-155"/>
      </object_component>
      <object_component id="oc-143">
         <name>.debug_info</name>
         <load_address>0x6e38</load_address>
         <run_address>0x6e38</run_address>
         <size>0x127</size>
         <input_file_ref idref="fl-14b"/>
      </object_component>
      <object_component id="oc-149">
         <name>.debug_info</name>
         <load_address>0x6f5f</load_address>
         <run_address>0x6f5f</run_address>
         <size>0xff</size>
         <input_file_ref idref="fl-157"/>
      </object_component>
      <object_component id="oc-150">
         <name>.debug_info</name>
         <load_address>0x705e</load_address>
         <run_address>0x705e</run_address>
         <size>0x39a</size>
         <input_file_ref idref="fl-14a"/>
      </object_component>
      <object_component id="oc-155">
         <name>.debug_info</name>
         <load_address>0x73f8</load_address>
         <run_address>0x73f8</run_address>
         <size>0x189</size>
         <input_file_ref idref="fl-14c"/>
      </object_component>
      <object_component id="oc-158">
         <name>.debug_info</name>
         <load_address>0x7581</load_address>
         <run_address>0x7581</run_address>
         <size>0x1a7</size>
         <input_file_ref idref="fl-143"/>
      </object_component>
      <object_component id="oc-164">
         <name>.debug_info</name>
         <load_address>0x7728</load_address>
         <run_address>0x7728</run_address>
         <size>0x12e</size>
         <input_file_ref idref="fl-2"/>
      </object_component>
      <object_component id="oc-167">
         <name>.debug_info</name>
         <load_address>0x7856</load_address>
         <run_address>0x7856</run_address>
         <size>0xfc</size>
         <input_file_ref idref="fl-2"/>
      </object_component>
      <object_component id="oc-16b">
         <name>.debug_info</name>
         <load_address>0x7952</load_address>
         <run_address>0x7952</run_address>
         <size>0x12c3</size>
         <input_file_ref idref="fl-14e"/>
      </object_component>
      <object_component id="oc-171">
         <name>.debug_info</name>
         <load_address>0x8c15</load_address>
         <run_address>0x8c15</run_address>
         <size>0x170</size>
         <input_file_ref idref="fl-144"/>
      </object_component>
      <object_component id="oc-180">
         <name>.debug_info</name>
         <load_address>0x8d85</load_address>
         <run_address>0x8d85</run_address>
         <size>0x121</size>
         <input_file_ref idref="fl-160"/>
      </object_component>
      <object_component id="oc-186">
         <name>.debug_info</name>
         <load_address>0x8ea6</load_address>
         <run_address>0x8ea6</run_address>
         <size>0xcf</size>
         <input_file_ref idref="fl-149"/>
      </object_component>
      <object_component id="oc-189">
         <name>.debug_info</name>
         <load_address>0x8f75</load_address>
         <run_address>0x8f75</run_address>
         <size>0x10f</size>
         <input_file_ref idref="fl-148"/>
      </object_component>
      <object_component id="oc-18f">
         <name>.debug_info</name>
         <load_address>0x9084</load_address>
         <run_address>0x9084</run_address>
         <size>0x143</size>
         <input_file_ref idref="fl-156"/>
      </object_component>
      <object_component id="oc-193">
         <name>.debug_info</name>
         <load_address>0x91c7</load_address>
         <run_address>0x91c7</run_address>
         <size>0xaa</size>
         <input_file_ref idref="fl-154"/>
      </object_component>
      <object_component id="oc-198">
         <name>.debug_info</name>
         <load_address>0x9271</load_address>
         <run_address>0x9271</run_address>
         <size>0x4a5</size>
         <input_file_ref idref="fl-163"/>
      </object_component>
      <object_component id="oc-19d">
         <name>.debug_info</name>
         <load_address>0x9716</load_address>
         <run_address>0x9716</run_address>
         <size>0xb4</size>
         <input_file_ref idref="fl-157"/>
      </object_component>
      <object_component id="oc-1a2">
         <name>.debug_info</name>
         <load_address>0x97ca</load_address>
         <run_address>0x97ca</run_address>
         <size>0x172</size>
         <input_file_ref idref="fl-161"/>
      </object_component>
      <object_component id="oc-1a5">
         <name>.debug_info</name>
         <load_address>0x993c</load_address>
         <run_address>0x993c</run_address>
         <size>0x111</size>
         <input_file_ref idref="fl-14a"/>
      </object_component>
      <object_component id="oc-1a8">
         <name>.debug_info</name>
         <load_address>0x9a4d</load_address>
         <run_address>0x9a4d</run_address>
         <size>0x147</size>
         <input_file_ref idref="fl-14a"/>
      </object_component>
      <object_component id="oc-1ac">
         <name>.debug_info</name>
         <load_address>0x9b94</load_address>
         <run_address>0x9b94</run_address>
         <size>0x86</size>
         <input_file_ref idref="fl-3"/>
      </object_component>
      <object_component id="oc-1b8">
         <name>.debug_info</name>
         <load_address>0x9c1a</load_address>
         <run_address>0x9c1a</run_address>
         <size>0x13a</size>
         <input_file_ref idref="fl-15e"/>
      </object_component>
      <object_component id="oc-1bd">
         <name>.debug_info</name>
         <load_address>0x9d54</load_address>
         <run_address>0x9d54</run_address>
         <size>0x153</size>
         <input_file_ref idref="fl-15d"/>
      </object_component>
      <object_component id="oc-1c3">
         <name>.debug_info</name>
         <load_address>0x9ea7</load_address>
         <run_address>0x9ea7</run_address>
         <size>0xdd</size>
         <input_file_ref idref="fl-155"/>
      </object_component>
      <object_component id="oc-1c8">
         <name>.debug_info</name>
         <load_address>0x9f84</load_address>
         <run_address>0x9f84</run_address>
         <size>0x177</size>
         <input_file_ref idref="fl-158"/>
      </object_component>
      <object_component id="oc-1ce">
         <name>.debug_info</name>
         <load_address>0xa0fb</load_address>
         <run_address>0xa0fb</run_address>
         <size>0xfc</size>
         <input_file_ref idref="fl-15a"/>
      </object_component>
      <object_component id="oc-1d6">
         <name>.debug_info</name>
         <load_address>0xa1f7</load_address>
         <run_address>0xa1f7</run_address>
         <size>0x111</size>
         <input_file_ref idref="fl-15f"/>
      </object_component>
      <object_component id="oc-1d9">
         <name>.debug_info</name>
         <load_address>0xa308</load_address>
         <run_address>0xa308</run_address>
         <size>0x160</size>
         <input_file_ref idref="fl-159"/>
      </object_component>
      <object_component id="oc-1df">
         <name>.debug_info</name>
         <load_address>0xa468</load_address>
         <run_address>0xa468</run_address>
         <size>0x126</size>
         <input_file_ref idref="fl-150"/>
      </object_component>
      <object_component id="oc-1e5">
         <name>.debug_info</name>
         <load_address>0xa58e</load_address>
         <run_address>0xa58e</run_address>
         <size>0x26b</size>
         <input_file_ref idref="fl-14e"/>
      </object_component>
      <object_component id="oc-1e6">
         <name>.debug_info</name>
         <load_address>0xa7f9</load_address>
         <run_address>0xa7f9</run_address>
         <size>0x86</size>
         <input_file_ref idref="fl-14e"/>
      </object_component>
      <object_component id="oc-1eb">
         <name>.debug_info</name>
         <load_address>0xa87f</load_address>
         <run_address>0xa87f</run_address>
         <size>0x39</size>
         <input_file_ref idref="fl-14e"/>
      </object_component>
      <object_component id="oc-1f2">
         <name>.debug_info</name>
         <load_address>0xa8b8</load_address>
         <run_address>0xa8b8</run_address>
         <size>0x2c</size>
         <input_file_ref idref="fl-144"/>
      </object_component>
      <object_component id="oc-1f8">
         <name>.debug_info</name>
         <load_address>0xa8e4</load_address>
         <run_address>0xa8e4</run_address>
         <size>0x9a</size>
         <input_file_ref idref="fl-160"/>
      </object_component>
      <object_component id="oc-1ff">
         <name>.debug_info</name>
         <load_address>0xa97e</load_address>
         <run_address>0xa97e</run_address>
         <size>0x128</size>
         <input_file_ref idref="fl-15b"/>
      </object_component>
      <object_component id="oc-204">
         <name>.debug_info</name>
         <load_address>0xaaa6</load_address>
         <run_address>0xaaa6</run_address>
         <size>0xe2</size>
         <input_file_ref idref="fl-156"/>
      </object_component>
      <object_component id="oc-20a">
         <name>.debug_info</name>
         <load_address>0xab88</load_address>
         <run_address>0xab88</run_address>
         <size>0x179</size>
         <input_file_ref idref="fl-164"/>
      </object_component>
      <object_component id="oc-20d">
         <name>.debug_info</name>
         <load_address>0xad01</load_address>
         <run_address>0xad01</run_address>
         <size>0x9f</size>
         <input_file_ref idref="fl-163"/>
      </object_component>
      <object_component id="oc-210">
         <name>.debug_info</name>
         <load_address>0xada0</load_address>
         <run_address>0xada0</run_address>
         <size>0x138</size>
         <input_file_ref idref="fl-163"/>
      </object_component>
      <object_component id="oc-214">
         <name>.debug_info</name>
         <load_address>0xaed8</load_address>
         <run_address>0xaed8</run_address>
         <size>0xe5</size>
         <input_file_ref idref="fl-161"/>
      </object_component>
      <object_component id="oc-21b">
         <name>.debug_info</name>
         <load_address>0xafbd</load_address>
         <run_address>0xafbd</run_address>
         <size>0x9f</size>
         <input_file_ref idref="fl-15d"/>
      </object_component>
      <object_component id="oc-21e">
         <name>.debug_info</name>
         <load_address>0xb05c</load_address>
         <run_address>0xb05c</run_address>
         <size>0x101</size>
         <input_file_ref idref="fl-158"/>
      </object_component>
      <object_component id="oc-224">
         <name>.debug_info</name>
         <load_address>0xb15d</load_address>
         <run_address>0xb15d</run_address>
         <size>0x10f</size>
         <input_file_ref idref="fl-162"/>
      </object_component>
      <object_component id="oc-228">
         <name>.debug_info</name>
         <load_address>0xb26c</load_address>
         <run_address>0xb26c</run_address>
         <size>0xa6</size>
         <input_file_ref idref="fl-159"/>
      </object_component>
      <object_component id="oc-22a">
         <name>.debug_info</name>
         <load_address>0xb312</load_address>
         <run_address>0xb312</run_address>
         <size>0xaf</size>
         <input_file_ref idref="fl-153"/>
      </object_component>
      <object_component id="oc-22d">
         <name>.debug_info</name>
         <load_address>0xb3c1</load_address>
         <run_address>0xb3c1</run_address>
         <size>0xc5</size>
         <input_file_ref idref="fl-150"/>
      </object_component>
      <object_component id="oc-230">
         <name>.debug_info</name>
         <load_address>0xb486</load_address>
         <run_address>0xb486</run_address>
         <size>0x46</size>
         <input_file_ref idref="fl-14e"/>
      </object_component>
      <object_component id="oc-239">
         <name>.debug_info</name>
         <load_address>0xb4cc</load_address>
         <run_address>0xb4cc</run_address>
         <size>0x13e</size>
         <input_file_ref idref="fl-15c"/>
      </object_component>
      <object_component id="oc-23e">
         <name>.debug_info</name>
         <load_address>0xb60a</load_address>
         <run_address>0xb60a</run_address>
         <size>0xd1</size>
         <input_file_ref idref="fl-15b"/>
      </object_component>
      <object_component id="oc-241">
         <name>.debug_info</name>
         <load_address>0xb6db</load_address>
         <run_address>0xb6db</run_address>
         <size>0x6f</size>
         <input_file_ref idref="fl-156"/>
      </object_component>
      <object_component id="oc-246">
         <name>.debug_info</name>
         <load_address>0xb74a</load_address>
         <run_address>0xb74a</run_address>
         <size>0x112</size>
         <input_file_ref idref="fl-156"/>
      </object_component>
      <object_component id="oc-255">
         <name>.debug_info</name>
         <load_address>0xb85c</load_address>
         <run_address>0xb85c</run_address>
         <size>0x9a</size>
         <input_file_ref idref="fl-162"/>
      </object_component>
      <object_component id="oc-25a">
         <name>.debug_info</name>
         <load_address>0xb8f6</load_address>
         <run_address>0xb8f6</run_address>
         <size>0xa3</size>
         <input_file_ref idref="fl-153"/>
      </object_component>
      <object_component id="oc-25e">
         <name>.debug_info</name>
         <load_address>0xb999</load_address>
         <run_address>0xb999</run_address>
         <size>0xaf</size>
         <input_file_ref idref="fl-15c"/>
      </object_component>
      <object_component id="oc-261">
         <name>.debug_info</name>
         <load_address>0xba48</load_address>
         <run_address>0xba48</run_address>
         <size>0xf1</size>
         <input_file_ref idref="fl-15c"/>
      </object_component>
      <object_component id="oc-264">
         <name>.debug_info</name>
         <load_address>0xbb39</load_address>
         <run_address>0xbb39</run_address>
         <size>0x2c</size>
         <input_file_ref idref="fl-15b"/>
      </object_component>
      <object_component id="oc-294">
         <name>.debug_info</name>
         <load_address>0xbb65</load_address>
         <run_address>0xbb65</run_address>
         <size>0xbd</size>
      </object_component>
      <object_component id="oc-10">
         <name>.debug_pubnames</name>
         <load_address>0x0</load_address>
         <run_address>0x0</run_address>
         <size>0x23</size>
         <input_file_ref idref="fl-4"/>
      </object_component>
      <object_component id="oc-15">
         <name>.debug_pubnames</name>
         <load_address>0x23</load_address>
         <run_address>0x23</run_address>
         <size>0x1f</size>
         <input_file_ref idref="fl-133"/>
      </object_component>
      <object_component id="oc-19">
         <name>.debug_pubnames</name>
         <load_address>0x42</load_address>
         <run_address>0x42</run_address>
         <size>0x2b</size>
         <input_file_ref idref="fl-134"/>
      </object_component>
      <object_component id="oc-21">
         <name>.debug_pubnames</name>
         <load_address>0x6d</load_address>
         <run_address>0x6d</run_address>
         <size>0x25</size>
         <input_file_ref idref="fl-136"/>
      </object_component>
      <object_component id="oc-27">
         <name>.debug_pubnames</name>
         <load_address>0x92</load_address>
         <run_address>0x92</run_address>
         <size>0x2c</size>
         <input_file_ref idref="fl-135"/>
      </object_component>
      <object_component id="oc-2e">
         <name>.debug_pubnames</name>
         <load_address>0xbe</load_address>
         <run_address>0xbe</run_address>
         <size>0x4c</size>
         <input_file_ref idref="fl-4"/>
      </object_component>
      <object_component id="oc-36">
         <name>.debug_pubnames</name>
         <load_address>0x10a</load_address>
         <run_address>0x10a</run_address>
         <size>0x37</size>
         <input_file_ref idref="fl-151"/>
      </object_component>
      <object_component id="oc-3a">
         <name>.debug_pubnames</name>
         <load_address>0x141</load_address>
         <run_address>0x141</run_address>
         <size>0x21</size>
         <input_file_ref idref="fl-14f"/>
      </object_component>
      <object_component id="oc-40">
         <name>.debug_pubnames</name>
         <load_address>0x162</load_address>
         <run_address>0x162</run_address>
         <size>0x35</size>
         <input_file_ref idref="fl-137"/>
      </object_component>
      <object_component id="oc-45">
         <name>.debug_pubnames</name>
         <load_address>0x197</load_address>
         <run_address>0x197</run_address>
         <size>0x23</size>
         <input_file_ref idref="fl-145"/>
      </object_component>
      <object_component id="oc-4a">
         <name>.debug_pubnames</name>
         <load_address>0x1ba</load_address>
         <run_address>0x1ba</run_address>
         <size>0x1d</size>
         <input_file_ref idref="fl-142"/>
      </object_component>
      <object_component id="oc-5f">
         <name>.debug_pubnames</name>
         <load_address>0x1d7</load_address>
         <run_address>0x1d7</run_address>
         <size>0x2f</size>
         <input_file_ref idref="fl-135"/>
      </object_component>
      <object_component id="oc-78">
         <name>.debug_pubnames</name>
         <load_address>0x206</load_address>
         <run_address>0x206</run_address>
         <size>0x1e</size>
         <input_file_ref idref="fl-152"/>
      </object_component>
      <object_component id="oc-7f">
         <name>.debug_pubnames</name>
         <load_address>0x224</load_address>
         <run_address>0x224</run_address>
         <size>0x143</size>
         <input_file_ref idref="fl-3"/>
      </object_component>
      <object_component id="oc-85">
         <name>.debug_pubnames</name>
         <load_address>0x367</load_address>
         <run_address>0x367</run_address>
         <size>0x28</size>
         <input_file_ref idref="fl-14d"/>
      </object_component>
      <object_component id="oc-88">
         <name>.debug_pubnames</name>
         <load_address>0x38f</load_address>
         <run_address>0x38f</run_address>
         <size>0x3a</size>
         <input_file_ref idref="fl-137"/>
      </object_component>
      <object_component id="oc-a9">
         <name>.debug_pubnames</name>
         <load_address>0x3c9</load_address>
         <run_address>0x3c9</run_address>
         <size>0x6d</size>
         <input_file_ref idref="fl-5"/>
      </object_component>
      <object_component id="oc-af">
         <name>.debug_pubnames</name>
         <load_address>0x436</load_address>
         <run_address>0x436</run_address>
         <size>0x1e</size>
         <input_file_ref idref="fl-3"/>
      </object_component>
      <object_component id="oc-b4">
         <name>.debug_pubnames</name>
         <load_address>0x454</load_address>
         <run_address>0x454</run_address>
         <size>0x23</size>
         <input_file_ref idref="fl-147"/>
      </object_component>
      <object_component id="oc-b8">
         <name>.debug_pubnames</name>
         <load_address>0x477</load_address>
         <run_address>0x477</run_address>
         <size>0x1a</size>
         <input_file_ref idref="fl-143"/>
      </object_component>
      <object_component id="oc-be">
         <name>.debug_pubnames</name>
         <load_address>0x491</load_address>
         <run_address>0x491</run_address>
         <size>0x23</size>
         <input_file_ref idref="fl-13a"/>
      </object_component>
      <object_component id="oc-c4">
         <name>.debug_pubnames</name>
         <load_address>0x4b4</load_address>
         <run_address>0x4b4</run_address>
         <size>0x23</size>
         <input_file_ref idref="fl-138"/>
      </object_component>
      <object_component id="oc-c8">
         <name>.debug_pubnames</name>
         <load_address>0x4d7</load_address>
         <run_address>0x4d7</run_address>
         <size>0x23</size>
         <input_file_ref idref="fl-13b"/>
      </object_component>
      <object_component id="oc-cd">
         <name>.debug_pubnames</name>
         <load_address>0x4fa</load_address>
         <run_address>0x4fa</run_address>
         <size>0x22</size>
         <input_file_ref idref="fl-13f"/>
      </object_component>
      <object_component id="oc-d1">
         <name>.debug_pubnames</name>
         <load_address>0x51c</load_address>
         <run_address>0x51c</run_address>
         <size>0x23</size>
         <input_file_ref idref="fl-139"/>
      </object_component>
      <object_component id="oc-d6">
         <name>.debug_pubnames</name>
         <load_address>0x53f</load_address>
         <run_address>0x53f</run_address>
         <size>0x23</size>
         <input_file_ref idref="fl-13c"/>
      </object_component>
      <object_component id="oc-db">
         <name>.debug_pubnames</name>
         <load_address>0x562</load_address>
         <run_address>0x562</run_address>
         <size>0x22</size>
         <input_file_ref idref="fl-13d"/>
      </object_component>
      <object_component id="oc-e1">
         <name>.debug_pubnames</name>
         <load_address>0x584</load_address>
         <run_address>0x584</run_address>
         <size>0x22</size>
         <input_file_ref idref="fl-13e"/>
      </object_component>
      <object_component id="oc-e5">
         <name>.debug_pubnames</name>
         <load_address>0x5a6</load_address>
         <run_address>0x5a6</run_address>
         <size>0x22</size>
         <input_file_ref idref="fl-141"/>
      </object_component>
      <object_component id="oc-eb">
         <name>.debug_pubnames</name>
         <load_address>0x5c8</load_address>
         <run_address>0x5c8</run_address>
         <size>0x23</size>
         <input_file_ref idref="fl-140"/>
      </object_component>
      <object_component id="oc-f0">
         <name>.debug_pubnames</name>
         <load_address>0x5eb</load_address>
         <run_address>0x5eb</run_address>
         <size>0x13e</size>
         <input_file_ref idref="fl-2"/>
      </object_component>
      <object_component id="oc-f7">
         <name>.debug_pubnames</name>
         <load_address>0x729</load_address>
         <run_address>0x729</run_address>
         <size>0x32</size>
         <input_file_ref idref="fl-144"/>
      </object_component>
      <object_component id="oc-10b">
         <name>.debug_pubnames</name>
         <load_address>0x75b</load_address>
         <run_address>0x75b</run_address>
         <size>0x43</size>
         <input_file_ref idref="fl-14d"/>
      </object_component>
      <object_component id="oc-11f">
         <name>.debug_pubnames</name>
         <load_address>0x79e</load_address>
         <run_address>0x79e</run_address>
         <size>0x39</size>
         <input_file_ref idref="fl-146"/>
      </object_component>
      <object_component id="oc-123">
         <name>.debug_pubnames</name>
         <load_address>0x7d7</load_address>
         <run_address>0x7d7</run_address>
         <size>0x21</size>
         <input_file_ref idref="fl-5"/>
      </object_component>
      <object_component id="oc-126">
         <name>.debug_pubnames</name>
         <load_address>0x7f8</load_address>
         <run_address>0x7f8</run_address>
         <size>0x46</size>
         <input_file_ref idref="fl-5"/>
      </object_component>
      <object_component id="oc-136">
         <name>.debug_pubnames</name>
         <load_address>0x83e</load_address>
         <run_address>0x83e</run_address>
         <size>0x20</size>
         <input_file_ref idref="fl-149"/>
      </object_component>
      <object_component id="oc-13c">
         <name>.debug_pubnames</name>
         <load_address>0x85e</load_address>
         <run_address>0x85e</run_address>
         <size>0x1c</size>
         <input_file_ref idref="fl-148"/>
      </object_component>
      <object_component id="oc-141">
         <name>.debug_pubnames</name>
         <load_address>0x87a</load_address>
         <run_address>0x87a</run_address>
         <size>0x26</size>
         <input_file_ref idref="fl-155"/>
      </object_component>
      <object_component id="oc-145">
         <name>.debug_pubnames</name>
         <load_address>0x8a0</load_address>
         <run_address>0x8a0</run_address>
         <size>0x1f</size>
         <input_file_ref idref="fl-14b"/>
      </object_component>
      <object_component id="oc-14b">
         <name>.debug_pubnames</name>
         <load_address>0x8bf</load_address>
         <run_address>0x8bf</run_address>
         <size>0x1a</size>
         <input_file_ref idref="fl-157"/>
      </object_component>
      <object_component id="oc-151">
         <name>.debug_pubnames</name>
         <load_address>0x8d9</load_address>
         <run_address>0x8d9</run_address>
         <size>0x1b</size>
         <input_file_ref idref="fl-14a"/>
      </object_component>
      <object_component id="oc-156">
         <name>.debug_pubnames</name>
         <load_address>0x8f4</load_address>
         <run_address>0x8f4</run_address>
         <size>0x6f</size>
         <input_file_ref idref="fl-14c"/>
      </object_component>
      <object_component id="oc-165">
         <name>.debug_pubnames</name>
         <load_address>0x963</load_address>
         <run_address>0x963</run_address>
         <size>0x26</size>
         <input_file_ref idref="fl-2"/>
      </object_component>
      <object_component id="oc-168">
         <name>.debug_pubnames</name>
         <load_address>0x989</load_address>
         <run_address>0x989</run_address>
         <size>0x27</size>
         <input_file_ref idref="fl-2"/>
      </object_component>
      <object_component id="oc-16d">
         <name>.debug_pubnames</name>
         <load_address>0x9b0</load_address>
         <run_address>0x9b0</run_address>
         <size>0x89</size>
         <input_file_ref idref="fl-14e"/>
      </object_component>
      <object_component id="oc-182">
         <name>.debug_pubnames</name>
         <load_address>0xa39</load_address>
         <run_address>0xa39</run_address>
         <size>0x1d</size>
         <input_file_ref idref="fl-160"/>
      </object_component>
      <object_component id="oc-190">
         <name>.debug_pubnames</name>
         <load_address>0xa56</load_address>
         <run_address>0xa56</run_address>
         <size>0x24</size>
         <input_file_ref idref="fl-156"/>
      </object_component>
      <object_component id="oc-194">
         <name>.debug_pubnames</name>
         <load_address>0xa7a</load_address>
         <run_address>0xa7a</run_address>
         <size>0x1d</size>
         <input_file_ref idref="fl-154"/>
      </object_component>
      <object_component id="oc-19a">
         <name>.debug_pubnames</name>
         <load_address>0xa97</load_address>
         <run_address>0xa97</run_address>
         <size>0x1b</size>
         <input_file_ref idref="fl-163"/>
      </object_component>
      <object_component id="oc-1a3">
         <name>.debug_pubnames</name>
         <load_address>0xab2</load_address>
         <run_address>0xab2</run_address>
         <size>0x1e</size>
         <input_file_ref idref="fl-161"/>
      </object_component>
      <object_component id="oc-1a6">
         <name>.debug_pubnames</name>
         <load_address>0xad0</load_address>
         <run_address>0xad0</run_address>
         <size>0x42</size>
         <input_file_ref idref="fl-14a"/>
      </object_component>
      <object_component id="oc-1b9">
         <name>.debug_pubnames</name>
         <load_address>0xb12</load_address>
         <run_address>0xb12</run_address>
         <size>0x39</size>
         <input_file_ref idref="fl-15e"/>
      </object_component>
      <object_component id="oc-1be">
         <name>.debug_pubnames</name>
         <load_address>0xb4b</load_address>
         <run_address>0xb4b</run_address>
         <size>0x1d</size>
         <input_file_ref idref="fl-15d"/>
      </object_component>
      <object_component id="oc-1c5">
         <name>.debug_pubnames</name>
         <load_address>0xb68</load_address>
         <run_address>0xb68</run_address>
         <size>0x27</size>
         <input_file_ref idref="fl-155"/>
      </object_component>
      <object_component id="oc-1ca">
         <name>.debug_pubnames</name>
         <load_address>0xb8f</load_address>
         <run_address>0xb8f</run_address>
         <size>0x1b</size>
         <input_file_ref idref="fl-158"/>
      </object_component>
      <object_component id="oc-1d0">
         <name>.debug_pubnames</name>
         <load_address>0xbaa</load_address>
         <run_address>0xbaa</run_address>
         <size>0x37</size>
         <input_file_ref idref="fl-15a"/>
      </object_component>
      <object_component id="oc-1d7">
         <name>.debug_pubnames</name>
         <load_address>0xbe1</load_address>
         <run_address>0xbe1</run_address>
         <size>0x1e</size>
         <input_file_ref idref="fl-15f"/>
      </object_component>
      <object_component id="oc-1db">
         <name>.debug_pubnames</name>
         <load_address>0xbff</load_address>
         <run_address>0xbff</run_address>
         <size>0x1e</size>
         <input_file_ref idref="fl-159"/>
      </object_component>
      <object_component id="oc-1e0">
         <name>.debug_pubnames</name>
         <load_address>0xc1d</load_address>
         <run_address>0xc1d</run_address>
         <size>0x1b</size>
         <input_file_ref idref="fl-150"/>
      </object_component>
      <object_component id="oc-200">
         <name>.debug_pubnames</name>
         <load_address>0xc38</load_address>
         <run_address>0xc38</run_address>
         <size>0x1c</size>
         <input_file_ref idref="fl-15b"/>
      </object_component>
      <object_component id="oc-205">
         <name>.debug_pubnames</name>
         <load_address>0xc54</load_address>
         <run_address>0xc54</run_address>
         <size>0x31</size>
         <input_file_ref idref="fl-156"/>
      </object_component>
      <object_component id="oc-20b">
         <name>.debug_pubnames</name>
         <load_address>0xc85</load_address>
         <run_address>0xc85</run_address>
         <size>0x6a</size>
         <input_file_ref idref="fl-164"/>
      </object_component>
      <object_component id="oc-20e">
         <name>.debug_pubnames</name>
         <load_address>0xcef</load_address>
         <run_address>0xcef</run_address>
         <size>0x18</size>
         <input_file_ref idref="fl-163"/>
      </object_component>
      <object_component id="oc-225">
         <name>.debug_pubnames</name>
         <load_address>0xd07</load_address>
         <run_address>0xd07</run_address>
         <size>0x1d</size>
         <input_file_ref idref="fl-162"/>
      </object_component>
      <object_component id="oc-22b">
         <name>.debug_pubnames</name>
         <load_address>0xd24</load_address>
         <run_address>0xd24</run_address>
         <size>0x1f</size>
         <input_file_ref idref="fl-153"/>
      </object_component>
      <object_component id="oc-23a">
         <name>.debug_pubnames</name>
         <load_address>0xd43</load_address>
         <run_address>0xd43</run_address>
         <size>0x1d</size>
         <input_file_ref idref="fl-15c"/>
      </object_component>
      <object_component id="oc-25f">
         <name>.debug_pubnames</name>
         <load_address>0xd60</load_address>
         <run_address>0xd60</run_address>
         <size>0x1f</size>
         <input_file_ref idref="fl-15c"/>
      </object_component>
      <object_component id="oc-12">
         <name>.debug_aranges</name>
         <load_address>0x0</load_address>
         <run_address>0x0</run_address>
         <size>0x20</size>
         <input_file_ref idref="fl-133"/>
      </object_component>
      <object_component id="oc-18">
         <name>.debug_aranges</name>
         <load_address>0x20</load_address>
         <run_address>0x20</run_address>
         <size>0x20</size>
         <input_file_ref idref="fl-134"/>
      </object_component>
      <object_component id="oc-1e">
         <name>.debug_aranges</name>
         <load_address>0x40</load_address>
         <run_address>0x40</run_address>
         <size>0x20</size>
         <input_file_ref idref="fl-136"/>
      </object_component>
      <object_component id="oc-23">
         <name>.debug_aranges</name>
         <load_address>0x60</load_address>
         <run_address>0x60</run_address>
         <size>0x20</size>
[...]
      </symbol>
      <symbol id="sm-76">
         <name>unpack_c1</name>
         <value>0x30f3</value>
         <object_component_ref idref="oc-ed"/>
      </symbol>
      <symbol id="sm-77">
         <name>unpack_c0</name>
         <value>0x30f9</value>
         <object_component_ref idref="oc-ed"/>
      </symbol>
      <symbol id="sm-78">
         <name>unpack_c3</name>
         <value>0x30e9</value>
         <object_component_ref idref="oc-ed"/>
      </symbol>
      <symbol id="sm-79">
         <name>unpack_c2</name>
         <value>0x30ed</value>
         <object_component_ref idref="oc-ed"/>
      </symbol>
      <symbol id="sm-7a">
         <name>flashstoreNewLogFile</name>
         <value>0x31d1</value>
         <object_component_ref idref="oc-ed"/>
      </symbol>
      <symbol id="sm-7b">
         <name>flashstoreUsed</name>
         <value>0x31bb</value>
         <object_component_ref idref="oc-ed"/>
      </symbol>
      <symbol id="sm-14d">
         <name>altProm</name>
         <value>0x707</value>
         <object_component_ref idref="oc-7b"/>
      </symbol>
      <symbol id="sm-14e">
         <name>I2CBurstWrite</name>
         <value>0x1059</value>
         <object_component_ref idref="oc-7b"/>
      </symbol>
      <symbol id="sm-14f">
         <name>I2CWrite</name>
         <value>0x527</value>
         <object_component_ref idref="oc-7b"/>
      </symbol>
      <symbol id="sm-150">
         <name>LEDInit</name>
         <value>0x26d</value>
         <object_component_ref idref="oc-7b"/>
      </symbol>
      <symbol id="sm-151">
         <name>I2CRead</name>
         <value>0x627</value>
         <object_component_ref idref="oc-7b"/>
      </symbol>
      <symbol id="sm-152">
         <name>FPUInit</name>
         <value>0x3f7</value>
         <object_component_ref idref="oc-7b"/>
      </symbol>
      <symbol id="sm-153">
         <name>accelReceive</name>
         <value>0x7bd</value>
         <object_component_ref idref="oc-7b"/>
      </symbol>
      <symbol id="sm-154">
         <name>I2CBurstRead</name>
         <value>0x67b</value>
         <object_component_ref idref="oc-7b"/>
      </symbol>
      <symbol id="sm-155">
         <name>altReset</name>
         <value>0x57d</value>
         <object_component_ref idref="oc-7b"/>
      </symbol>
      <symbol id="sm-156">
         <name>beep</name>
         <value>0x305</value>
         <object_component_ref idref="oc-7b"/>
      </symbol>
      <symbol id="sm-157">
         <name>LEDOff</name>
         <value>0x2a5</value>
         <object_component_ref idref="oc-7b"/>
      </symbol>
      <symbol id="sm-158">
         <name>altInit</name>
         <value>0x5ad</value>
         <object_component_ref idref="oc-7b"/>
      </symbol>
      <symbol id="sm-159">
         <name>main</name>
         <value>0xed9</value>
         <object_component_ref idref="oc-7b"/>
      </symbol>
      <symbol id="sm-15a">
         <name>LEDOn</name>
         <value>0x2b9</value>
         <object_component_ref idref="oc-7b"/>
      </symbol>
      <symbol id="sm-15b">
         <name>delay</name>
         <value>0x2cb</value>
         <object_component_ref idref="oc-7b"/>
      </symbol>
      <symbol id="sm-15c">
         <name>consoleInit</name>
         <value>0x40b</value>
         <object_component_ref idref="oc-7b"/>
      </symbol>
      <symbol id="sm-15d">
         <name>LEDBlink</name>
         <value>0x2ed</value>
         <object_component_ref idref="oc-7b"/>
      </symbol>
      <symbol id="sm-15e">
         <name>gpsReceive</name>
         <value>0x809</value>
         <object_component_ref idref="oc-7b"/>
      </symbol>
      <symbol id="sm-15f">
         <name>altCRC4</name>
         <value>0x75d</value>
         <object_component_ref idref="oc-7b"/>
      </symbol>
      <symbol id="sm-160">
         <name>altADCConversion</name>
         <value>0x8f1</value>
         <object_component_ref idref="oc-7b"/>
      </symbol>
      <symbol id="sm-161">
         <name>gpsInit</name>
         <value>0x45d</value>
         <object_component_ref idref="oc-7b"/>
      </symbol>
      <symbol id="sm-162">
         <name>accelInit</name>
         <value>0x4ab</value>
         <object_component_ref idref="oc-7b"/>
      </symbol>
      <symbol id="sm-163">
         <name>altReceive</name>
         <value>0xa11</value>
         <object_component_ref idref="oc-7b"/>
      </symbol>
      <symbol id="sm-184">
         <name>ResetISR</name>
         <value>0x4087</value>
         <object_component_ref idref="oc-29"/>
      </symbol>
      <symbol id="sm-185">
         <name>g_pfnVectors</name>
         <value>0x0</value>
         <object_component_ref idref="oc-e"/>
      </symbol>
      <symbol id="sm-1e4">
         <name>UARTgetc</name>
         <value>0x27b1</value>
         <object_component_ref idref="oc-a7"/>
      </symbol>
      <symbol id="sm-1e5">
         <name>UARTgets</name>
         <value>0x272d</value>
         <object_component_ref idref="oc-a7"/>
      </symbol>
      <symbol id="sm-1e6">
         <name>UARTStdioConfig</name>
         <value>0x27c9</value>
         <object_component_ref idref="oc-a7"/>
      </symbol>
      <symbol id="sm-1e7">
         <name>UARTwrite</name>
         <value>0x2509</value>
         <object_component_ref idref="oc-a7"/>
      </symbol>
      <symbol id="sm-1e8">
         <name>UARTprintf</name>
         <value>0x2713</value>
         <object_component_ref idref="oc-a7"/>
      </symbol>
      <symbol id="sm-1e9">
         <name>UARTvprintf</name>
         <value>0x2549</value>
         <object_component_ref idref="oc-a7"/>
      </symbol>
      <symbol id="sm-1f9">
         <name>_c_int00</name>
         <value>0x3c8d</value>
         <object_component_ref idref="oc-11"/>
      </symbol>
      <symbol id="sm-1fa">
         <name>__stack</name>
         <value>0x20000000</value>
         <object_component_ref idref="oc-28"/>
      </symbol>
      <symbol id="sm-211">
         <name>__TI_decompress_none</name>
         <value>0x4079</value>
         <object_component_ref idref="oc-16"/>
      </symbol>
      <symbol id="sm-235">
         <name>__TI_decompress_rle24</name>
         <value>0x4093</value>
         <object_component_ref idref="oc-22"/>
      </symbol>
      <symbol id="sm-249">
         <name>__TI_zero_init</name>
         <value>0x4055</value>
         <object_component_ref idref="oc-1c"/>
      </symbol>
      <symbol id="sm-268">
         <name>C$$EXIT</name>
         <value>0x3d61</value>
         <object_component_ref idref="oc-3d"/>
      </symbol>
      <symbol id="sm-269">
         <name>abort</name>
         <value>0x3d65</value>
         <object_component_ref idref="oc-3d"/>
      </symbol>
      <symbol id="sm-26a">
         <name>exit</name>
         <value>0x3d6d</value>
         <object_component_ref idref="oc-3d"/>
      </symbol>
      <symbol id="sm-26b">
         <name>__TI_dtors_ptr</name>
         <value>0x200011a4</value>
         <object_component_ref idref="oc-86"/>
      </symbol>
      <symbol id="sm-26c">
         <name>__TI_cleanup_ptr</name>
         <value>0x200011a0</value>
         <object_component_ref idref="oc-86"/>
      </symbol>
      <symbol id="sm-283">
         <name>__aeabi_dsub</name>
         <value>0x2f31</value>
         <object_component_ref idref="oc-c0"/>
      </symbol>
      <symbol id="sm-284">
         <name>__aeabi_dadd</name>
         <value>0x2f3b</value>
         <object_component_ref idref="oc-c0"/>
      </symbol>
      <symbol id="sm-298">
         <name>__aeabi_ddiv</name>
         <value>0x3285</value>
         <object_component_ref idref="oc-cf"/>
      </symbol>
      <symbol id="sm-2a3">
         <name>__aeabi_dmul</name>
         <value>0x34cd</value>
         <object_component_ref idref="oc-bb"/>
      </symbol>
      <symbol id="sm-2ad">
         <name>__aeabi_d2iz</name>
         <value>0x3cd5</value>
         <object_component_ref idref="oc-c5"/>
      </symbol>
      <symbol id="sm-2b8">
         <name>__aeabi_d2lz</name>
         <value>0x3a07</value>
         <object_component_ref idref="oc-d4"/>
      </symbol>
      <symbol id="sm-2c2">
         <name>__aeabi_d2f</name>
         <value>0x3c41</value>
         <object_component_ref idref="oc-d9"/>
      </symbol>
      <symbol id="sm-2cd">
         <name>__aeabi_f2d</name>
         <value>0x3ead</value>
         <object_component_ref idref="oc-de"/>
      </symbol>
      <symbol id="sm-2d7">
         <name>__aeabi_i2d</name>
         <value>0x3f49</value>
         <object_component_ref idref="oc-ca"/>
      </symbol>
      <symbol id="sm-2e0">
         <name>__aeabi_lmul</name>
         <value>0x4015</value>
         <object_component_ref idref="oc-e8"/>
      </symbol>
      <symbol id="sm-2ea">
         <name>__aeabi_l2d</name>
         <value>0x3e2b</value>
         <object_component_ref idref="oc-e3"/>
      </symbol>
      <symbol id="sm-305">
         <name>memcpy</name>
         <value>0x3751</value>
         <object_component_ref idref="oc-47"/>
      </symbol>
      <symbol id="sm-306">
         <name>__aeabi_memcpy</name>
         <value>0x3751</value>
         <object_component_ref idref="oc-47"/>
      </symbol>
      <symbol id="sm-307">
         <name>__aeabi_memcpy8</name>
         <value>0x3751</value>
         <object_component_ref idref="oc-47"/>
      </symbol>
      <symbol id="sm-308">
         <name>__aeabi_memcpy4</name>
         <value>0x3751</value>
         <object_component_ref idref="oc-47"/>
      </symbol>
      <symbol id="sm-35a">
         <name>pow</name>
         <value>0x2061</value>
         <object_component_ref idref="oc-b5"/>
      </symbol>
      <symbol id="sm-373">
         <name>sprintf</name>
         <value>0x3add</value>
         <object_component_ref idref="oc-f3"/>
      </symbol>
      <symbol id="sm-37b">
         <name>main_func_sp</name>
         <value>0x200011bc</value>
         <object_component_ref idref="oc-43"/>
      </symbol>
      <symbol id="sm-38b">
         <name>__aeabi_uidivmod</name>
         <value>0x3de9</value>
         <object_component_ref idref="oc-11c"/>
      </symbol>
      <symbol id="sm-38c">
         <name>__aeabi_uidiv</name>
         <value>0x3de9</value>
         <object_component_ref idref="oc-11c"/>
      </symbol>
      <symbol id="sm-396">
         <name>__aeabi_ui2d</name>
         <value>0x3fa5</value>
         <object_component_ref idref="oc-b0"/>
      </symbol>
      <symbol id="sm-3b3">
         <name>_Dint</name>
         <value>0x35c9</value>
         <object_component_ref idref="oc-137"/>
      </symbol>
      <symbol id="sm-3c7">
         <name>_Dunscale</name>
         <value>0x3a77</value>
         <object_component_ref idref="oc-131"/>
      </symbol>
      <symbol id="sm-3f9">
         <name>_Exp</name>
         <value>0x2b41</value>
         <object_component_ref idref="oc-14e"/>
      </symbol>
      <symbol id="sm-408">
         <name>_Feraise</name>
         <value>0x3f19</value>
         <object_component_ref idref="oc-142"/>
      </symbol>
      <symbol id="sm-418">
         <name>_Rteps</name>
         <value>0x20001110</value>
         <object_component_ref idref="oc-154"/>
      </symbol>
      <symbol id="sm-419">
         <name>_Zero</name>
         <value>0x20001128</value>
         <object_component_ref idref="oc-154"/>
      </symbol>
      <symbol id="sm-41a">
         <name>_Hugeval</name>
         <value>0x200010d0</value>
         <object_component_ref idref="oc-154"/>
      </symbol>
      <symbol id="sm-41b">
         <name>_Snan</name>
         <value>0x20001100</value>
         <object_component_ref idref="oc-154"/>
      </symbol>
      <symbol id="sm-41c">
         <name>_Nan</name>
         <value>0x200010f0</value>
         <object_component_ref idref="oc-154"/>
      </symbol>
      <symbol id="sm-41d">
         <name>_Inf</name>
         <value>0x200010e0</value>
         <object_component_ref idref="oc-154"/>
      </symbol>
      <symbol id="sm-41e">
         <name>_Xbig</name>
         <value>0x20001120</value>
         <object_component_ref idref="oc-154"/>
      </symbol>
      <symbol id="sm-41f">
         <name>_Eps</name>
         <value>0x200010c0</value>
         <object_component_ref idref="oc-154"/>
      </symbol>
      <symbol id="sm-420">
         <name>_Denorm</name>
         <value>0x200010b0</value>
         <object_component_ref idref="oc-154"/>
      </symbol>
      <symbol id="sm-439">
         <name>_nop</name>
         <value>0x403b</value>
         <object_component_ref idref="oc-107"/>
      </symbol>
      <symbol id="sm-43a">
         <name>_lock</name>
         <value>0x20001198</value>
         <object_component_ref idref="oc-83"/>
      </symbol>
      <symbol id="sm-43b">
         <name>_unlock</name>
         <value>0x2000119c</value>
         <object_component_ref idref="oc-83"/>
      </symbol>
      <symbol id="sm-43c">
         <name>_register_lock</name>
         <value>0x4033</value>
         <object_component_ref idref="oc-107"/>
      </symbol>
      <symbol id="sm-43d">
         <name>_register_unlock</name>
         <value>0x402d</value>
         <object_component_ref idref="oc-107"/>
      </symbol>
      <symbol id="sm-529">
         <name>__TI_printfi</name>
         <value>0x1d57</value>
         <object_component_ref idref="oc-16a"/>
      </symbol>
      <symbol id="sm-53d">
         <name>_args_main</name>
         <value>0x3ffd</value>
         <object_component_ref idref="oc-37"/>
      </symbol>
      <symbol id="sm-553">
         <name>atoi</name>
         <value>0x3bf5</value>
         <object_component_ref idref="oc-1de"/>
      </symbol>
      <symbol id="sm-570">
         <name>__TI_auto_init</name>
         <value>0x37ed</value>
         <object_component_ref idref="oc-32"/>
      </symbol>
      <symbol id="sm-589">
         <name>copy_in</name>
         <value>0x3d1d</value>
         <object_component_ref idref="oc-74"/>
      </symbol>
      <symbol id="sm-594">
         <name>_ctypes_</name>
         <value>0x4098</value>
         <object_component_ref idref="oc-229"/>
      </symbol>
      <symbol id="sm-59c">
         <name>_Errno</name>
         <value>0x200011b8</value>
         <object_component_ref idref="oc-192"/>
      </symbol>
      <symbol id="sm-5be">
         <name>__aeabi_cdcmpeq</name>
         <value>0x3881</value>
         <object_component_ref idref="oc-13d"/>
      </symbol>
      <symbol id="sm-5bf">
         <name>__aeabi_cdcmple</name>
         <value>0x3881</value>
         <object_component_ref idref="oc-13d"/>
      </symbol>
      <symbol id="sm-5c0">
         <name>__aeabi_cdrcmple</name>
         <value>0x3907</value>
         <object_component_ref idref="oc-1c2"/>
      </symbol>
      <symbol id="sm-5de">
         <name>feraiseexcept</name>
         <value>0x3ee5</value>
         <object_component_ref idref="oc-18c"/>
      </symbol>
      <symbol id="sm-5df">
         <name>_Tls_setup__Fenv</name>
         <value>0x200011ac</value>
         <object_component_ref idref="oc-203"/>
      </symbol>
      <symbol id="sm-5e0">
         <name>_Fenv</name>
         <value>0x200011a8</value>
         <object_component_ref idref="oc-203"/>
      </symbol>
      <symbol id="sm-5ed">
         <name>log</name>
         <value>0x3fe1</value>
         <object_component_ref idref="oc-148"/>
      </symbol>
      <symbol id="sm-5fc">
         <name>ltoa</name>
         <value>0x3b9b</value>
         <object_component_ref idref="oc-1c7"/>
      </symbol>
      <symbol id="sm-60c">
         <name>memccpy</name>
         <value>0x3fc5</value>
         <object_component_ref idref="oc-1d8"/>
      </symbol>
      <symbol id="sm-61b">
         <name>__aeabi_memset</name>
         <value>0x398f</value>
         <object_component_ref idref="oc-1cd"/>
      </symbol>
      <symbol id="sm-61c">
         <name>memset</name>
         <value>0x3995</value>
         <object_component_ref idref="oc-1cd"/>
      </symbol>
      <symbol id="sm-61d">
         <name>__aeabi_memset8</name>
         <value>0x398f</value>
         <object_component_ref idref="oc-1cd"/>
      </symbol>
      <symbol id="sm-61e">
         <name>__aeabi_memset4</name>
         <value>0x398f</value>
         <object_component_ref idref="oc-1cd"/>
      </symbol>
      <symbol id="sm-61f">
         <name>__aeabi_memclr8</name>
         <value>0x398d</value>
         <object_component_ref idref="oc-1cd"/>
      </symbol>
      <symbol id="sm-620">
         <name>__aeabi_memclr4</name>
         <value>0x398d</value>
         <object_component_ref idref="oc-1cd"/>
      </symbol>
      <symbol id="sm-621">
         <name>__aeabi_memclr</name>
         <value>0x398d</value>
         <object_component_ref idref="oc-1cd"/>
      </symbol>
      <symbol id="sm-635">
         <name>raise</name>
         <value>0x3f77</value>
         <object_component_ref idref="oc-1fd"/>
      </symbol>
      <symbol id="sm-64f">
         <name>signal</name>
         <value>0x3e6d</value>
         <object_component_ref idref="oc-237"/>
      </symbol>
      <symbol id="sm-65d">
         <name>strlen</name>
         <value>0x4041</value>
         <object_component_ref idref="oc-1bc"/>
      </symbol>
      <symbol id="sm-679">
         <name>__aeabi_uldivmod</name>
         <value>0x2d3d</value>
         <object_component_ref idref="oc-1b7"/>
      </symbol>
      <symbol id="sm-683">
         <name>_Dclass</name>
         <value>0x4067</value>
         <object_component_ref idref="oc-1d2"/>
      </symbol>
      <symbol id="sm-698">
         <name>_Dnorm</name>
         <value>0x368d</value>
         <object_component_ref idref="oc-17f"/>
      </symbol>
      <symbol id="sm-6b3">
         <name>_Dscale</name>
         <value>0x33bd</value>
         <object_component_ref idref="oc-19e"/>
      </symbol>
      <symbol id="sm-6c5">
         <name>_Dtest</name>
         <value>0x3da5</value>
         <object_component_ref idref="oc-220"/>
      </symbol>
      <symbol id="sm-6f5">
         <name>_Log</name>
         <value>0x2855</value>
         <object_component_ref idref="oc-196"/>
      </symbol>
      <symbol id="sm-704">
         <name>_FZero</name>
         <value>0x20001194</value>
         <object_component_ref idref="oc-209"/>
      </symbol>
      <symbol id="sm-705">
         <name>_FRteps</name>
         <value>0x20001180</value>
         <object_component_ref idref="oc-209"/>
      </symbol>
      <symbol id="sm-706">
         <name>_FSnan</name>
         <value>0x20001170</value>
         <object_component_ref idref="oc-209"/>
      </symbol>
      <symbol id="sm-707">
         <name>_FNan</name>
         <value>0x20001160</value>
         <object_component_ref idref="oc-209"/>
      </symbol>
      <symbol id="sm-708">
         <name>_FInf</name>
         <value>0x20001150</value>
         <object_component_ref idref="oc-209"/>
      </symbol>
      <symbol id="sm-709">
         <name>_FEps</name>
         <value>0x20001140</value>
         <object_component_ref idref="oc-209"/>
      </symbol>
      <symbol id="sm-70a">
         <name>_FXbig</name>
         <value>0x20001190</value>
         <object_component_ref idref="oc-209"/>
      </symbol>
      <symbol id="sm-70b">
         <name>_FDenorm</name>
         <value>0x20001130</value>
         <object_component_ref idref="oc-209"/>
      </symbol>
      <symbol id="sm-70c">
         <name>__TI_static_base__</name>
         <value>0x4280</value>
      </symbol>
      <symbol id="sm-70d">
         <name>__TI_args_main</name>
         <value>0x1</value>
      </symbol>
      <symbol id="sm-70e">
         <name>SHT$$INIT_ARRAY$$Limit</name>
         <value>0x0</value>
      </symbol>
      <symbol id="sm-70f">
         <name>SHT$$INIT_ARRAY$$Base</name>
         <value>0x0</value>
      </symbol>
   </symbol_table>
   <title>Link successful</title>
</link_info>
