<?xml version="1.0"?>
<link_info>
   <banner>TI ARM Linker PC v5.1.9</banner>
   <copyright>Copyright (c) 1996-2014 Texas Instruments Incorporated</copyright>
   <link_time>0x54dbe64f</link_time>
   <link_errors>0x0</link_errors>
   <output_file>esft_peripheral_data_to_int_mem.out</output_file>
   <entry_point>
      <name>_c_int00</name>
      <address>0x2601</address>
   </entry_point>
   <input_file_list>
      <input_file id="fl-2">
         <path>.\</path>
         <kind>object</kind>
         <file>flashstore.obj</file>
         <name>flashstore.obj</name>
      </input_file>
      <input_file id="fl-3">
         <path>.\</path>
         <kind>object</kind>
         <file>main.obj</file>
         <name>main.obj</name>
      </input_file>
      <input_file id="fl-4">
         <path>.\</path>
         <kind>object</kind>
         <file>tm4c123gh6pm_startup_ccs.obj</file>
         <name>tm4c123gh6pm_startup_ccs.obj</name>
      </input_file>
      <input_file id="fl-5">
         <path>.\</path>
         <kind>object</kind>
         <file>uartstdio.obj</file>
         <name>uartstdio.obj</name>
      </input_file>
      <input_file id="fl-133">
         <path>D:\Programs\ti\ccsv6\tools\compiler\arm_5.1.9\lib\</path>
         <kind>archive</kind>
         <file>rtsv7M4_T_le_v4SPD16_eabi.lib</file>
         <name>boot.obj</name>
      </input_file>
      <input_file id="fl-134">
         <path>D:\Programs\ti\ccsv6\tools\compiler\arm_5.1.9\lib\</path>
         <kind>archive</kind>
         <file>rtsv7M4_T_le_v4SPD16_eabi.lib</file>
         <name>copy_decompress_none.obj</name>
      </input_file>
      <input_file id="fl-135">
         <path>D:\Programs\ti\ccsv6\tools\compiler\arm_5.1.9\lib\</path>
         <kind>archive</kind>
         <file>rtsv7M4_T_le_v4SPD16_eabi.lib</file>
         <name>copy_decompress_rle.obj</name>
      </input_file>
      <input_file id="fl-136">
         <path>D:\Programs\ti\ccsv6\tools\compiler\arm_5.1.9\lib\</path>
         <kind>archive</kind>
         <file>rtsv7M4_T_le_v4SPD16_eabi.lib</file>
         <name>copy_zero_init.obj</name>
      </input_file>
      <input_file id="fl-137">
         <path>D:\Programs\ti\ccsv6\tools\compiler\arm_5.1.9\lib\</path>
         <kind>archive</kind>
         <file>rtsv7M4_T_le_v4SPD16_eabi.lib</file>
         <name>exit.obj</name>
      </input_file>
      <input_file id="fl-138">
         <path>D:\Programs\ti\ccsv6\tools\compiler\arm_5.1.9\lib\</path>
         <kind>archive</kind>
         <file>rtsv7M4_T_le_v4SPD16_eabi.lib</file>
         <name>fd_add_t2.obj</name>
      </input_file>
      <input_file id="fl-139">
         <path>D:\Programs\ti\ccsv6\tools\compiler\arm_5.1.9\lib\</path>
         <kind>archive</kind>
         <file>rtsv7M4_T_le_v4SPD16_eabi.lib</file>
         <name>fd_div_t2.obj</name>
      </input_file>
      <input_file id="fl-13a">
         <path>D:\Programs\ti\ccsv6\tools\compiler\arm_5.1.9\lib\</path>
         <kind>archive</kind>
         <file>rtsv7M4_T_le_v4SPD16_eabi.lib</file>
         <name>fd_mul_t2.obj</name>
      </input_file>
      <input_file id="fl-13b">
         <path>D:\Programs\ti\ccsv6\tools\compiler\arm_5.1.9\lib\</path>
         <kind>archive</kind>
         <file>rtsv7M4_T_le_v4SPD16_eabi.lib</file>
         <name>memcpy_t2.obj</name>
      </input_file>
      <input_file id="fl-13c">
         <path>D:\Programs\ti\ccsv6\tools\compiler\arm_5.1.9\lib\</path>
         <kind>archive</kind>
         <file>rtsv7M4_T_le_v4SPD16_eabi.lib</file>
         <name>pow.obj</name>
      </input_file>
      <input_file id="fl-13d">
         <path>D:\Programs\ti\ccsv6\tools\compiler\arm_5.1.9\lib\</path>
         <kind>archive</kind>
         <file>rtsv7M4_T_le_v4SPD16_eabi.lib</file>
         <name>stkdepth_vars.obj</name>
      </input_file>
      <input_file id="fl-13e">
         <path>D:\Programs\ti\ccsv6\tools\compiler\arm_5.1.9\lib\</path>
         <kind>archive</kind>
         <file>rtsv7M4_T_le_v4SPD16_eabi.lib</file>
         <name>u_divt2.obj</name>
      </input_file>
      <input_file id="fl-13f">
         <path>D:\Programs\ti\ccsv6\tools\compiler\arm_5.1.9\lib\</path>
         <kind>archive</kind>
         <file>rtsv7M4_T_le_v4SPD16_eabi.lib</file>
         <name>u_tofd_t2.obj</name>
      </input_file>
      <input_file id="fl-140">
         <path>D:\Programs\ti\ccsv6\tools\compiler\arm_5.1.9\lib\</path>
         <kind>archive</kind>
         <file>rtsv7M4_T_le_v4SPD16_eabi.lib</file>
         <name>xdint.obj</name>
      </input_file>
      <input_file id="fl-141">
         <path>D:\Programs\ti\ccsv6\tools\compiler\arm_5.1.9\lib\</path>
         <kind>archive</kind>
         <file>rtsv7M4_T_le_v4SPD16_eabi.lib</file>
         <name>xdunscal.obj</name>
      </input_file>
      <input_file id="fl-142">
         <path>D:\Programs\ti\ccsv6\tools\compiler\arm_5.1.9\lib\</path>
         <kind>archive</kind>
         <file>rtsv7M4_T_le_v4SPD16_eabi.lib</file>
         <name>xexp.obj</name>
      </input_file>
      <input_file id="fl-143">
         <path>D:\Programs\ti\ccsv6\tools\compiler\arm_5.1.9\lib\</path>
         <kind>archive</kind>
         <file>rtsv7M4_T_le_v4SPD16_eabi.lib</file>
         <name>xferaise.obj</name>
      </input_file>
      <input_file id="fl-144">
         <path>D:\Programs\ti\ccsv6\tools\compiler\arm_5.1.9\lib\</path>
         <kind>archive</kind>
         <file>rtsv7M4_T_le_v4SPD16_eabi.lib</file>
         <name>xvalues.obj</name>
      </input_file>
      <input_file id="fl-145">
         <path>D:\Programs\ti\ccsv6\tools\compiler\arm_5.1.9\lib\</path>
         <kind>archive</kind>
         <file>rtsv7M4_T_le_v4SPD16_eabi.lib</file>
         <name>_lock.obj</name>
      </input_file>
      <input_file id="fl-146">
         <path>D:\Programs\ti\ccsv6\tools\compiler\arm_5.1.9\lib\</path>
         <kind>archive</kind>
         <file>rtsv7M4_T_le_v4SPD16_eabi.lib</file>
         <name>args_main.obj</name>
      </input_file>
      <input_file id="fl-147">
         <path>D:\Programs\ti\ccsv6\tools\compiler\arm_5.1.9\lib\</path>
         <kind>archive</kind>
         <file>rtsv7M4_T_le_v4SPD16_eabi.lib</file>
         <name>auto_init.obj</name>
      </input_file>
      <input_file id="fl-148">
         <path>D:\Programs\ti\ccsv6\tools\compiler\arm_5.1.9\lib\</path>
         <kind>archive</kind>
         <file>rtsv7M4_T_le_v4SPD16_eabi.lib</file>
         <name>cpy_tbl.obj</name>
      </input_file>
      <input_file id="fl-149">
         <path>D:\Programs\ti\ccsv6\tools\compiler\arm_5.1.9\lib\</path>
         <kind>archive</kind>
         <file>rtsv7M4_T_le_v4SPD16_eabi.lib</file>
         <name>errno.obj</name>
      </input_file>
      <input_file id="fl-14a">
         <path>D:\Programs\ti\ccsv6\tools\compiler\arm_5.1.9\lib\</path>
         <kind>archive</kind>
         <file>rtsv7M4_T_le_v4SPD16_eabi.lib</file>
         <name>fd_cmp_t2.obj</name>
      </input_file>
      <input_file id="fl-14b">
         <path>D:\Programs\ti\ccsv6\tools\compiler\arm_5.1.9\lib\</path>
         <kind>archive</kind>
         <file>rtsv7M4_T_le_v4SPD16_eabi.lib</file>
         <name>fd_toi_t2.obj</name>
      </input_file>
      <input_file id="fl-14c">
         <path>D:\Programs\ti\ccsv6\tools\compiler\arm_5.1.9\lib\</path>
         <kind>archive</kind>
         <file>rtsv7M4_T_le_v4SPD16_eabi.lib</file>
         <name>feraiseexcept.obj</name>
      </input_file>
      <input_file id="fl-14d">
         <path>D:\Programs\ti\ccsv6\tools\compiler\arm_5.1.9\lib\</path>
         <kind>archive</kind>
         <file>rtsv7M4_T_le_v4SPD16_eabi.lib</file>
         <name>i_tofd_t2.obj</name>
      </input_file>
      <input_file id="fl-14e">
         <path>D:\Programs\ti\ccsv6\tools\compiler\arm_5.1.9\lib\</path>
         <kind>archive</kind>
         <file>rtsv7M4_T_le_v4SPD16_eabi.lib</file>
         <name>log.obj</name>
      </input_file>
      <input_file id="fl-14f">
         <path>D:\Programs\ti\ccsv6\tools\compiler\arm_5.1.9\lib\</path>
         <kind>archive</kind>
         <file>rtsv7M4_T_le_v4SPD16_eabi.lib</file>
         <name>raise.obj</name>
      </input_file>
      <input_file id="fl-150">
         <path>D:\Programs\ti\ccsv6\tools\compiler\arm_5.1.9\lib\</path>
         <kind>archive</kind>
         <file>rtsv7M4_T_le_v4SPD16_eabi.lib</file>
         <name>signal.obj</name>
      </input_file>
      <input_file id="fl-151">
         <path>D:\Programs\ti\ccsv6\tools\compiler\arm_5.1.9\lib\</path>
         <kind>archive</kind>
         <file>rtsv7M4_T_le_v4SPD16_eabi.lib</file>
         <name>xdnorm.obj</name>
      </input_file>
      <input_file id="fl-152">
         <path>D:\Programs\ti\ccsv6\tools\compiler\arm_5.1.9\lib\</path>
         <kind>archive</kind>
         <file>rtsv7M4_T_le_v4SPD16_eabi.lib</file>
         <name>xdscale.obj</name>
      </input_file>
      <input_file id="fl-153">
         <path>D:\Programs\ti\ccsv6\tools\compiler\arm_5.1.9\lib\</path>
         <kind>archive</kind>
         <file>rtsv7M4_T_le_v4SPD16_eabi.lib</file>
         <name>xlog.obj</name>
      </input_file>
      <input_file id="fl-154">
         <path>D:\Programs\ti\ccsv6\tools\compiler\arm_5.1.9\lib\</path>
         <kind>archive</kind>
         <file>rtsv7M4_T_le_v4SPD16_eabi.lib</file>
         <name>fs_tod_t2.obj</name>
      </input_file>
      <input_file id="fl-155">
         <path>D:\Programs\ti\ccsv6\tools\compiler\arm_5.1.9\lib\</path>
         <kind>archive</kind>
         <file>rtsv7M4_T_le_v4SPD16_eabi.lib</file>
         <name>xfvalues.obj</name>
      </input_file>
      <input_file id="fl-156">
         <path>D:\Code\git_repo\esft\launchpad\workspace\esft_peripheral_data_to_int_mem\..\..\TivaWare_C_Series-2.1.0.12573\driverlib\ccs\Debug\</path>
         <kind>archive</kind>
         <file>driverlib.lib</file>
         <name>flash.obj</name>
      </input_file>
      <input_file id="fl-157">
         <path>D:\Code\git_repo\esft\launchpad\workspace\esft_peripheral_data_to_int_mem\..\..\TivaWare_C_Series-2.1.0.12573\driverlib\ccs\Debug\</path>
         <kind>archive</kind>
         <file>driverlib.lib</file>
         <name>i2c.obj</name>
      </input_file>
      <input_file id="fl-158">
         <path>D:\Code\git_repo\esft\launchpad\workspace\esft_peripheral_data_to_int_mem\..\..\TivaWare_C_Series-2.1.0.12573\driverlib\ccs\Debug\</path>
         <kind>archive</kind>
         <file>driverlib.lib</file>
         <name>interrupt.obj</name>
      </input_file>
      <input_file id="fl-159">
         <path>D:\Code\git_repo\esft\launchpad\workspace\esft_peripheral_data_to_int_mem\..\..\TivaWare_C_Series-2.1.0.12573\driverlib\ccs\Debug\</path>
         <kind>archive</kind>
         <file>driverlib.lib</file>
         <name>cpu.obj</name>
      </input_file>
   </input_file_list>
   <object_component_list>
      <object_component id="oc-e">
         <name>.intvecs</name>
         <load_address>0x0</load_address>
         <run_address>0x0</run_address>
         <size>0x26c</size>
         <input_file_ref idref="fl-4"/>
      </object_component>
      <object_component id="oc-7b">
         <name>.text</name>
         <load_address>0x26c</load_address>
         <run_address>0x26c</run_address>
         <size>0xbac</size>
         <input_file_ref idref="fl-3"/>
      </object_component>
      <object_component id="oc-bc">
         <name>.text</name>
         <load_address>0xe18</load_address>
         <run_address>0xe18</run_address>
         <size>0x4a8</size>
         <input_file_ref idref="fl-13c"/>
      </object_component>
      <object_component id="oc-a2">
         <name>.text</name>
         <load_address>0x12c0</load_address>
         <run_address>0x12c0</run_address>
         <size>0x34c</size>
         <input_file_ref idref="fl-5"/>
      </object_component>
      <object_component id="oc-182">
         <name>.text</name>
         <load_address>0x160c</load_address>
         <run_address>0x160c</run_address>
         <size>0x2ec</size>
         <input_file_ref idref="fl-153"/>
      </object_component>
      <object_component id="oc-145">
         <name>.text</name>
         <load_address>0x18f8</load_address>
         <run_address>0x18f8</run_address>
         <size>0x1fc</size>
         <input_file_ref idref="fl-142"/>
      </object_component>
      <object_component id="oc-c7">
         <name>.text</name>
         <load_address>0x1af4</load_address>
         <run_address>0x1af4</run_address>
         <size>0x1b6</size>
         <input_file_ref idref="fl-138"/>
      </object_component>
      <object_component id="oc-ae">
         <name>.text</name>
         <load_address>0x1cac</load_address>
         <run_address>0x1cac</run_address>
         <size>0x1a8</size>
         <input_file_ref idref="fl-2"/>
      </object_component>
      <object_component id="oc-cc">
         <name>.text</name>
         <load_address>0x1e54</load_address>
         <run_address>0x1e54</run_address>
         <size>0x136</size>
         <input_file_ref idref="fl-139"/>
      </object_component>
      <object_component id="oc-18a">
         <name>.text</name>
         <load_address>0x1f8c</load_address>
         <run_address>0x1f8c</run_address>
         <size>0x110</size>
         <input_file_ref idref="fl-152"/>
      </object_component>
      <object_component id="oc-c2">
         <name>.text</name>
         <load_address>0x209c</load_address>
         <run_address>0x209c</run_address>
         <size>0xfc</size>
         <input_file_ref idref="fl-13a"/>
      </object_component>
      <object_component id="oc-124">
         <name>.text</name>
         <load_address>0x2198</load_address>
         <run_address>0x2198</run_address>
         <size>0xc4</size>
         <input_file_ref idref="fl-140"/>
      </object_component>
      <object_component id="oc-169">
         <name>.text</name>
         <load_address>0x225c</load_address>
         <run_address>0x225c</run_address>
         <size>0xc4</size>
         <input_file_ref idref="fl-151"/>
      </object_component>
      <object_component id="oc-47">
         <name>.text</name>
         <load_address>0x2320</load_address>
         <run_address>0x2320</run_address>
         <size>0x9c</size>
         <input_file_ref idref="fl-13b"/>
      </object_component>
      <object_component id="oc-32">
         <name>.text</name>
         <load_address>0x23bc</load_address>
         <run_address>0x23bc</run_address>
         <size>0x94</size>
         <input_file_ref idref="fl-147"/>
      </object_component>
      <object_component id="oc-12a">
         <name>.text:__aeabi_cdcmple</name>
         <load_address>0x2450</load_address>
         <run_address>0x2450</run_address>
         <size>0x86</size>
         <input_file_ref idref="fl-14a"/>
      </object_component>
      <object_component id="oc-108">
         <name>.text:FlashProgram</name>
         <load_address>0x24d8</load_address>
         <run_address>0x24d8</run_address>
         <size>0x64</size>
         <input_file_ref idref="fl-156"/>
      </object_component>
      <object_component id="oc-11e">
         <name>.text</name>
         <load_address>0x253c</load_address>
         <run_address>0x253c</run_address>
         <size>0x64</size>
         <input_file_ref idref="fl-141"/>
      </object_component>
      <object_component id="oc-5a">
         <name>.text</name>
         <load_address>0x25a0</load_address>
         <run_address>0x25a0</run_address>
         <size>0x5e</size>
         <input_file_ref idref="fl-135"/>
      </object_component>
      <object_component id="oc-11">
         <name>.text</name>
         <load_address>0x2600</load_address>
         <run_address>0x2600</run_address>
         <size>0x48</size>
         <input_file_ref idref="fl-133"/>
      </object_component>
      <object_component id="oc-13a">
         <name>.text</name>
         <load_address>0x2648</load_address>
         <run_address>0x2648</run_address>
         <size>0x48</size>
         <input_file_ref idref="fl-14b"/>
      </object_component>
      <object_component id="oc-74">
         <name>.text</name>
         <load_address>0x2690</load_address>
         <run_address>0x2690</run_address>
         <size>0x44</size>
         <input_file_ref idref="fl-148"/>
      </object_component>
      <object_component id="oc-3d">
         <name>.text</name>
         <load_address>0x26d4</load_address>
         <run_address>0x26d4</run_address>
         <size>0x44</size>
         <input_file_ref idref="fl-137"/>
      </object_component>
      <object_component id="oc-f4">
         <name>.text</name>
         <load_address>0x2718</load_address>
         <run_address>0x2718</run_address>
         <size>0x42</size>
         <input_file_ref idref="fl-13e"/>
      </object_component>
      <object_component id="oc-1cf">
         <name>.text</name>
         <load_address>0x275c</load_address>
         <run_address>0x275c</run_address>
         <size>0x40</size>
         <input_file_ref idref="fl-150"/>
      </object_component>
      <object_component id="oc-1b8">
         <name>.text</name>
         <load_address>0x279c</load_address>
         <run_address>0x279c</run_address>
         <size>0x38</size>
         <input_file_ref idref="fl-154"/>
      </object_component>
      <object_component id="oc-176">
         <name>.text</name>
         <load_address>0x27d4</load_address>
         <run_address>0x27d4</run_address>
         <size>0x34</size>
         <input_file_ref idref="fl-14c"/>
      </object_component>
      <object_component id="oc-10e">
         <name>.text:FlashErase</name>
         <load_address>0x2808</load_address>
         <run_address>0x2808</run_address>
         <size>0x30</size>
         <input_file_ref idref="fl-156"/>
      </object_component>
      <object_component id="oc-12f">
         <name>.text</name>
         <load_address>0x2838</load_address>
         <run_address>0x2838</run_address>
         <size>0x30</size>
         <input_file_ref idref="fl-143"/>
      </object_component>
      <object_component id="oc-135">
         <name>.text</name>
         <load_address>0x2868</load_address>
         <run_address>0x2868</run_address>
         <size>0x2e</size>
         <input_file_ref idref="fl-14d"/>
      </object_component>
      <object_component id="oc-1ac">
         <name>.text</name>
         <load_address>0x2896</load_address>
         <run_address>0x2896</run_address>
         <size>0x2e</size>
         <input_file_ref idref="fl-14f"/>
      </object_component>
      <object_component id="oc-b7">
         <name>.text</name>
         <load_address>0x28c4</load_address>
         <run_address>0x28c4</run_address>
         <size>0x20</size>
         <input_file_ref idref="fl-13f"/>
      </object_component>
      <object_component id="oc-13f">
         <name>.text</name>
         <load_address>0x28e4</load_address>
         <run_address>0x28e4</run_address>
         <size>0x1a</size>
         <input_file_ref idref="fl-14e"/>
      </object_component>
      <object_component id="oc-37">
         <name>.text</name>
         <load_address>0x2900</load_address>
         <run_address>0x2900</run_address>
         <size>0x18</size>
         <input_file_ref idref="fl-146"/>
      </object_component>
      <object_component id="oc-df">
         <name>.text</name>
         <load_address>0x2918</load_address>
         <run_address>0x2918</run_address>
         <size>0x14</size>
         <input_file_ref idref="fl-145"/>
      </object_component>
      <object_component id="oc-1c">
         <name>.text:decompress:ZI</name>
         <load_address>0x292c</load_address>
         <run_address>0x292c</run_address>
         <size>0x12</size>
         <input_file_ref idref="fl-136"/>
      </object_component>
      <object_component id="oc-16">
         <name>.text:decompress:none</name>
         <load_address>0x293e</load_address>
         <run_address>0x293e</run_address>
         <size>0xe</size>
         <input_file_ref idref="fl-134"/>
      </object_component>
      <object_component id="oc-29">
         <name>.text</name>
         <load_address>0x294c</load_address>
         <run_address>0x294c</run_address>
         <size>0xc</size>
         <input_file_ref idref="fl-4"/>
      </object_component>
      <object_component id="oc-22">
         <name>.text:decompress:rle24</name>
         <load_address>0x2958</load_address>
         <run_address>0x2958</run_address>
         <size>0x6</size>
         <input_file_ref idref="fl-135"/>
      </object_component>
      <object_component id="oc-a8">
         <name>.text:I2CMasterDataGet</name>
         <load_address>0x295e</load_address>
         <run_address>0x295e</run_address>
         <size>0x4</size>
         <input_file_ref idref="fl-157"/>
      </object_component>
      <object_component id="oc-190">
         <name>.const</name>
         <load_address>0x2968</load_address>
         <run_address>0x2968</run_address>
         <size>0x48</size>
         <input_file_ref idref="fl-142"/>
      </object_component>
      <object_component id="oc-1c0">
         <name>.const:p</name>
         <load_address>0x29b0</load_address>
         <run_address>0x29b0</run_address>
         <size>0x38</size>
         <input_file_ref idref="fl-153"/>
      </object_component>
      <object_component id="oc-171">
         <name>.const</name>
         <load_address>0x29e8</load_address>
         <run_address>0x29e8</run_address>
         <size>0x30</size>
         <input_file_ref idref="fl-140"/>
      </object_component>
      <object_component id="oc-fc">
         <name>.const</name>
         <load_address>0x2a18</load_address>
         <run_address>0x2a18</run_address>
         <size>0x1c</size>
         <input_file_ref idref="fl-5"/>
      </object_component>
      <object_component id="oc-15b">
         <name>.const:.string</name>
         <load_address>0x2a34</load_address>
         <run_address>0x2a34</run_address>
         <size>0x12</size>
         <input_file_ref idref="fl-5"/>
      </object_component>
      <object_component id="oc-b4">
         <name>.const:.string</name>
         <load_address>0x2a46</load_address>
         <run_address>0x2a46</run_address>
         <size>0x5</size>
         <input_file_ref idref="fl-3"/>
      </object_component>
      <object_component id="oc-219">
         <name>.cinit..data.load</name>
         <load_address>0x2a50</load_address>
         <run_address>0x2a50</run_address>
         <size>0x63</size>
      </object_component>
      <object_component id="oc-217">
         <name>__TI_handler_table</name>
         <load_address>0x2ab4</load_address>
         <run_address>0x2ab4</run_address>
         <size>0xc</size>
      </object_component>
      <object_component id="oc-21a">
         <name>.cinit..bss.load</name>
         <load_address>0x2ac0</load_address>
         <run_address>0x2ac0</run_address>
         <size>0x8</size>
      </object_component>
      <object_component id="oc-218">
         <name>__TI_cinit_table</name>
         <load_address>0x2ac8</load_address>
         <run_address>0x2ac8</run_address>
         <size>0x10</size>
      </object_component>
      <object_component id="oc-43">
         <name>.data</name>
         <load_address>0x200011bc</load_address>
         <run_address>0x200011bc</run_address>
         <size>0x4</size>
         <input_file_ref idref="fl-13d"/>
      </object_component>
      <object_component id="oc-83">
         <name>.data</name>
         <load_address>0x20001198</load_address>
         <run_address>0x20001198</run_address>
         <size>0x8</size>
         <input_file_ref idref="fl-145"/>
      </object_component>
      <object_component id="oc-86">
         <name>.data</name>
         <load_address>0x200011a0</load_address>
         <run_address>0x200011a0</run_address>
         <size>0x8</size>
         <input_file_ref idref="fl-137"/>
      </object_component>
      <object_component id="oc-f9">
         <name>.data</name>
         <load_address>0x200011b0</load_address>
         <run_address>0x200011b0</run_address>
         <size>0x5</size>
         <input_file_ref idref="fl-5"/>
      </object_component>
      <object_component id="oc-14b">
         <name>.data</name>
         <load_address>0x200010b0</load_address>
         <run_address>0x200010b0</run_address>
         <size>0x80</size>
         <input_file_ref idref="fl-144"/>
      </object_component>
      <object_component id="oc-17c">
         <name>.data</name>
         <load_address>0x200011b8</load_address>
         <run_address>0x200011b8</run_address>
         <size>0x4</size>
         <input_file_ref idref="fl-149"/>
      </object_component>
      <object_component id="oc-1b2">
         <name>.data</name>
         <load_address>0x200011a8</load_address>
         <run_address>0x200011a8</run_address>
         <size>0x8</size>
         <input_file_ref idref="fl-14c"/>
      </object_component>
      <object_component id="oc-1bd">
         <name>.data</name>
         <load_address>0x20001130</load_address>
         <run_address>0x20001130</run_address>
         <size>0x68</size>
         <input_file_ref idref="fl-155"/>
      </object_component>
      <object_component id="oc-1e9">
         <name>.data:sigtable</name>
         <load_address>0x20001000</load_address>
         <run_address>0x20001000</run_address>
         <size>0xb0</size>
         <input_file_ref idref="fl-150"/>
      </object_component>
      <object_component id="oc-117">
         <name>.bss:g_pui32RecordBuf</name>
         <uninitialized>true</uninitialized>
         <run_address>0x200011c0</run_address>
         <size>0x64</size>
         <input_file_ref idref="fl-2"/>
      </object_component>
      <object_component id="oc-114">
         <name>.common:g_ui32StoreAddr</name>
         <uninitialized>true</uninitialized>
         <run_address>0x20001224</run_address>
         <size>0x4</size>
      </object_component>
      <object_component id="oc-28">
         <name>.stack</name>
         <uninitialized>true</uninitialized>
         <run_address>0x20000000</run_address>
         <size>0x0</size>
         <input_file_ref idref="fl-133"/>
      </object_component>
      <object_component id="oc-21b">
         <name>.stack</name>
         <uninitialized>true</uninitialized>
         <run_address>0x20000000</run_address>
         <size>0x0</size>
      </object_component>
      <object_component id="oc-f">
         <name>.debug_info</name>
         <load_address>0x0</load_address>
         <run_address>0x0</run_address>
         <size>0x103</size>
         <input_file_ref idref="fl-4"/>
      </object_component>
      <object_component id="oc-14">
         <name>.debug_info</name>
         <load_address>0x103</load_address>
         <run_address>0x103</run_address>
         <size>0xf3</size>
         <input_file_ref idref="fl-133"/>
      </object_component>
      <object_component id="oc-1a">
         <name>.debug_info</name>
         <load_address>0x1f6</load_address>
         <run_address>0x1f6</run_address>
         <size>0x194</size>
         <input_file_ref idref="fl-134"/>
      </object_component>
      <object_component id="oc-1e">
         <name>.debug_info</name>
         <load_address>0x38a</load_address>
         <run_address>0x38a</run_address>
         <size>0x16a</size>
         <input_file_ref idref="fl-136"/>
      </object_component>
      <object_component id="oc-26">
         <name>.debug_info</name>
         <load_address>0x4f4</load_address>
         <run_address>0x4f4</run_address>
         <size>0x18e</size>
         <input_file_ref idref="fl-135"/>
      </object_component>
      <object_component id="oc-2c">
         <name>.debug_info</name>
         <load_address>0x682</load_address>
         <run_address>0x682</run_address>
         <size>0x27f</size>
         <input_file_ref idref="fl-4"/>
      </object_component>
      <object_component id="oc-31">
         <name>.debug_info</name>
         <load_address>0x901</load_address>
         <run_address>0x901</run_address>
         <size>0x11e</size>
         <input_file_ref idref="fl-4"/>
      </object_component>
      <object_component id="oc-34">
         <name>.debug_info</name>
         <load_address>0xa1f</load_address>
         <run_address>0xa1f</run_address>
         <size>0x13d</size>
         <input_file_ref idref="fl-147"/>
      </object_component>
      <object_component id="oc-38">
         <name>.debug_info</name>
         <load_address>0xb5c</load_address>
         <run_address>0xb5c</run_address>
         <size>0x11c</size>
         <input_file_ref idref="fl-146"/>
      </object_component>
      <object_component id="oc-41">
         <name>.debug_info</name>
         <load_address>0xc78</load_address>
         <run_address>0xc78</run_address>
         <size>0x1c2</size>
         <input_file_ref idref="fl-137"/>
      </object_component>
      <object_component id="oc-44">
         <name>.debug_info</name>
         <load_address>0xe3a</load_address>
         <run_address>0xe3a</run_address>
         <size>0xbe</size>
         <input_file_ref idref="fl-13d"/>
      </object_component>
      <object_component id="oc-48">
         <name>.debug_info</name>
         <load_address>0xef8</load_address>
         <run_address>0xef8</run_address>
         <size>0xcc</size>
         <input_file_ref idref="fl-13b"/>
      </object_component>
      <object_component id="oc-4d">
         <name>.debug_info</name>
         <load_address>0xfc4</load_address>
         <run_address>0xfc4</run_address>
         <size>0x46</size>
         <input_file_ref idref="fl-134"/>
      </object_component>
      <object_component id="oc-52">
         <name>.debug_info</name>
         <load_address>0x100a</load_address>
         <run_address>0x100a</run_address>
         <size>0xf2</size>
         <input_file_ref idref="fl-134"/>
      </object_component>
      <object_component id="oc-54">
         <name>.debug_info</name>
         <load_address>0x10fc</load_address>
         <run_address>0x10fc</run_address>
         <size>0x46</size>
         <input_file_ref idref="fl-136"/>
      </object_component>
      <object_component id="oc-59">
         <name>.debug_info</name>
         <load_address>0x1142</load_address>
         <run_address>0x1142</run_address>
         <size>0xad</size>
         <input_file_ref idref="fl-136"/>
      </object_component>
      <object_component id="oc-5e">
         <name>.debug_info</name>
         <load_address>0x11ef</load_address>
         <run_address>0x11ef</run_address>
         <size>0x1ef</size>
         <input_file_ref idref="fl-135"/>
      </object_component>
      <object_component id="oc-61">
         <name>.debug_info</name>
         <load_address>0x13de</load_address>
         <run_address>0x13de</run_address>
         <size>0xb7</size>
         <input_file_ref idref="fl-135"/>
      </object_component>
      <object_component id="oc-62">
         <name>.debug_info</name>
         <load_address>0x1495</load_address>
         <run_address>0x1495</run_address>
         <size>0x39</size>
         <input_file_ref idref="fl-135"/>
      </object_component>
      <object_component id="oc-6a">
         <name>.debug_info</name>
         <load_address>0x14ce</load_address>
         <run_address>0x14ce</run_address>
         <size>0x84</size>
         <input_file_ref idref="fl-2"/>
      </object_component>
      <object_component id="oc-6f">
         <name>.debug_info</name>
         <load_address>0x1552</load_address>
         <run_address>0x1552</run_address>
         <size>0x18b</size>
         <input_file_ref idref="fl-2"/>
      </object_component>
      <object_component id="oc-76">
         <name>.debug_info</name>
         <load_address>0x16dd</load_address>
         <run_address>0x16dd</run_address>
         <size>0x14b</size>
         <input_file_ref idref="fl-148"/>
      </object_component>
      <object_component id="oc-7c">
         <name>.debug_info</name>
         <load_address>0x1828</load_address>
         <run_address>0x1828</run_address>
         <size>0x12fe</size>
         <input_file_ref idref="fl-3"/>
      </object_component>
      <object_component id="oc-82">
         <name>.debug_info</name>
         <load_address>0x2b26</load_address>
         <run_address>0x2b26</run_address>
         <size>0x11b</size>
         <input_file_ref idref="fl-146"/>
      </object_component>
      <object_component id="oc-84">
         <name>.debug_info</name>
         <load_address>0x2c41</load_address>
         <run_address>0x2c41</run_address>
         <size>0xc8</size>
         <input_file_ref idref="fl-145"/>
      </object_component>
      <object_component id="oc-87">
         <name>.debug_info</name>
         <load_address>0x2d09</load_address>
         <run_address>0x2d09</run_address>
         <size>0xeb</size>
         <input_file_ref idref="fl-137"/>
      </object_component>
      <object_component id="oc-8a">
         <name>.debug_info</name>
         <load_address>0x2df4</load_address>
         <run_address>0x2df4</run_address>
         <size>0x146</size>
         <input_file_ref idref="fl-137"/>
      </object_component>
      <object_component id="oc-8f">
         <name>.debug_info</name>
         <load_address>0x2f3a</load_address>
         <run_address>0x2f3a</run_address>
         <size>0x2c</size>
         <input_file_ref idref="fl-134"/>
      </object_component>
      <object_component id="oc-96">
         <name>.debug_info</name>
         <load_address>0x2f66</load_address>
         <run_address>0x2f66</run_address>
         <size>0x2c</size>
         <input_file_ref idref="fl-2"/>
      </object_component>
      <object_component id="oc-a1">
         <name>.debug_info</name>
         <load_address>0x2f92</load_address>
         <run_address>0x2f92</run_address>
         <size>0x148</size>
         <input_file_ref idref="fl-148"/>
      </object_component>
      <object_component id="oc-a3">
         <name>.debug_info</name>
         <load_address>0x30da</load_address>
         <run_address>0x30da</run_address>
         <size>0x6db</size>
         <input_file_ref idref="fl-5"/>
      </object_component>
      <object_component id="oc-a9">
         <name>.debug_info</name>
         <load_address>0x37b5</load_address>
         <run_address>0x37b5</run_address>
         <size>0x228</size>
         <input_file_ref idref="fl-157"/>
      </object_component>
      <object_component id="oc-af">
         <name>.debug_info</name>
         <load_address>0x39dd</load_address>
         <run_address>0x39dd</run_address>
         <size>0x9f1</size>
         <input_file_ref idref="fl-2"/>
      </object_component>
      <object_component id="oc-b5">
         <name>.debug_info</name>
         <load_address>0x43ce</load_address>
         <run_address>0x43ce</run_address>
         <size>0xe4</size>
         <input_file_ref idref="fl-3"/>
      </object_component>
      <object_component id="oc-b8">
         <name>.debug_info</name>
         <load_address>0x44b2</load_address>
         <run_address>0x44b2</run_address>
         <size>0xe1</size>
         <input_file_ref idref="fl-13f"/>
      </object_component>
      <object_component id="oc-bd">
         <name>.debug_info</name>
         <load_address>0x4593</load_address>
         <run_address>0x4593</run_address>
         <size>0x537</size>
         <input_file_ref idref="fl-13c"/>
      </object_component>
      <object_component id="oc-c5">
         <name>.debug_info</name>
         <load_address>0x4aca</load_address>
         <run_address>0x4aca</run_address>
         <size>0xed</size>
         <input_file_ref idref="fl-13a"/>
      </object_component>
      <object_component id="oc-c8">
         <name>.debug_info</name>
         <load_address>0x4bb7</load_address>
         <run_address>0x4bb7</run_address>
         <size>0xff</size>
         <input_file_ref idref="fl-138"/>
      </object_component>
      <object_component id="oc-cd">
         <name>.debug_info</name>
         <load_address>0x4cb6</load_address>
         <run_address>0x4cb6</run_address>
         <size>0xed</size>
         <input_file_ref idref="fl-139"/>
      </object_component>
      <object_component id="oc-d2">
         <name>.debug_info</name>
         <load_address>0x4da3</load_address>
         <run_address>0x4da3</run_address>
         <size>0x8b</size>
         <input_file_ref idref="fl-3"/>
      </object_component>
      <object_component id="oc-d7">
         <name>.debug_info</name>
         <load_address>0x4e2e</load_address>
         <run_address>0x4e2e</run_address>
         <size>0x31f</size>
         <input_file_ref idref="fl-3"/>
      </object_component>
      <object_component id="oc-da">
         <name>.debug_info</name>
         <load_address>0x514d</load_address>
         <run_address>0x514d</run_address>
         <size>0x5e</size>
         <input_file_ref idref="fl-146"/>
      </object_component>
      <object_component id="oc-e0">
         <name>.debug_info</name>
         <load_address>0x51ab</load_address>
         <run_address>0x51ab</run_address>
         <size>0x1d4</size>
         <input_file_ref idref="fl-145"/>
      </object_component>
      <object_component id="oc-e7">
         <name>.debug_info</name>
         <load_address>0x537f</load_address>
         <run_address>0x537f</run_address>
         <size>0xd9</size>
         <input_file_ref idref="fl-145"/>
      </object_component>
      <object_component id="oc-ef">
         <name>.debug_info</name>
         <load_address>0x5458</load_address>
         <run_address>0x5458</run_address>
         <size>0xcd</size>
         <input_file_ref idref="fl-148"/>
      </object_component>
      <object_component id="oc-f5">
         <name>.debug_info</name>
         <load_address>0x5525</load_address>
         <run_address>0x5525</run_address>
         <size>0x137</size>
         <input_file_ref idref="fl-13e"/>
      </object_component>
      <object_component id="oc-fa">
         <name>.debug_info</name>
         <load_address>0x565c</load_address>
         <run_address>0x565c</run_address>
         <size>0xef</size>
         <input_file_ref idref="fl-5"/>
      </object_component>
      <object_component id="oc-fd">
         <name>.debug_info</name>
         <load_address>0x574b</load_address>
         <run_address>0x574b</run_address>
         <size>0x145</size>
         <input_file_ref idref="fl-5"/>
      </object_component>
      <object_component id="oc-100">
         <name>.debug_info</name>
         <load_address>0x5890</load_address>
         <run_address>0x5890</run_address>
         <size>0x10d</size>
         <input_file_ref idref="fl-5"/>
      </object_component>
      <object_component id="oc-101">
         <name>.debug_info</name>
         <load_address>0x599d</load_address>
         <run_address>0x599d</run_address>
         <size>0x4e</size>
         <input_file_ref idref="fl-2"/>
      </object_component>
      <object_component id="oc-107">
         <name>.debug_info</name>
         <load_address>0x59eb</load_address>
         <run_address>0x59eb</run_address>
         <size>0x21b</size>
         <input_file_ref idref="fl-157"/>
      </object_component>
      <object_component id="oc-10a">
         <name>.debug_info</name>
         <load_address>0x5c06</load_address>
         <run_address>0x5c06</run_address>
         <size>0x29c</size>
         <input_file_ref idref="fl-156"/>
      </object_component>
      <object_component id="oc-10f">
         <name>.debug_info</name>
         <load_address>0x5ea2</load_address>
         <run_address>0x5ea2</run_address>
         <size>0x22b</size>
         <input_file_ref idref="fl-156"/>
      </object_component>
      <object_component id="oc-115">
         <name>.debug_info</name>
         <load_address>0x60cd</load_address>
         <run_address>0x60cd</run_address>
         <size>0x196</size>
         <input_file_ref idref="fl-2"/>
      </object_component>
      <object_component id="oc-118">
         <name>.debug_info</name>
         <load_address>0x6263</load_address>
         <run_address>0x6263</run_address>
         <size>0xfc</size>
         <input_file_ref idref="fl-2"/>
      </object_component>
      <object_component id="oc-11f">
         <name>.debug_info</name>
         <load_address>0x635f</load_address>
         <run_address>0x635f</run_address>
         <size>0x147</size>
         <input_file_ref idref="fl-141"/>
      </object_component>
      <object_component id="oc-126">
         <name>.debug_info</name>
         <load_address>0x64a6</load_address>
         <run_address>0x64a6</run_address>
         <size>0x176</size>
         <input_file_ref idref="fl-140"/>
      </object_component>
      <object_component id="oc-12c">
         <name>.debug_info</name>
         <load_address>0x661c</load_address>
         <run_address>0x661c</run_address>
         <size>0xdb</size>
         <input_file_ref idref="fl-14a"/>
      </object_component>
      <object_component id="oc-131">
         <name>.debug_info</name>
         <load_address>0x66f7</load_address>
         <run_address>0x66f7</run_address>
         <size>0x127</size>
         <input_file_ref idref="fl-143"/>
      </object_component>
      <object_component id="oc-136">
         <name>.debug_info</name>
         <load_address>0x681e</load_address>
         <run_address>0x681e</run_address>
         <size>0xdf</size>
         <input_file_ref idref="fl-14d"/>
      </object_component>
      <object_component id="oc-13b">
         <name>.debug_info</name>
         <load_address>0x68fd</load_address>
         <run_address>0x68fd</run_address>
         <size>0xe1</size>
         <input_file_ref idref="fl-14b"/>
      </object_component>
      <object_component id="oc-141">
         <name>.debug_info</name>
         <load_address>0x69de</load_address>
         <run_address>0x69de</run_address>
         <size>0xff</size>
         <input_file_ref idref="fl-14e"/>
      </object_component>
      <object_component id="oc-146">
         <name>.debug_info</name>
         <load_address>0x6add</load_address>
         <run_address>0x6add</run_address>
         <size>0x39a</size>
         <input_file_ref idref="fl-142"/>
      </object_component>
      <object_component id="oc-14c">
         <name>.debug_info</name>
         <load_address>0x6e77</load_address>
         <run_address>0x6e77</run_address>
         <size>0x189</size>
         <input_file_ref idref="fl-144"/>
      </object_component>
      <object_component id="oc-14f">
         <name>.debug_info</name>
         <load_address>0x7000</load_address>
         <run_address>0x7000</run_address>
         <size>0x1a7</size>
         <input_file_ref idref="fl-13c"/>
      </object_component>
      <object_component id="oc-163">
         <name>.debug_info</name>
         <load_address>0x71a7</load_address>
         <run_address>0x71a7</run_address>
         <size>0x1f2</size>
         <input_file_ref idref="fl-156"/>
      </object_component>
      <object_component id="oc-16c">
         <name>.debug_info</name>
         <load_address>0x7399</load_address>
         <run_address>0x7399</run_address>
         <size>0x121</size>
         <input_file_ref idref="fl-151"/>
      </object_component>
      <object_component id="oc-170">
         <name>.debug_info</name>
         <load_address>0x74ba</load_address>
         <run_address>0x74ba</run_address>
         <size>0xcf</size>
         <input_file_ref idref="fl-141"/>
      </object_component>
      <object_component id="oc-173">
         <name>.debug_info</name>
         <load_address>0x7589</load_address>
         <run_address>0x7589</run_address>
         <size>0x10f</size>
         <input_file_ref idref="fl-140"/>
      </object_component>
      <object_component id="oc-178">
         <name>.debug_info</name>
         <load_address>0x7698</load_address>
         <run_address>0x7698</run_address>
         <size>0x143</size>
         <input_file_ref idref="fl-14c"/>
      </object_component>
      <object_component id="oc-17d">
         <name>.debug_info</name>
         <load_address>0x77db</load_address>
         <run_address>0x77db</run_address>
         <size>0xaa</size>
         <input_file_ref idref="fl-149"/>
      </object_component>
      <object_component id="oc-186">
         <name>.debug_info</name>
         <load_address>0x7885</load_address>
         <run_address>0x7885</run_address>
         <size>0x4a5</size>
         <input_file_ref idref="fl-153"/>
      </object_component>
      <object_component id="oc-189">
         <name>.debug_info</name>
         <load_address>0x7d2a</load_address>
         <run_address>0x7d2a</run_address>
         <size>0xb4</size>
         <input_file_ref idref="fl-14e"/>
      </object_component>
      <object_component id="oc-18b">
         <name>.debug_info</name>
         <load_address>0x7dde</load_address>
         <run_address>0x7dde</run_address>
         <size>0x172</size>
         <input_file_ref idref="fl-152"/>
      </object_component>
      <object_component id="oc-191">
         <name>.debug_info</name>
         <load_address>0x7f50</load_address>
         <run_address>0x7f50</run_address>
         <size>0x111</size>
         <input_file_ref idref="fl-142"/>
      </object_component>
      <object_component id="oc-194">
         <name>.debug_info</name>
         <load_address>0x8061</load_address>
         <run_address>0x8061</run_address>
         <size>0x147</size>
         <input_file_ref idref="fl-142"/>
      </object_component>
      <object_component id="oc-198">
         <name>.debug_info</name>
         <load_address>0x81a8</load_address>
         <run_address>0x81a8</run_address>
         <size>0x86</size>
         <input_file_ref idref="fl-3"/>
      </object_component>
      <object_component id="oc-1a1">
         <name>.debug_info</name>
         <load_address>0x822e</load_address>
         <run_address>0x822e</run_address>
         <size>0x51</size>
         <input_file_ref idref="fl-2"/>
      </object_component>
      <object_component id="oc-1a7">
         <name>.debug_info</name>
         <load_address>0x827f</load_address>
         <run_address>0x827f</run_address>
         <size>0x9a</size>
         <input_file_ref idref="fl-151"/>
      </object_component>
      <object_component id="oc-1af">
         <name>.debug_info</name>
         <load_address>0x8319</load_address>
         <run_address>0x8319</run_address>
         <size>0x128</size>
         <input_file_ref idref="fl-14f"/>
      </object_component>
      <object_component id="oc-1b3">
         <name>.debug_info</name>
         <load_address>0x8441</load_address>
         <run_address>0x8441</run_address>
         <size>0xe2</size>
         <input_file_ref idref="fl-14c"/>
      </object_component>
      <object_component id="oc-1b9">
         <name>.debug_info</name>
         <load_address>0x8523</load_address>
         <run_address>0x8523</run_address>
         <size>0xdf</size>
         <input_file_ref idref="fl-154"/>
      </object_component>
      <object_component id="oc-1be">
         <name>.debug_info</name>
         <load_address>0x8602</load_address>
         <run_address>0x8602</run_address>
         <size>0x179</size>
         <input_file_ref idref="fl-155"/>
      </object_component>
      <object_component id="oc-1c1">
         <name>.debug_info</name>
         <load_address>0x877b</load_address>
         <run_address>0x877b</run_address>
         <size>0x9f</size>
         <input_file_ref idref="fl-153"/>
      </object_component>
      <object_component id="oc-1c4">
         <name>.debug_info</name>
         <load_address>0x881a</load_address>
         <run_address>0x881a</run_address>
         <size>0x138</size>
         <input_file_ref idref="fl-153"/>
      </object_component>
      <object_component id="oc-1c8">
         <name>.debug_info</name>
         <load_address>0x8952</load_address>
         <run_address>0x8952</run_address>
         <size>0xe5</size>
         <input_file_ref idref="fl-152"/>
      </object_component>
      <object_component id="oc-1d1">
         <name>.debug_info</name>
         <load_address>0x8a37</load_address>
         <run_address>0x8a37</run_address>
         <size>0x13e</size>
         <input_file_ref idref="fl-150"/>
      </object_component>
      <object_component id="oc-1d6">
         <name>.debug_info</name>
         <load_address>0x8b75</load_address>
         <run_address>0x8b75</run_address>
         <size>0xd1</size>
         <input_file_ref idref="fl-14f"/>
      </object_component>
      <object_component id="oc-1d9">
         <name>.debug_info</name>
         <load_address>0x8c46</load_address>
         <run_address>0x8c46</run_address>
         <size>0x6f</size>
         <input_file_ref idref="fl-14c"/>
      </object_component>
      <object_component id="oc-1de">
         <name>.debug_info</name>
         <load_address>0x8cb5</load_address>
         <run_address>0x8cb5</run_address>
         <size>0x112</size>
         <input_file_ref idref="fl-14c"/>
      </object_component>
      <object_component id="oc-1ea">
         <name>.debug_info</name>
         <load_address>0x8dc7</load_address>
         <run_address>0x8dc7</run_address>
         <size>0xaf</size>
         <input_file_ref idref="fl-150"/>
      </object_component>
      <object_component id="oc-1ed">
         <name>.debug_info</name>
         <load_address>0x8e76</load_address>
         <run_address>0x8e76</run_address>
         <size>0xf1</size>
         <input_file_ref idref="fl-150"/>
      </object_component>
      <object_component id="oc-1f0">
         <name>.debug_info</name>
         <load_address>0x8f67</load_address>
         <run_address>0x8f67</run_address>
         <size>0x2c</size>
         <input_file_ref idref="fl-14f"/>
      </object_component>
      <object_component id="oc-21c">
         <name>.debug_info</name>
         <load_address>0x8f93</load_address>
         <run_address>0x8f93</run_address>
         <size>0xbd</size>
      </object_component>
      <object_component id="oc-10">
         <name>.debug_pubnames</name>
         <load_address>0x0</load_address>
         <run_address>0x0</run_address>
         <size>0x23</size>
         <input_file_ref idref="fl-4"/>
      </object_component>
      <object_component id="oc-15">
         <name>.debug_pubnames</name>
         <load_address>0x23</load_address>
         <run_address>0x23</run_address>
         <size>0x1f</size>
         <input_file_ref idref="fl-133"/>
      </object_component>
      <object_component id="oc-1b">
         <name>.debug_pubnames</name>
         <load_address>0x42</load_address>
         <run_address>0x42</run_address>
         <size>0x2b</size>
         <input_file_ref idref="fl-134"/>
      </object_component>
      <object_component id="oc-1f">
         <name>.debug_pubnames</name>
         <load_address>0x6d</load_address>
         <run_address>0x6d</run_address>
         <size>0x25</size>
         <input_file_ref idref="fl-136"/>
      </object_component>
      <object_component id="oc-27">
         <name>.debug_pubnames</name>
         <load_address>0x92</load_address>
         <run_address>0x92</run_address>
         <size>0x2c</size>
         <input_file_ref idref="fl-135"/>
      </object_component>
      <object_component id="oc-2d">
         <name>.debug_pubnames</name>
         <load_address>0xbe</load_address>
         <run_address>0xbe</run_address>
         <size>0x4c</size>
         <input_file_ref idref="fl-4"/>
      </object_component>
      <object_component id="oc-35">
         <name>.debug_pubnames</name>
         <load_address>0x10a</load_address>
         <run_address>0x10a</run_address>
         <size>0x37</size>
         <input_file_ref idref="fl-147"/>
      </object_component>
      <object_component id="oc-3a">
         <name>.debug_pubnames</name>
         <load_address>0x141</load_address>
         <run_address>0x141</run_address>
         <size>0x21</size>
         <input_file_ref idref="fl-146"/>
      </object_component>
      <object_component id="oc-42">
         <name>.debug_pubnames</name>
         <load_address>0x162</load_address>
         <run_address>0x162</run_address>
         <size>0x35</size>
         <input_file_ref idref="fl-137"/>
      </object_component>
      <object_component id="oc-45">
         <name>.debug_pubnames</name>
         <load_address>0x197</load_address>
         <run_address>0x197</run_address>
         <size>0x23</size>
         <input_file_ref idref="fl-13d"/>
      </object_component>
      <object_component id="oc-4a">
         <name>.debug_pubnames</name>
         <load_address>0x1ba</load_address>
         <run_address>0x1ba</run_address>
         <size>0x1d</size>
         <input_file_ref idref="fl-13b"/>
      </object_component>
      <object_component id="oc-5f">
         <name>.debug_pubnames</name>
         <load_address>0x1d7</load_address>
         <run_address>0x1d7</run_address>
         <size>0x2f</size>
         <input_file_ref idref="fl-135"/>
      </object_component>
      <object_component id="oc-78">
         <name>.debug_pubnames</name>
         <load_address>0x206</load_address>
         <run_address>0x206</run_address>
         <size>0x1e</size>
         <input_file_ref idref="fl-148"/>
      </object_component>
      <object_component id="oc-7e">
         <name>.debug_pubnames</name>
         <load_address>0x224</load_address>
         <run_address>0x224</run_address>
         <size>0xff</size>
         <input_file_ref idref="fl-3"/>
      </object_component>
      <object_component id="oc-85">
         <name>.debug_pubnames</name>
         <load_address>0x323</load_address>
         <run_address>0x323</run_address>
         <size>0x28</size>
         <input_file_ref idref="fl-145"/>
      </object_component>
      <object_component id="oc-88">
         <name>.debug_pubnames</name>
         <load_address>0x34b</load_address>
         <run_address>0x34b</run_address>
         <size>0x3a</size>
         <input_file_ref idref="fl-137"/>
      </object_component>
      <object_component id="oc-a4">
         <name>.debug_pubnames</name>
         <load_address>0x385</load_address>
         <run_address>0x385</run_address>
         <size>0x6d</size>
         <input_file_ref idref="fl-5"/>
      </object_component>
      <object_component id="oc-ab">
         <name>.debug_pubnames</name>
         <load_address>0x3f2</load_address>
         <run_address>0x3f2</run_address>
         <size>0x27</size>
         <input_file_ref idref="fl-157"/>
      </object_component>
      <object_component id="oc-b0">
         <name>.debug_pubnames</name>
         <load_address>0x419</load_address>
         <run_address>0x419</run_address>
         <size>0x133</size>
         <input_file_ref idref="fl-2"/>
      </object_component>
      <object_component id="oc-b6">
         <name>.debug_pubnames</name>
         <load_address>0x54c</load_address>
         <run_address>0x54c</run_address>
         <size>0x1e</size>
         <input_file_ref idref="fl-3"/>
      </object_component>
      <object_component id="oc-ba">
         <name>.debug_pubnames</name>
         <load_address>0x56a</load_address>
         <run_address>0x56a</run_address>
         <size>0x23</size>
         <input_file_ref idref="fl-13f"/>
      </object_component>
      <object_component id="oc-be">
         <name>.debug_pubnames</name>
         <load_address>0x58d</load_address>
         <run_address>0x58d</run_address>
         <size>0x1a</size>
         <input_file_ref idref="fl-13c"/>
      </object_component>
      <object_component id="oc-c6">
         <name>.debug_pubnames</name>
         <load_address>0x5a7</load_address>
         <run_address>0x5a7</run_address>
         <size>0x23</size>
         <input_file_ref idref="fl-13a"/>
      </object_component>
      <object_component id="oc-c9">
         <name>.debug_pubnames</name>
         <load_address>0x5ca</load_address>
         <run_address>0x5ca</run_address>
         <size>0x23</size>
         <input_file_ref idref="fl-138"/>
      </object_component>
      <object_component id="oc-ce">
         <name>.debug_pubnames</name>
         <load_address>0x5ed</load_address>
         <run_address>0x5ed</run_address>
         <size>0x23</size>
         <input_file_ref idref="fl-139"/>
      </object_component>
      <object_component id="oc-e2">
         <name>.debug_pubnames</name>
         <load_address>0x610</load_address>
         <run_address>0x610</run_address>
         <size>0x43</size>
         <input_file_ref idref="fl-145"/>
      </object_component>
      <object_component id="oc-f7">
         <name>.debug_pubnames</name>
         <load_address>0x653</load_address>
         <run_address>0x653</run_address>
         <size>0x39</size>
         <input_file_ref idref="fl-13e"/>
      </object_component>
      <object_component id="oc-fb">
         <name>.debug_pubnames</name>
         <load_address>0x68c</load_address>
         <run_address>0x68c</run_address>
         <size>0x21</size>
         <input_file_ref idref="fl-5"/>
      </object_component>
      <object_component id="oc-fe">
         <name>.debug_pubnames</name>
         <load_address>0x6ad</load_address>
         <run_address>0x6ad</run_address>
         <size>0x46</size>
         <input_file_ref idref="fl-5"/>
      </object_component>
      <object_component id="oc-10b">
         <name>.debug_pubnames</name>
         <load_address>0x6f3</load_address>
         <run_address>0x6f3</run_address>
         <size>0x23</size>
         <input_file_ref idref="fl-156"/>
      </object_component>
      <object_component id="oc-110">
         <name>.debug_pubnames</name>
         <load_address>0x716</load_address>
         <run_address>0x716</run_address>
         <size>0x21</size>
         <input_file_ref idref="fl-156"/>
      </object_component>
      <object_component id="oc-116">
         <name>.debug_pubnames</name>
         <load_address>0x737</load_address>
         <run_address>0x737</run_address>
         <size>0x26</size>
         <input_file_ref idref="fl-2"/>
      </object_component>
      <object_component id="oc-119">
         <name>.debug_pubnames</name>
         <load_address>0x75d</load_address>
         <run_address>0x75d</run_address>
         <size>0x27</size>
         <input_file_ref idref="fl-2"/>
      </object_component>
      <object_component id="oc-121">
         <name>.debug_pubnames</name>
         <load_address>0x784</load_address>
         <run_address>0x784</run_address>
         <size>0x20</size>
         <input_file_ref idref="fl-141"/>
      </object_component>
      <object_component id="oc-128">
         <name>.debug_pubnames</name>
         <load_address>0x7a4</load_address>
         <run_address>0x7a4</run_address>
         <size>0x1c</size>
         <input_file_ref idref="fl-140"/>
      </object_component>
      <object_component id="oc-12d">
         <name>.debug_pubnames</name>
         <load_address>0x7c0</load_address>
         <run_address>0x7c0</run_address>
         <size>0x26</size>
         <input_file_ref idref="fl-14a"/>
      </object_component>
      <object_component id="oc-132">
         <name>.debug_pubnames</name>
         <load_address>0x7e6</load_address>
         <run_address>0x7e6</run_address>
         <size>0x1f</size>
         <input_file_ref idref="fl-143"/>
      </object_component>
      <object_component id="oc-138">
         <name>.debug_pubnames</name>
         <load_address>0x805</load_address>
         <run_address>0x805</run_address>
         <size>0x22</size>
         <input_file_ref idref="fl-14d"/>
      </object_component>
      <object_component id="oc-13c">
         <name>.debug_pubnames</name>
         <load_address>0x827</load_address>
         <run_address>0x827</run_address>
         <size>0x23</size>
         <input_file_ref idref="fl-14b"/>
      </object_component>
      <object_component id="oc-143">
         <name>.debug_pubnames</name>
         <load_address>0x84a</load_address>
         <run_address>0x84a</run_address>
         <size>0x1a</size>
         <input_file_ref idref="fl-14e"/>
      </object_component>
      <object_component id="oc-148">
         <name>.debug_pubnames</name>
         <load_address>0x864</load_address>
         <run_address>0x864</run_address>
         <size>0x1b</size>
         <input_file_ref idref="fl-142"/>
      </object_component>
      <object_component id="oc-14d">
         <name>.debug_pubnames</name>
         <load_address>0x87f</load_address>
         <run_address>0x87f</run_address>
         <size>0x6f</size>
         <input_file_ref idref="fl-144"/>
      </object_component>
      <object_component id="oc-16d">
         <name>.debug_pubnames</name>
         <load_address>0x8ee</load_address>
         <run_address>0x8ee</run_address>
         <size>0x1d</size>
         <input_file_ref idref="fl-151"/>
      </object_component>
      <object_component id="oc-179">
         <name>.debug_pubnames</name>
         <load_address>0x90b</load_address>
         <run_address>0x90b</run_address>
         <size>0x24</size>
         <input_file_ref idref="fl-14c"/>
      </object_component>
      <object_component id="oc-17e">
         <name>.debug_pubnames</name>
         <load_address>0x92f</load_address>
         <run_address>0x92f</run_address>
         <size>0x1d</size>
         <input_file_ref idref="fl-149"/>
      </object_component>
      <object_component id="oc-187">
         <name>.debug_pubnames</name>
         <load_address>0x94c</load_address>
         <run_address>0x94c</run_address>
         <size>0x1b</size>
         <input_file_ref idref="fl-153"/>
      </object_component>
      <object_component id="oc-18d">
         <name>.debug_pubnames</name>
         <load_address>0x967</load_address>
         <run_address>0x967</run_address>
         <size>0x1e</size>
         <input_file_ref idref="fl-152"/>
      </object_component>
      <object_component id="oc-192">
         <name>.debug_pubnames</name>
         <load_address>0x985</load_address>
         <run_address>0x985</run_address>
         <size>0x42</size>
         <input_file_ref idref="fl-142"/>
      </object_component>
      <object_component id="oc-1b0">
         <name>.debug_pubnames</name>
         <load_address>0x9c7</load_address>
         <run_address>0x9c7</run_address>
         <size>0x1c</size>
         <input_file_ref idref="fl-14f"/>
      </object_component>
      <object_component id="oc-1b4">
         <name>.debug_pubnames</name>
         <load_address>0x9e3</load_address>
         <run_address>0x9e3</run_address>
         <size>0x31</size>
         <input_file_ref idref="fl-14c"/>
      </object_component>
      <object_component id="oc-1ba">
         <name>.debug_pubnames</name>
         <load_address>0xa14</load_address>
         <run_address>0xa14</run_address>
         <size>0x22</size>
         <input_file_ref idref="fl-154"/>
      </object_component>
      <object_component id="oc-1bf">
         <name>.debug_pubnames</name>
         <load_address>0xa36</load_address>
         <run_address>0xa36</run_address>
         <size>0x6a</size>
         <input_file_ref idref="fl-155"/>
      </object_component>
      <object_component id="oc-1c2">
         <name>.debug_pubnames</name>
         <load_address>0xaa0</load_address>
         <run_address>0xaa0</run_address>
         <size>0x18</size>
         <input_file_ref idref="fl-153"/>
      </object_component>
      <object_component id="oc-1d2">
         <name>.debug_pubnames</name>
         <load_address>0xab8</load_address>
         <run_address>0xab8</run_address>
         <size>0x1d</size>
         <input_file_ref idref="fl-150"/>
      </object_component>
      <object_component id="oc-1eb">
         <name>.debug_pubnames</name>
         <load_address>0xad5</load_address>
         <run_address>0xad5</run_address>
         <size>0x1f</size>
         <input_file_ref idref="fl-150"/>
      </object_component>
      <object_component id="oc-12">
         <name>.debug_line</name>
         <load_address>0x0</load_address>
         <run_address>0x0</run_address>
         <size>0x4f</size>
         <input_file_ref idref="fl-133"/>
      </object_component>
      <object_component id="oc-18">
         <name>.debug_line</name>
         <load_address>0x4f</load_address>
         <run_address>0x4f</run_address>
         <size>0x55</size>
         <input_file_ref idref="fl-134"/>
      </object_component>
      <object_component id="oc-20">
         <name>.debug_line</name>
         <load_address>0xa4</load_address>
         <run_address>0xa4</run_address>
         <size>0x4c</size>
         <input_file_ref idref="fl-136"/>
      </object_component>
      <object_component id="oc-24">
         <name>.debug_line</name>
         <load_address>0xf0</load_address>
         <run_address>0xf0</run_address>
         <size>0x4b</size>
         <input_file_ref idref="fl-135"/>
      </object_component>
      <object_component id="oc-2e">
         <name>.debug_line</name>
         <load_address>0x13b</load_address>
         <run_address>0x13b</run_address>
         <size>0x9b</size>
         <input_file_ref idref="fl-4"/>
      </object_component>
      <object_component id="oc-30">
         <name>.debug_line</name>
         <load_address>0x1d6</load_address>
         <run_address>0x1d6</run_address>
         <size>0x41</size>
         <input_file_ref idref="fl-4"/>
      </object_component>
      <object_component id="oc-36">
         <name>.debug_line</name>
         <load_address>0x217</load_address>
         <run_address>0x217</run_address>
         <size>0x87</size>
         <input_file_ref idref="fl-147"/>
      </object_component>
      <object_component id="oc-3b">
         <name>.debug_line</name>
         <load_address>0x29e</load_address>
         <run_address>0x29e</run_address>
         <size>0x50</size>
         <input_file_ref idref="fl-146"/>
      </object_component>
      <object_component id="oc-3f">
         <name>.debug_line</name>
         <load_address>0x2ee</load_address>
         <run_address>0x2ee</run_address>
         <size>0x7a</size>
         <input_file_ref idref="fl-137"/>
      </object_component>
      <object_component id="oc-4b">
         <name>.debug_line</name>
         <load_address>0x368</load_address>
         <run_address>0x368</run_address>
         <size>0x88</size>
         <input_file_ref idref="fl-13b"/>
      </object_component>
      <object_component id="oc-50">
         <name>.debug_line</name>
         <load_address>0x3f0</load_address>
         <run_address>0x3f0</run_address>
         <size>0x3a</size>
         <input_file_ref idref="fl-134"/>
      </object_component>
      <object_component id="oc-57">
         <name>.debug_line</name>
         <load_address>0x42a</load_address>
         <run_address>0x42a</run_address>
         <size>0x34</size>
         <input_file_ref idref="fl-136"/>
      </object_component>
      <object_component id="oc-5b">
         <name>.debug_line</name>
         <load_address>0x45e</load_address>
         <run_address>0x45e</run_address>
         <size>0x8c</size>
         <input_file_ref idref="fl-135"/>
      </object_component>
      <object_component id="oc-65">
         <name>.debug_line</name>
         <load_address>0x4ea</load_address>
         <run_address>0x4ea</run_address>
         <size>0x39</size>
         <input_file_ref idref="fl-135"/>
      </object_component>
      <object_component id="oc-69">
         <name>.debug_line</name>
         <load_address>0x523</load_address>
         <run_address>0x523</run_address>
         <size>0x41</size>
         <input_file_ref idref="fl-4"/>
      </object_component>
      <object_component id="oc-6d">
         <name>.debug_line</name>
         <load_address>0x564</load_address>
         <run_address>0x564</run_address>
         <size>0x20</size>
         <input_file_ref idref="fl-2"/>
      </object_component>
      <object_component id="oc-72">
         <name>.debug_line</name>
         <load_address>0x584</load_address>
         <run_address>0x584</run_address>
         <size>0x62</size>
         <input_file_ref idref="fl-2"/>
      </object_component>
      <object_component id="oc-75">
         <name>.debug_line</name>
         <load_address>0x5e6</load_address>
         <run_address>0x5e6</run_address>
         <size>0x6d</size>
         <input_file_ref idref="fl-148"/>
      </object_component>
      <object_component id="oc-7f">
         <name>.debug_line</name>
         <load_address>0x653</load_address>
         <run_address>0x653</run_address>
         <size>0x556</size>
         <input_file_ref idref="fl-3"/>
      </object_component>
      <object_component id="oc-8d">
         <name>.debug_line</name>
         <load_address>0xba9</load_address>
         <run_address>0xba9</run_address>
         <size>0x33</size>
         <input_file_ref idref="fl-13d"/>
      </object_component>
      <object_component id="oc-92">
         <name>.debug_line</name>
         <load_address>0xbdc</load_address>
         <run_address>0xbdc</run_address>
         <size>0x44</size>
         <input_file_ref idref="fl-134"/>
      </object_component>
      <object_component id="oc-95">
         <name>.debug_line</name>
         <load_address>0xc20</load_address>
         <run_address>0xc20</run_address>
         <size>0x20</size>
         <input_file_ref idref="fl-134"/>
      </object_component>
      <object_component id="oc-99">
         <name>.debug_line</name>
         <load_address>0xc40</load_address>
         <run_address>0xc40</run_address>
         <size>0x62</size>
         <input_file_ref idref="fl-2"/>
      </object_component>
      <object_component id="oc-9c">
         <name>.debug_line</name>
         <load_address>0xca2</load_address>
         <run_address>0xca2</run_address>
         <size>0x20</size>
         <input_file_ref idref="fl-136"/>
      </object_component>
      <object_component id="oc-9f">
         <name>.debug_line</name>
         <load_address>0xcc2</load_address>
         <run_address>0xcc2</run_address>
         <size>0x20</size>
         <input_file_ref idref="fl-135"/>
      </object_component>
      <object_component id="oc-a6">
         <name>.debug_line</name>
         <load_address>0xce2</load_address>
         <run_address>0xce2</run_address>
         <size>0x25e</size>
         <input_file_ref idref="fl-5"/>
      </object_component>
      <object_component id="oc-ac">
         <name>.debug_line</name>
         <load_address>0xf40</load_address>
         <run_address>0xf40</run_address>
         <size>0x86</size>
         <input_file_ref idref="fl-157"/>
      </object_component>
      <object_component id="oc-b2">
         <name>.debug_line</name>
         <load_address>0xfc6</load_address>
         <run_address>0xfc6</run_address>
         <size>0x273</size>
         <input_file_ref idref="fl-2"/>
      </object_component>
      <object_component id="oc-bb">
         <name>.debug_line</name>
         <load_address>0x1239</load_address>
         <run_address>0x1239</run_address>
         <size>0x4c</size>
         <input_file_ref idref="fl-13f"/>
      </object_component>
      <object_component id="oc-c0">
         <name>.debug_line</name>
         <load_address>0x1285</load_address>
         <run_address>0x1285</run_address>
         <size>0x184</size>
         <input_file_ref idref="fl-13c"/>
      </object_component>
      <object_component id="oc-c3">
         <name>.debug_line</name>
         <load_address>0x1409</load_address>
         <run_address>0x1409</run_address>
         <size>0x8e</size>
         <input_file_ref idref="fl-13a"/>
      </object_component>
      <object_component id="oc-cb">
         <name>.debug_line</name>
         <load_address>0x1497</load_address>
         <run_address>0x1497</run_address>
         <size>0xd2</size>
         <input_file_ref idref="fl-138"/>
      </object_component>
      <object_component id="oc-d0">
         <name>.debug_line</name>
         <load_address>0x1569</load_address>
         <run_address>0x1569</run_address>
         <size>0xa8</size>
         <input_file_ref idref="fl-139"/>
      </object_component>
      <object_component id="oc-d5">
         <name>.debug_line</name>
         <load_address>0x1611</load_address>
         <run_address>0x1611</run_address>
         <size>0x20</size>
         <input_file_ref idref="fl-3"/>
      </object_component>
      <object_component id="oc-d9">
         <name>.debug_line</name>
         <load_address>0x1631</load_address>
         <run_address>0x1631</run_address>
         <size>0x2b</size>
         <input_file_ref idref="fl-146"/>
      </object_component>
      <object_component id="oc-dd">
         <name>.debug_line</name>
         <load_address>0x165c</load_address>
         <run_address>0x165c</run_address>
         <size>0x2b</size>
         <input_file_ref idref="fl-146"/>
      </object_component>
      <object_component id="oc-e3">
         <name>.debug_line</name>
         <load_address>0x1687</load_address>
         <run_address>0x1687</run_address>
         <size>0x66</size>
         <input_file_ref idref="fl-145"/>
      </object_component>
      <object_component id="oc-e6">
         <name>.debug_line</name>
         <load_address>0x16ed</load_address>
         <run_address>0x16ed</run_address>
         <size>0x2b</size>
         <input_file_ref idref="fl-145"/>
      </object_component>
      <object_component id="oc-ea">
         <name>.debug_line</name>
         <load_address>0x1718</load_address>
         <run_address>0x1718</run_address>
         <size>0x2a</size>
         <input_file_ref idref="fl-137"/>
      </object_component>
      <object_component id="oc-ec">
         <name>.debug_line</name>
         <load_address>0x1742</load_address>
         <run_address>0x1742</run_address>
         <size>0x43</size>
         <input_file_ref idref="fl-137"/>
      </object_component>
      <object_component id="oc-ee">
         <name>.debug_line</name>
         <load_address>0x1785</load_address>
         <run_address>0x1785</run_address>
         <size>0x51</size>
         <input_file_ref idref="fl-148"/>
      </object_component>
      <object_component id="oc-f2">
         <name>.debug_line</name>
         <load_address>0x17d6</load_address>
         <run_address>0x17d6</run_address>
         <size>0x45</size>
         <input_file_ref idref="fl-148"/>
      </object_component>
      <object_component id="oc-f8">
         <name>.debug_line</name>
         <load_address>0x181b</load_address>
         <run_address>0x181b</run_address>
         <size>0x6c</size>
         <input_file_ref idref="fl-13e"/>
      </object_component>
      <object_component id="oc-104">
         <name>.debug_line</name>
         <load_address>0x1887</load_address>
         <run_address>0x1887</run_address>
         <size>0x62</size>
         <input_file_ref idref="fl-2"/>
      </object_component>
      <object_component id="oc-10c">
         <name>.debug_line</name>
         <load_address>0x18e9</load_address>
         <run_address>0x18e9</run_address>
         <size>0xb0</size>
         <input_file_ref idref="fl-156"/>
      </object_component>
      <object_component id="oc-112">
         <name>.debug_line</name>
         <load_address>0x1999</load_address>
         <run_address>0x1999</run_address>
         <size>0x95</size>
         <input_file_ref idref="fl-156"/>
      </object_component>
      <object_component id="oc-11c">
         <name>.debug_line</name>
         <load_address>0x1a2e</load_address>
         <run_address>0x1a2e</run_address>
         <size>0x2d</size>
         <input_file_ref idref="fl-3"/>
      </object_component>
      <object_component id="oc-122">
         <name>.debug_line</name>
         <load_address>0x1a5b</load_address>
         <run_address>0x1a5b</run_address>
         <size>0x55</size>
         <input_file_ref idref="fl-141"/>
      </object_component>
      <object_component id="oc-125">
         <name>.debug_line</name>
         <load_address>0x1ab0</load_address>
         <run_address>0x1ab0</run_address>
         <size>0x76</size>
         <input_file_ref idref="fl-140"/>
      </object_component>
      <object_component id="oc-12e">
         <name>.debug_line</name>
         <load_address>0x1b26</load_address>
         <run_address>0x1b26</run_address>
         <size>0x77</size>
         <input_file_ref idref="fl-14a"/>
      </object_component>
      <object_component id="oc-133">
         <name>.debug_line</name>
         <load_address>0x1b9d</load_address>
         <run_address>0x1b9d</run_address>
         <size>0x4e</size>
         <input_file_ref idref="fl-143"/>
      </object_component>
      <object_component id="oc-139">
         <name>.debug_line</name>
         <load_address>0x1beb</load_address>
         <run_address>0x1beb</run_address>
         <size>0x50</size>
         <input_file_ref idref="fl-14d"/>
      </object_component>
      <object_component id="oc-13e">
         <name>.debug_line</name>
         <load_address>0x1c3b</load_address>
         <run_address>0x1c3b</run_address>
         <size>0x5a</size>
         <input_file_ref idref="fl-14b"/>
      </object_component>
      <object_component id="oc-144">
         <name>.debug_line</name>
         <load_address>0x1c95</load_address>
         <run_address>0x1c95</run_address>
         <size>0x3b</size>
         <input_file_ref idref="fl-14e"/>
      </object_component>
      <object_component id="oc-149">
         <name>.debug_line</name>
         <load_address>0x1cd0</load_address>
         <run_address>0x1cd0</run_address>
         <size>0x82</size>
         <input_file_ref idref="fl-142"/>
      </object_component>
      <object_component id="oc-154">
         <name>.debug_line</name>
         <load_address>0x1d52</load_address>
         <run_address>0x1d52</run_address>
         <size>0xd6</size>
         <input_file_ref idref="fl-3"/>
      </object_component>
      <object_component id="oc-157">
         <name>.debug_line</name>
         <load_address>0x1e28</load_address>
         <run_address>0x1e28</run_address>
         <size>0x20</size>
         <input_file_ref idref="fl-145"/>
      </object_component>
      <object_component id="oc-15a">
         <name>.debug_line</name>
         <load_address>0x1e48</load_address>
         <run_address>0x1e48</run_address>
         <size>0x32</size>
         <input_file_ref idref="fl-5"/>
      </object_component>
      <object_component id="oc-15d">
         <name>.debug_line</name>
         <load_address>0x1e7a</load_address>
         <run_address>0x1e7a</run_address>
         <size>0x32</size>
         <input_file_ref idref="fl-5"/>
      </object_component>
      <object_component id="oc-15f">
         <name>.debug_line</name>
         <load_address>0x1eac</load_address>
         <run_address>0x1eac</run_address>
         <size>0x20</size>
         <input_file_ref idref="fl-5"/>
      </object_component>
      <object_component id="oc-161">
         <name>.debug_line</name>
         <load_address>0x1ecc</load_address>
         <run_address>0x1ecc</run_address>
         <size>0x77</size>
         <input_file_ref idref="fl-157"/>
      </object_component>
      <object_component id="oc-166">
         <name>.debug_line</name>
         <load_address>0x1f43</load_address>
         <run_address>0x1f43</run_address>
         <size>0x86</size>
         <input_file_ref idref="fl-2"/>
      </object_component>
      <object_component id="oc-168">
         <name>.debug_line</name>
         <load_address>0x1fc9</load_address>
         <run_address>0x1fc9</run_address>
[...]
            <available_space>
               <start_address>0x20001228</start_address>
               <size>0x6dd8</size>
            </available_space>
         </usage_details>
      </memory_area>
   </placement_map>
   <cptbl_list>
      <cptbl>
         <name>__TI_cinit_table</name>
         <cprec>
            <name>.data</name>
            <load_address>0x2a50</load_address>
            <load_size>0x63</load_size>
            <run_address>0x20001000</run_address>
            <run_size>0x1c0</run_size>
            <compression>rle</compression>
         </cprec>
         <cprec>
            <name>.bss</name>
            <load_address>0x2ac0</load_address>
            <load_size>0x8</load_size>
            <run_address>0x200011c0</run_address>
            <run_size>0x68</run_size>
            <compression>zero_init</compression>
         </cprec>
      </cptbl>
   </cptbl_list>
   <handler_table>
      <handler_table_name>__TI_handler_table</handler_table_name>
      <handler>
         <index>0x0</index>
         <name>__TI_decompress_rle24</name>
      </handler>
      <handler>
         <index>0x1</index>
         <name>__TI_decompress_none</name>
      </handler>
      <handler>
         <index>0x2</index>
         <name>__TI_zero_init</name>
      </handler>
   </handler_table>
   <symbol_table>
      <symbol id="sm-1">
         <name>__STACK_TOP</name>
         <value>0x20000200</value>
      </symbol>
      <symbol id="sm-2">
         <name>__TI_CINIT_Base</name>
         <value>0x2ac8</value>
      </symbol>
      <symbol id="sm-3">
         <name>__TI_CINIT_Limit</name>
         <value>0x2ad8</value>
      </symbol>
      <symbol id="sm-4">
         <name>__TI_Handler_Table_Base</name>
         <value>0x2ab4</value>
      </symbol>
      <symbol id="sm-5">
         <name>__TI_Handler_Table_Limit</name>
         <value>0x2ac0</value>
      </symbol>
      <symbol id="sm-6">
         <name>binit</name>
         <value>0xffffffff</value>
      </symbol>
      <symbol id="sm-7">
         <name>__binit__</name>
         <value>0xffffffff</value>
      </symbol>
      <symbol id="sm-8">
         <name>__STACK_SIZE</name>
         <value>0x1000</value>
      </symbol>
      <symbol id="sm-9">
         <name>__STACK_END</name>
         <value>0x20001000</value>
      </symbol>
      <symbol id="sm-a">
         <name>__c_args__</name>
         <value>0xffffffff</value>
      </symbol>
      <symbol id="sm-72">
         <name>pack</name>
         <value>0x1cc3</value>
         <object_component_ref idref="oc-ae"/>
      </symbol>
      <symbol id="sm-73">
         <name>flashStoreUsed</name>
         <value>0x1d6d</value>
         <object_component_ref idref="oc-ae"/>
      </symbol>
      <symbol id="sm-74">
         <name>flashStoreGetCurrentAddr</name>
         <value>0x1e05</value>
         <object_component_ref idref="oc-ae"/>
      </symbol>
      <symbol id="sm-75">
         <name>flashStoreWriteRecord</name>
         <value>0x1cd3</value>
         <object_component_ref idref="oc-ae"/>
      </symbol>
      <symbol id="sm-76">
         <name>flashStoreInit</name>
         <value>0x1df9</value>
         <object_component_ref idref="oc-ae"/>
      </symbol>
      <symbol id="sm-77">
         <name>flashStoreSetCurrentAddr</name>
         <value>0x1d8b</value>
         <object_component_ref idref="oc-ae"/>
      </symbol>
      <symbol id="sm-78">
         <name>flashStoreFree</name>
         <value>0x1e0b</value>
         <object_component_ref idref="oc-ae"/>
      </symbol>
      <symbol id="sm-79">
         <name>unpack_c1</name>
         <value>0x1cb7</value>
         <object_component_ref idref="oc-ae"/>
      </symbol>
      <symbol id="sm-7a">
         <name>unpack_c0</name>
         <value>0x1cbd</value>
         <object_component_ref idref="oc-ae"/>
      </symbol>
      <symbol id="sm-7b">
         <name>unpack_c3</name>
         <value>0x1cad</value>
         <object_component_ref idref="oc-ae"/>
      </symbol>
      <symbol id="sm-7c">
         <name>unpack_c2</name>
         <value>0x1cb1</value>
         <object_component_ref idref="oc-ae"/>
      </symbol>
      <symbol id="sm-7d">
         <name>flashStoreErase</name>
         <value>0x1e29</value>
         <object_component_ref idref="oc-ae"/>
      </symbol>
      <symbol id="sm-7e">
         <name>flashStoreGetData</name>
         <value>0x1e01</value>
         <object_component_ref idref="oc-ae"/>
      </symbol>
      <symbol id="sm-7f">
         <name>flashStoreNewLogFile</name>
         <value>0x1d91</value>
         <object_component_ref idref="oc-ae"/>
      </symbol>
      <symbol id="sm-124">
         <name>altProm</name>
         <value>0x67d</value>
         <object_component_ref idref="oc-7b"/>
      </symbol>
      <symbol id="sm-125">
         <name>I2CBurstWrite</name>
         <value>0xcd1</value>
         <object_component_ref idref="oc-7b"/>
      </symbol>
      <symbol id="sm-126">
         <name>I2CWrite</name>
         <value>0x3bd</value>
         <object_component_ref idref="oc-7b"/>
      </symbol>
      <symbol id="sm-127">
         <name>LEDInit</name>
         <value>0x26d</value>
         <object_component_ref idref="oc-7b"/>
      </symbol>
      <symbol id="sm-128">
         <name>I2CRead</name>
         <value>0x543</value>
         <object_component_ref idref="oc-7b"/>
      </symbol>
      <symbol id="sm-129">
         <name>I2CBurstRead</name>
         <value>0x5ad</value>
         <object_component_ref idref="oc-7b"/>
      </symbol>
      <symbol id="sm-12a">
         <name>altReset</name>
         <value>0x4b5</value>
         <object_component_ref idref="oc-7b"/>
      </symbol>
      <symbol id="sm-12b">
         <name>LEDOff</name>
         <value>0x487</value>
         <object_component_ref idref="oc-7b"/>
      </symbol>
      <symbol id="sm-12c">
         <name>altInit</name>
         <value>0x4d5</value>
         <object_component_ref idref="oc-7b"/>
      </symbol>
      <symbol id="sm-12d">
         <name>main</name>
         <value>0x897</value>
         <object_component_ref idref="oc-7b"/>
      </symbol>
      <symbol id="sm-12e">
         <name>LEDOn</name>
         <value>0x451</value>
         <object_component_ref idref="oc-7b"/>
      </symbol>
      <symbol id="sm-12f">
         <name>Delay</name>
         <value>0x465</value>
         <object_component_ref idref="oc-7b"/>
      </symbol>
      <symbol id="sm-130">
         <name>consoleInit</name>
         <value>0x2a5</value>
         <object_component_ref idref="oc-7b"/>
      </symbol>
      <symbol id="sm-131">
         <name>LEDBlink</name>
         <value>0x49d</value>
         <object_component_ref idref="oc-7b"/>
      </symbol>
      <symbol id="sm-132">
         <name>altCRC4</name>
         <value>0x6cf</value>
         <object_component_ref idref="oc-7b"/>
      </symbol>
      <symbol id="sm-133">
         <name>altADCConversion</name>
         <value>0x769</value>
         <object_component_ref idref="oc-7b"/>
      </symbol>
      <symbol id="sm-134">
         <name>gpsInit</name>
         <value>0x2f3</value>
         <object_component_ref idref="oc-7b"/>
      </symbol>
      <symbol id="sm-135">
         <name>accelInit</name>
         <value>0x341</value>
         <object_component_ref idref="oc-7b"/>
      </symbol>
      <symbol id="sm-151">
         <name>ResetISR</name>
         <value>0x294d</value>
         <object_component_ref idref="oc-29"/>
      </symbol>
      <symbol id="sm-152">
         <name>g_pfnVectors</name>
         <value>0x0</value>
         <object_component_ref idref="oc-e"/>
      </symbol>
      <symbol id="sm-1b1">
         <name>UARTgetc</name>
         <value>0x1569</value>
         <object_component_ref idref="oc-a2"/>
      </symbol>
      <symbol id="sm-1b2">
         <name>UARTgets</name>
         <value>0x14e5</value>
         <object_component_ref idref="oc-a2"/>
      </symbol>
      <symbol id="sm-1b3">
         <name>UARTStdioConfig</name>
         <value>0x1581</value>
         <object_component_ref idref="oc-a2"/>
      </symbol>
      <symbol id="sm-1b4">
         <name>UARTwrite</name>
         <value>0x12c1</value>
         <object_component_ref idref="oc-a2"/>
      </symbol>
      <symbol id="sm-1b5">
         <name>UARTprintf</name>
         <value>0x14cb</value>
         <object_component_ref idref="oc-a2"/>
      </symbol>
      <symbol id="sm-1b6">
         <name>UARTvprintf</name>
         <value>0x1301</value>
         <object_component_ref idref="oc-a2"/>
      </symbol>
      <symbol id="sm-1c6">
         <name>_c_int00</name>
         <value>0x2601</value>
         <object_component_ref idref="oc-11"/>
      </symbol>
      <symbol id="sm-1c7">
         <name>__stack</name>
         <value>0x20000000</value>
         <object_component_ref idref="oc-28"/>
      </symbol>
      <symbol id="sm-1de">
         <name>__TI_decompress_none</name>
         <value>0x293f</value>
         <object_component_ref idref="oc-16"/>
      </symbol>
      <symbol id="sm-202">
         <name>__TI_decompress_rle24</name>
         <value>0x2959</value>
         <object_component_ref idref="oc-22"/>
      </symbol>
      <symbol id="sm-216">
         <name>__TI_zero_init</name>
         <value>0x292d</value>
         <object_component_ref idref="oc-1c"/>
      </symbol>
      <symbol id="sm-235">
         <name>C$$EXIT</name>
         <value>0x26d5</value>
         <object_component_ref idref="oc-3d"/>
      </symbol>
      <symbol id="sm-236">
         <name>abort</name>
         <value>0x26d9</value>
         <object_component_ref idref="oc-3d"/>
      </symbol>
      <symbol id="sm-237">
         <name>exit</name>
         <value>0x26e1</value>
         <object_component_ref idref="oc-3d"/>
      </symbol>
      <symbol id="sm-238">
         <name>__TI_dtors_ptr</name>
         <value>0x200011a4</value>
         <object_component_ref idref="oc-86"/>
      </symbol>
      <symbol id="sm-239">
         <name>__TI_cleanup_ptr</name>
         <value>0x200011a0</value>
         <object_component_ref idref="oc-86"/>
      </symbol>
      <symbol id="sm-250">
         <name>__aeabi_dsub</name>
         <value>0x1af5</value>
         <object_component_ref idref="oc-c7"/>
      </symbol>
      <symbol id="sm-251">
         <name>__aeabi_dadd</name>
         <value>0x1aff</value>
         <object_component_ref idref="oc-c7"/>
      </symbol>
      <symbol id="sm-265">
         <name>__aeabi_ddiv</name>
         <value>0x1e55</value>
         <object_component_ref idref="oc-cc"/>
      </symbol>
      <symbol id="sm-270">
         <name>__aeabi_dmul</name>
         <value>0x209d</value>
         <object_component_ref idref="oc-c2"/>
      </symbol>
      <symbol id="sm-28b">
         <name>memcpy</name>
         <value>0x2321</value>
         <object_component_ref idref="oc-47"/>
      </symbol>
      <symbol id="sm-28c">
         <name>__aeabi_memcpy</name>
         <value>0x2321</value>
         <object_component_ref idref="oc-47"/>
      </symbol>
      <symbol id="sm-28d">
         <name>__aeabi_memcpy8</name>
         <value>0x2321</value>
         <object_component_ref idref="oc-47"/>
      </symbol>
      <symbol id="sm-28e">
         <name>__aeabi_memcpy4</name>
         <value>0x2321</value>
         <object_component_ref idref="oc-47"/>
      </symbol>
      <symbol id="sm-2e0">
         <name>pow</name>
         <value>0xe19</value>
         <object_component_ref idref="oc-bc"/>
      </symbol>
      <symbol id="sm-2e8">
         <name>main_func_sp</name>
         <value>0x200011bc</value>
         <object_component_ref idref="oc-43"/>
      </symbol>
      <symbol id="sm-2f8">
         <name>__aeabi_uidivmod</name>
         <value>0x2719</value>
         <object_component_ref idref="oc-f4"/>
      </symbol>
      <symbol id="sm-2f9">
         <name>__aeabi_uidiv</name>
         <value>0x2719</value>
         <object_component_ref idref="oc-f4"/>
      </symbol>
      <symbol id="sm-303">
         <name>__aeabi_ui2d</name>
         <value>0x28c5</value>
         <object_component_ref idref="oc-b7"/>
      </symbol>
      <symbol id="sm-320">
         <name>_Dint</name>
         <value>0x2199</value>
         <object_component_ref idref="oc-124"/>
      </symbol>
      <symbol id="sm-334">
         <name>_Dunscale</name>
         <value>0x253d</value>
         <object_component_ref idref="oc-11e"/>
      </symbol>
      <symbol id="sm-366">
         <name>_Exp</name>
         <value>0x18f9</value>
         <object_component_ref idref="oc-145"/>
      </symbol>
      <symbol id="sm-375">
         <name>_Feraise</name>
         <value>0x2839</value>
         <object_component_ref idref="oc-12f"/>
      </symbol>
      <symbol id="sm-385">
         <name>_Rteps</name>
         <value>0x20001110</value>
         <object_component_ref idref="oc-14b"/>
      </symbol>
      <symbol id="sm-386">
         <name>_Zero</name>
         <value>0x20001128</value>
         <object_component_ref idref="oc-14b"/>
      </symbol>
      <symbol id="sm-387">
         <name>_Hugeval</name>
         <value>0x200010d0</value>
         <object_component_ref idref="oc-14b"/>
      </symbol>
      <symbol id="sm-388">
         <name>_Snan</name>
         <value>0x20001100</value>
         <object_component_ref idref="oc-14b"/>
      </symbol>
      <symbol id="sm-389">
         <name>_Nan</name>
         <value>0x200010f0</value>
         <object_component_ref idref="oc-14b"/>
      </symbol>
      <symbol id="sm-38a">
         <name>_Inf</name>
         <value>0x200010e0</value>
         <object_component_ref idref="oc-14b"/>
      </symbol>
      <symbol id="sm-38b">
         <name>_Xbig</name>
         <value>0x20001120</value>
         <object_component_ref idref="oc-14b"/>
      </symbol>
      <symbol id="sm-38c">
         <name>_Eps</name>
         <value>0x200010c0</value>
         <object_component_ref idref="oc-14b"/>
      </symbol>
      <symbol id="sm-38d">
         <name>_Denorm</name>
         <value>0x200010b0</value>
         <object_component_ref idref="oc-14b"/>
      </symbol>
      <symbol id="sm-3a6">
         <name>_nop</name>
         <value>0x2927</value>
         <object_component_ref idref="oc-df"/>
      </symbol>
      <symbol id="sm-3a7">
         <name>_lock</name>
         <value>0x20001198</value>
         <object_component_ref idref="oc-83"/>
      </symbol>
      <symbol id="sm-3a8">
         <name>_unlock</name>
         <value>0x2000119c</value>
         <object_component_ref idref="oc-83"/>
      </symbol>
      <symbol id="sm-3a9">
         <name>_register_lock</name>
         <value>0x291f</value>
         <object_component_ref idref="oc-df"/>
      </symbol>
      <symbol id="sm-3aa">
         <name>_register_unlock</name>
         <value>0x2919</value>
         <object_component_ref idref="oc-df"/>
      </symbol>
      <symbol id="sm-3be">
         <name>_args_main</name>
         <value>0x2901</value>
         <object_component_ref idref="oc-37"/>
      </symbol>
      <symbol id="sm-3db">
         <name>__TI_auto_init</name>
         <value>0x23bd</value>
         <object_component_ref idref="oc-32"/>
      </symbol>
      <symbol id="sm-3f4">
         <name>copy_in</name>
         <value>0x2691</value>
         <object_component_ref idref="oc-74"/>
      </symbol>
      <symbol id="sm-3fc">
         <name>_Errno</name>
         <value>0x200011b8</value>
         <object_component_ref idref="oc-17c"/>
      </symbol>
      <symbol id="sm-40e">
         <name>__aeabi_cdcmpeq</name>
         <value>0x2451</value>
         <object_component_ref idref="oc-12a"/>
      </symbol>
      <symbol id="sm-40f">
         <name>__aeabi_cdcmple</name>
         <value>0x2451</value>
         <object_component_ref idref="oc-12a"/>
      </symbol>
      <symbol id="sm-419">
         <name>__aeabi_d2iz</name>
         <value>0x2649</value>
         <object_component_ref idref="oc-13a"/>
      </symbol>
      <symbol id="sm-437">
         <name>feraiseexcept</name>
         <value>0x27d5</value>
         <object_component_ref idref="oc-176"/>
      </symbol>
      <symbol id="sm-438">
         <name>_Tls_setup__Fenv</name>
         <value>0x200011ac</value>
         <object_component_ref idref="oc-1b2"/>
      </symbol>
      <symbol id="sm-439">
         <name>_Fenv</name>
         <value>0x200011a8</value>
         <object_component_ref idref="oc-1b2"/>
      </symbol>
      <symbol id="sm-443">
         <name>__aeabi_i2d</name>
         <value>0x2869</value>
         <object_component_ref idref="oc-135"/>
      </symbol>
      <symbol id="sm-450">
         <name>log</name>
         <value>0x28e5</value>
         <object_component_ref idref="oc-13f"/>
      </symbol>
      <symbol id="sm-464">
         <name>raise</name>
         <value>0x2897</value>
         <object_component_ref idref="oc-1ac"/>
      </symbol>
      <symbol id="sm-47e">
         <name>signal</name>
         <value>0x275d</value>
         <object_component_ref idref="oc-1cf"/>
      </symbol>
      <symbol id="sm-493">
         <name>_Dnorm</name>
         <value>0x225d</value>
         <object_component_ref idref="oc-169"/>
      </symbol>
      <symbol id="sm-4ae">
         <name>_Dscale</name>
         <value>0x1f8d</value>
         <object_component_ref idref="oc-18a"/>
      </symbol>
      <symbol id="sm-4de">
         <name>_Log</name>
         <value>0x160d</value>
         <object_component_ref idref="oc-182"/>
      </symbol>
      <symbol id="sm-4e9">
         <name>__aeabi_f2d</name>
         <value>0x279d</value>
         <object_component_ref idref="oc-1b8"/>
      </symbol>
      <symbol id="sm-4f8">
         <name>_FZero</name>
         <value>0x20001194</value>
         <object_component_ref idref="oc-1bd"/>
      </symbol>
      <symbol id="sm-4f9">
         <name>_FRteps</name>
         <value>0x20001180</value>
         <object_component_ref idref="oc-1bd"/>
      </symbol>
      <symbol id="sm-4fa">
         <name>_FSnan</name>
         <value>0x20001170</value>
         <object_component_ref idref="oc-1bd"/>
      </symbol>
      <symbol id="sm-4fb">
         <name>_FNan</name>
         <value>0x20001160</value>
         <object_component_ref idref="oc-1bd"/>
      </symbol>
      <symbol id="sm-4fc">
         <name>_FInf</name>
         <value>0x20001150</value>
         <object_component_ref idref="oc-1bd"/>
      </symbol>
      <symbol id="sm-4fd">
         <name>_FEps</name>
         <value>0x20001140</value>
         <object_component_ref idref="oc-1bd"/>
      </symbol>
      <symbol id="sm-4fe">
         <name>_FXbig</name>
         <value>0x20001190</value>
         <object_component_ref idref="oc-1bd"/>
      </symbol>
      <symbol id="sm-4ff">
         <name>_FDenorm</name>
         <value>0x20001130</value>
         <object_component_ref idref="oc-1bd"/>
      </symbol>
      <symbol id="sm-522">
         <name>FlashErase</name>
         <value>0x2809</value>
         <object_component_ref idref="oc-10e"/>
      </symbol>
      <symbol id="sm-523">
         <name>FlashProgram</name>
         <value>0x24d9</value>
         <object_component_ref idref="oc-108"/>
      </symbol>
      <symbol id="sm-530">
         <name>I2CMasterDataGet</name>
         <value>0x295f</value>
         <object_component_ref idref="oc-a8"/>
      </symbol>
      <symbol id="sm-533">
         <name>__TI_static_base__</name>
         <value>0x2a50</value>
      </symbol>
      <symbol id="sm-534">
         <name>__TI_args_main</name>
         <value>0x1</value>
      </symbol>
      <symbol id="sm-535">
         <name>SHT$$INIT_ARRAY$$Limit</name>
         <value>0x0</value>
      </symbol>
      <symbol id="sm-536">
         <name>SHT$$INIT_ARRAY$$Base</name>
         <value>0x0</value>
      </symbol>
   </symbol_table>
   <title>Link successful</title>
</link_info>
