<?xml version="1.0"?>
<link_info>
   <banner>TI ARM Linker PC v5.1.9</banner>
   <copyright>Copyright (c) 1996-2014 Texas Instruments Incorporated</copyright>
   <link_time>0x54c70643</link_time>
   <link_errors>0x0</link_errors>
   <output_file>esft_gps_uart_to_int_mem.out</output_file>
   <entry_point>
      <name>_c_int00</name>
      <address>0xc65</address>
   </entry_point>
   <input_file_list>
      <input_file id="fl-2">
         <path>.\</path>
         <kind>object</kind>
         <file>flashstore.obj</file>
         <name>flashstore.obj</name>
      </input_file>
      <input_file id="fl-3">
         <path>.\</path>
         <kind>object</kind>
         <file>main.obj</file>
         <name>main.obj</name>
      </input_file>
      <input_file id="fl-4">
         <path>.\</path>
         <kind>object</kind>
         <file>tm4c123gh6pm_startup_ccs.obj</file>
         <name>tm4c123gh6pm_startup_ccs.obj</name>
      </input_file>
      <input_file id="fl-132">
         <path>D:\Programs\ti\ccsv6\tools\compiler\arm_5.1.9\lib\</path>
         <kind>archive</kind>
         <file>rtsv7M4_T_le_v4SPD16_eabi.lib</file>
         <name>boot.obj</name>
      </input_file>
      <input_file id="fl-133">
         <path>D:\Programs\ti\ccsv6\tools\compiler\arm_5.1.9\lib\</path>
         <kind>archive</kind>
         <file>rtsv7M4_T_le_v4SPD16_eabi.lib</file>
         <name>copy_decompress_none.obj</name>
      </input_file>
      <input_file id="fl-134">
         <path>D:\Programs\ti\ccsv6\tools\compiler\arm_5.1.9\lib\</path>
         <kind>archive</kind>
         <file>rtsv7M4_T_le_v4SPD16_eabi.lib</file>
         <name>copy_decompress_rle.obj</name>
      </input_file>
      <input_file id="fl-135">
         <path>D:\Programs\ti\ccsv6\tools\compiler\arm_5.1.9\lib\</path>
         <kind>archive</kind>
         <file>rtsv7M4_T_le_v4SPD16_eabi.lib</file>
         <name>copy_zero_init.obj</name>
      </input_file>
      <input_file id="fl-136">
         <path>D:\Programs\ti\ccsv6\tools\compiler\arm_5.1.9\lib\</path>
         <kind>archive</kind>
         <file>rtsv7M4_T_le_v4SPD16_eabi.lib</file>
         <name>exit.obj</name>
      </input_file>
      <input_file id="fl-137">
         <path>D:\Programs\ti\ccsv6\tools\compiler\arm_5.1.9\lib\</path>
         <kind>archive</kind>
         <file>rtsv7M4_T_le_v4SPD16_eabi.lib</file>
         <name>memcpy_t2.obj</name>
      </input_file>
      <input_file id="fl-138">
         <path>D:\Programs\ti\ccsv6\tools\compiler\arm_5.1.9\lib\</path>
         <kind>archive</kind>
         <file>rtsv7M4_T_le_v4SPD16_eabi.lib</file>
         <name>stkdepth_vars.obj</name>
      </input_file>
      <input_file id="fl-139">
         <path>D:\Programs\ti\ccsv6\tools\compiler\arm_5.1.9\lib\</path>
         <kind>archive</kind>
         <file>rtsv7M4_T_le_v4SPD16_eabi.lib</file>
         <name>_lock.obj</name>
      </input_file>
      <input_file id="fl-13a">
         <path>D:\Programs\ti\ccsv6\tools\compiler\arm_5.1.9\lib\</path>
         <kind>archive</kind>
         <file>rtsv7M4_T_le_v4SPD16_eabi.lib</file>
         <name>args_main.obj</name>
      </input_file>
      <input_file id="fl-13b">
         <path>D:\Programs\ti\ccsv6\tools\compiler\arm_5.1.9\lib\</path>
         <kind>archive</kind>
         <file>rtsv7M4_T_le_v4SPD16_eabi.lib</file>
         <name>auto_init.obj</name>
      </input_file>
      <input_file id="fl-13c">
         <path>D:\Programs\ti\ccsv6\tools\compiler\arm_5.1.9\lib\</path>
         <kind>archive</kind>
         <file>rtsv7M4_T_le_v4SPD16_eabi.lib</file>
         <name>cpy_tbl.obj</name>
      </input_file>
      <input_file id="fl-13d">
         <path>C:\Users\Ryan\Skydrive\Dropbox\ESFT Electrical Team\code\launchpad\workspace\esft_gps_uart_to_int_mem\..\..\TivaWare_C_Series-2.1.0.12573\driverlib\ccs\Release\</path>
         <kind>archive</kind>
         <file>driverlib.lib</file>
         <name>flash.obj</name>
      </input_file>
      <input_file id="fl-13e">
         <path>C:\Users\Ryan\Skydrive\Dropbox\ESFT Electrical Team\code\launchpad\workspace\esft_gps_uart_to_int_mem\..\..\TivaWare_C_Series-2.1.0.12573\driverlib\ccs\Release\</path>
         <kind>archive</kind>
         <file>driverlib.lib</file>
         <name>fpu.obj</name>
      </input_file>
      <input_file id="fl-13f">
         <path>C:\Users\Ryan\Skydrive\Dropbox\ESFT Electrical Team\code\launchpad\workspace\esft_gps_uart_to_int_mem\..\..\TivaWare_C_Series-2.1.0.12573\driverlib\ccs\Release\</path>
         <kind>archive</kind>
         <file>driverlib.lib</file>
         <name>gpio.obj</name>
      </input_file>
      <input_file id="fl-140">
         <path>C:\Users\Ryan\Skydrive\Dropbox\ESFT Electrical Team\code\launchpad\workspace\esft_gps_uart_to_int_mem\..\..\TivaWare_C_Series-2.1.0.12573\driverlib\ccs\Release\</path>
         <kind>archive</kind>
         <file>driverlib.lib</file>
         <name>interrupt.obj</name>
      </input_file>
      <input_file id="fl-141">
         <path>C:\Users\Ryan\Skydrive\Dropbox\ESFT Electrical Team\code\launchpad\workspace\esft_gps_uart_to_int_mem\..\..\TivaWare_C_Series-2.1.0.12573\driverlib\ccs\Release\</path>
         <kind>archive</kind>
         <file>driverlib.lib</file>
         <name>sysctl.obj</name>
      </input_file>
      <input_file id="fl-142">
         <path>C:\Users\Ryan\Skydrive\Dropbox\ESFT Electrical Team\code\launchpad\workspace\esft_gps_uart_to_int_mem\..\..\TivaWare_C_Series-2.1.0.12573\driverlib\ccs\Release\</path>
         <kind>archive</kind>
         <file>driverlib.lib</file>
         <name>uart.obj</name>
      </input_file>
      <input_file id="fl-143">
         <path>C:\Users\Ryan\Skydrive\Dropbox\ESFT Electrical Team\code\launchpad\workspace\esft_gps_uart_to_int_mem\..\..\TivaWare_C_Series-2.1.0.12573\driverlib\ccs\Release\</path>
         <kind>archive</kind>
         <file>driverlib.lib</file>
         <name>cpu.obj</name>
      </input_file>
   </input_file_list>
   <object_component_list>
      <object_component id="oc-e">
         <name>.intvecs</name>
         <load_address>0x0</load_address>
         <run_address>0x0</run_address>
         <size>0x26c</size>
         <input_file_ref idref="fl-4"/>
      </object_component>
      <object_component id="oc-7b">
         <name>.text</name>
         <load_address>0x26c</load_address>
         <run_address>0x26c</run_address>
         <size>0x268</size>
         <input_file_ref idref="fl-3"/>
      </object_component>
      <object_component id="oc-f1">
         <name>.text</name>
         <load_address>0x4d4</load_address>
         <run_address>0x4d4</run_address>
         <size>0x1b4</size>
         <input_file_ref idref="fl-2"/>
      </object_component>
      <object_component id="oc-131">
         <name>.text:GPIOPadConfigSet</name>
         <load_address>0x688</load_address>
         <run_address>0x688</run_address>
         <size>0x130</size>
         <input_file_ref idref="fl-13f"/>
      </object_component>
      <object_component id="oc-b4">
         <name>.text:SysCtlClockGet</name>
         <load_address>0x7b8</load_address>
         <run_address>0x7b8</run_address>
         <size>0x118</size>
         <input_file_ref idref="fl-141"/>
      </object_component>
      <object_component id="oc-c7">
         <name>.text:SysCtlClockSet</name>
         <load_address>0x8d0</load_address>
         <run_address>0x8d0</run_address>
         <size>0xf0</size>
         <input_file_ref idref="fl-141"/>
      </object_component>
      <object_component id="oc-47">
         <name>.text</name>
         <load_address>0x9c0</load_address>
         <run_address>0x9c0</run_address>
         <size>0x9c</size>
         <input_file_ref idref="fl-137"/>
      </object_component>
      <object_component id="oc-32">
         <name>.text</name>
         <load_address>0xa5c</load_address>
         <run_address>0xa5c</run_address>
         <size>0x94</size>
         <input_file_ref idref="fl-13b"/>
      </object_component>
      <object_component id="oc-e5">
         <name>.text:IntEnable</name>
         <load_address>0xaf0</load_address>
         <run_address>0xaf0</run_address>
         <size>0x68</size>
         <input_file_ref idref="fl-140"/>
      </object_component>
      <object_component id="oc-167">
         <name>.text:FlashProgram</name>
         <load_address>0xb58</load_address>
         <run_address>0xb58</run_address>
         <size>0x64</size>
         <input_file_ref idref="fl-13d"/>
      </object_component>
      <object_component id="oc-5a">
         <name>.text</name>
         <load_address>0xbbc</load_address>
         <run_address>0xbbc</run_address>
         <size>0x5e</size>
         <input_file_ref idref="fl-134"/>
      </object_component>
      <object_component id="oc-d3">
         <name>.text:GPIOPinConfigure</name>
         <load_address>0xc1c</load_address>
         <run_address>0xc1c</run_address>
         <size>0x48</size>
         <input_file_ref idref="fl-13f"/>
      </object_component>
      <object_component id="oc-11">
         <name>.text</name>
         <load_address>0xc64</load_address>
         <run_address>0xc64</run_address>
         <size>0x48</size>
         <input_file_ref idref="fl-132"/>
      </object_component>
      <object_component id="oc-74">
         <name>.text</name>
         <load_address>0xcac</load_address>
         <run_address>0xcac</run_address>
         <size>0x44</size>
         <input_file_ref idref="fl-13c"/>
      </object_component>
      <object_component id="oc-3d">
         <name>.text</name>
         <load_address>0xcf0</load_address>
         <run_address>0xcf0</run_address>
         <size>0x44</size>
         <input_file_ref idref="fl-136"/>
      </object_component>
      <object_component id="oc-df">
         <name>.text:UARTConfigSetExpClk</name>
         <load_address>0xd34</load_address>
         <run_address>0xd34</run_address>
         <size>0x42</size>
         <input_file_ref idref="fl-142"/>
      </object_component>
      <object_component id="oc-a2">
         <name>.text:SysCtlPeripheralEnable</name>
         <load_address>0xd78</load_address>
         <run_address>0xd78</run_address>
         <size>0x34</size>
         <input_file_ref idref="fl-141"/>
      </object_component>
      <object_component id="oc-16d">
         <name>.text:FlashErase</name>
         <load_address>0xdac</load_address>
         <run_address>0xdac</run_address>
         <size>0x30</size>
         <input_file_ref idref="fl-13d"/>
      </object_component>
      <object_component id="oc-137">
         <name>.text:GPIODirModeSet</name>
         <load_address>0xddc</load_address>
         <run_address>0xddc</run_address>
         <size>0x2a</size>
         <input_file_ref idref="fl-13f"/>
      </object_component>
      <object_component id="oc-153">
         <name>.text:UARTDisable</name>
         <load_address>0xe08</load_address>
         <run_address>0xe08</run_address>
         <size>0x1c</size>
         <input_file_ref idref="fl-142"/>
      </object_component>
      <object_component id="oc-a8">
         <name>.text:GPIOPinTypeGPIOOutput</name>
         <load_address>0xe24</load_address>
         <run_address>0xe24</run_address>
         <size>0x18</size>
         <input_file_ref idref="fl-13f"/>
      </object_component>
      <object_component id="oc-37">
         <name>.text</name>
         <load_address>0xe3c</load_address>
         <run_address>0xe3c</run_address>
         <size>0x18</size>
         <input_file_ref idref="fl-13a"/>
      </object_component>
      <object_component id="oc-159">
         <name>.text:UARTEnable</name>
         <load_address>0xe54</load_address>
         <run_address>0xe54</run_address>
         <size>0x14</size>
         <input_file_ref idref="fl-142"/>
      </object_component>
      <object_component id="oc-11a">
         <name>.text</name>
         <load_address>0xe68</load_address>
         <run_address>0xe68</run_address>
         <size>0x14</size>
         <input_file_ref idref="fl-139"/>
      </object_component>
      <object_component id="oc-d9">
         <name>.text:GPIOPinTypeUART</name>
         <load_address>0xe7c</load_address>
         <run_address>0xe7c</run_address>
         <size>0x12</size>
         <input_file_ref idref="fl-13f"/>
      </object_component>
      <object_component id="oc-1c">
         <name>.text:decompress:ZI</name>
         <load_address>0xe8e</load_address>
         <run_address>0xe8e</run_address>
         <size>0x12</size>
         <input_file_ref idref="fl-135"/>
      </object_component>
      <object_component id="oc-bb">
         <name>.text:FPUEnable</name>
         <load_address>0xea0</load_address>
         <run_address>0xea0</run_address>
         <size>0x10</size>
         <input_file_ref idref="fl-13e"/>
      </object_component>
      <object_component id="oc-c1">
         <name>.text:FPULazyStackingEnable</name>
         <load_address>0xeb0</load_address>
         <run_address>0xeb0</run_address>
         <size>0x10</size>
         <input_file_ref idref="fl-13e"/>
      </object_component>
      <object_component id="oc-cd">
         <name>.text:IntMasterEnable</name>
         <load_address>0xec0</load_address>
         <run_address>0xec0</run_address>
         <size>0x10</size>
         <input_file_ref idref="fl-140"/>
      </object_component>
      <object_component id="oc-16">
         <name>.text:decompress:none</name>
         <load_address>0xed0</load_address>
         <run_address>0xed0</run_address>
         <size>0xe</size>
         <input_file_ref idref="fl-133"/>
      </object_component>
      <object_component id="oc-147">
         <name>.text:CPUcpsie</name>
         <load_address>0xede</load_address>
         <run_address>0xede</run_address>
         <size>0xc</size>
         <input_file_ref idref="fl-143"/>
      </object_component>
      <object_component id="oc-f7">
         <name>.text:UARTCharsAvail</name>
         <load_address>0xeea</load_address>
         <run_address>0xeea</run_address>
         <size>0xc</size>
         <input_file_ref idref="fl-142"/>
      </object_component>
      <object_component id="oc-29">
         <name>.text</name>
         <load_address>0xef6</load_address>
         <run_address>0xef6</run_address>
         <size>0xc</size>
         <input_file_ref idref="fl-4"/>
      </object_component>
      <object_component id="oc-fd">
         <name>.text:UARTCharGet</name>
         <load_address>0xf02</load_address>
         <run_address>0xf02</run_address>
         <size>0xa</size>
         <input_file_ref idref="fl-142"/>
      </object_component>
      <object_component id="oc-103">
         <name>.text:UARTCharPut</name>
         <load_address>0xf0c</load_address>
         <run_address>0xf0c</run_address>
         <size>0xa</size>
         <input_file_ref idref="fl-142"/>
      </object_component>
      <object_component id="oc-eb">
         <name>.text:UARTIntEnable</name>
         <load_address>0xf16</load_address>
         <run_address>0xf16</run_address>
         <size>0x8</size>
         <input_file_ref idref="fl-142"/>
      </object_component>
      <object_component id="oc-ae">
         <name>.text:GPIOPinWrite</name>
         <load_address>0xf1e</load_address>
         <run_address>0xf1e</run_address>
         <size>0x6</size>
         <input_file_ref idref="fl-13f"/>
      </object_component>
      <object_component id="oc-ba">
         <name>.text:SysCtlDelay</name>
         <load_address>0xf24</load_address>
         <run_address>0xf24</run_address>
         <size>0x6</size>
         <input_file_ref idref="fl-141"/>
      </object_component>
      <object_component id="oc-22">
         <name>.text:decompress:rle24</name>
         <load_address>0xf2a</load_address>
         <run_address>0xf2a</run_address>
         <size>0x6</size>
         <input_file_ref idref="fl-134"/>
      </object_component>
      <object_component id="oc-14e">
         <name>.const:g_pui32GPIOBaseAddrs</name>
         <load_address>0xf30</load_address>
         <run_address>0xf30</run_address>
         <size>0x90</size>
         <input_file_ref idref="fl-13f"/>
      </object_component>
      <object_component id="oc-161">
         <name>.const</name>
         <load_address>0xfc0</load_address>
         <run_address>0xfc0</run_address>
         <size>0x70</size>
         <input_file_ref idref="fl-140"/>
      </object_component>
      <object_component id="oc-140">
         <name>.const:g_pui32Xtals</name>
         <load_address>0x1030</load_address>
         <run_address>0x1030</run_address>
         <size>0x6c</size>
         <input_file_ref idref="fl-141"/>
      </object_component>
      <object_component id="oc-109">
         <name>.const:.string</name>
         <load_address>0x109c</load_address>
         <run_address>0x109c</run_address>
         <size>0x5</size>
         <input_file_ref idref="fl-3"/>
      </object_component>
      <object_component id="oc-1c8">
         <name>.cinit..data.load</name>
         <load_address>0x10a8</load_address>
         <run_address>0x10a8</run_address>
         <size>0xf</size>
      </object_component>
      <object_component id="oc-1c6">
         <name>__TI_handler_table</name>
         <load_address>0x10b8</load_address>
         <run_address>0x10b8</run_address>
         <size>0xc</size>
      </object_component>
      <object_component id="oc-1c9">
         <name>.cinit..bss.load</name>
         <load_address>0x10c8</load_address>
         <run_address>0x10c8</run_address>
         <size>0x8</size>
      </object_component>
      <object_component id="oc-1c7">
         <name>__TI_cinit_table</name>
         <load_address>0x10d0</load_address>
         <run_address>0x10d0</run_address>
         <size>0x10</size>
      </object_component>
      <object_component id="oc-43">
         <name>.data</name>
         <load_address>0x20000278</load_address>
         <run_address>0x20000278</run_address>
         <size>0x4</size>
         <input_file_ref idref="fl-138"/>
      </object_component>
      <object_component id="oc-83">
         <name>.data</name>
         <load_address>0x20000268</load_address>
         <run_address>0x20000268</run_address>
         <size>0x8</size>
         <input_file_ref idref="fl-139"/>
      </object_component>
      <object_component id="oc-86">
         <name>.data</name>
         <load_address>0x20000270</load_address>
         <run_address>0x20000270</run_address>
         <size>0x8</size>
         <input_file_ref idref="fl-136"/>
      </object_component>
      <object_component id="oc-176">
         <name>.bss:g_pui32RecordBuf</name>
         <uninitialized>true</uninitialized>
         <run_address>0x20000200</run_address>
         <size>0x64</size>
         <input_file_ref idref="fl-2"/>
      </object_component>
      <object_component id="oc-173">
         <name>.common:g_ui32StoreAddr</name>
         <uninitialized>true</uninitialized>
         <run_address>0x20000264</run_address>
         <size>0x4</size>
      </object_component>
      <object_component id="oc-28">
         <name>.stack</name>
         <uninitialized>true</uninitialized>
         <run_address>0x20000000</run_address>
         <size>0x0</size>
         <input_file_ref idref="fl-132"/>
      </object_component>
      <object_component id="oc-1ca">
         <name>.stack</name>
         <uninitialized>true</uninitialized>
         <run_address>0x20000000</run_address>
         <size>0x0</size>
      </object_component>
      <object_component id="oc-f">
         <name>.debug_info</name>
         <load_address>0x0</load_address>
         <run_address>0x0</run_address>
         <size>0x121</size>
         <input_file_ref idref="fl-4"/>
      </object_component>
      <object_component id="oc-12">
         <name>.debug_info</name>
         <load_address>0x121</load_address>
         <run_address>0x121</run_address>
         <size>0xf3</size>
         <input_file_ref idref="fl-132"/>
      </object_component>
      <object_component id="oc-19">
         <name>.debug_info</name>
         <load_address>0x214</load_address>
         <run_address>0x214</run_address>
         <size>0x194</size>
         <input_file_ref idref="fl-133"/>
      </object_component>
      <object_component id="oc-1e">
         <name>.debug_info</name>
         <load_address>0x3a8</load_address>
         <run_address>0x3a8</run_address>
         <size>0x16a</size>
         <input_file_ref idref="fl-135"/>
      </object_component>
      <object_component id="oc-23">
         <name>.debug_info</name>
         <load_address>0x512</load_address>
         <run_address>0x512</run_address>
         <size>0x18e</size>
         <input_file_ref idref="fl-134"/>
      </object_component>
      <object_component id="oc-2a">
         <name>.debug_info</name>
         <load_address>0x6a0</load_address>
         <run_address>0x6a0</run_address>
         <size>0x29d</size>
         <input_file_ref idref="fl-4"/>
      </object_component>
      <object_component id="oc-31">
         <name>.debug_info</name>
         <load_address>0x93d</load_address>
         <run_address>0x93d</run_address>
         <size>0x13c</size>
         <input_file_ref idref="fl-4"/>
      </object_component>
      <object_component id="oc-35">
         <name>.debug_info</name>
         <load_address>0xa79</load_address>
         <run_address>0xa79</run_address>
         <size>0x13d</size>
         <input_file_ref idref="fl-13b"/>
      </object_component>
      <object_component id="oc-38">
         <name>.debug_info</name>
         <load_address>0xbb6</load_address>
         <run_address>0xbb6</run_address>
         <size>0x11c</size>
         <input_file_ref idref="fl-13a"/>
      </object_component>
      <object_component id="oc-3e">
         <name>.debug_info</name>
         <load_address>0xcd2</load_address>
         <run_address>0xcd2</run_address>
         <size>0x1c2</size>
         <input_file_ref idref="fl-136"/>
      </object_component>
      <object_component id="oc-44">
         <name>.debug_info</name>
         <load_address>0xe94</load_address>
         <run_address>0xe94</run_address>
         <size>0xbe</size>
         <input_file_ref idref="fl-138"/>
      </object_component>
      <object_component id="oc-49">
         <name>.debug_info</name>
         <load_address>0xf52</load_address>
         <run_address>0xf52</run_address>
         <size>0xcc</size>
         <input_file_ref idref="fl-137"/>
      </object_component>
      <object_component id="oc-4d">
         <name>.debug_info</name>
         <load_address>0x101e</load_address>
         <run_address>0x101e</run_address>
         <size>0x46</size>
         <input_file_ref idref="fl-133"/>
      </object_component>
      <object_component id="oc-52">
         <name>.debug_info</name>
         <load_address>0x1064</load_address>
         <run_address>0x1064</run_address>
         <size>0xf2</size>
         <input_file_ref idref="fl-133"/>
      </object_component>
      <object_component id="oc-54">
         <name>.debug_info</name>
         <load_address>0x1156</load_address>
         <run_address>0x1156</run_address>
         <size>0x46</size>
         <input_file_ref idref="fl-135"/>
      </object_component>
      <object_component id="oc-59">
         <name>.debug_info</name>
         <load_address>0x119c</load_address>
         <run_address>0x119c</run_address>
         <size>0xad</size>
         <input_file_ref idref="fl-135"/>
      </object_component>
      <object_component id="oc-5c">
         <name>.debug_info</name>
         <load_address>0x1249</load_address>
         <run_address>0x1249</run_address>
         <size>0x1ef</size>
         <input_file_ref idref="fl-134"/>
      </object_component>
      <object_component id="oc-61">
         <name>.debug_info</name>
         <load_address>0x1438</load_address>
         <run_address>0x1438</run_address>
         <size>0xb7</size>
         <input_file_ref idref="fl-134"/>
      </object_component>
      <object_component id="oc-62">
         <name>.debug_info</name>
         <load_address>0x14ef</load_address>
         <run_address>0x14ef</run_address>
         <size>0x39</size>
         <input_file_ref idref="fl-134"/>
      </object_component>
      <object_component id="oc-6a">
         <name>.debug_info</name>
         <load_address>0x1528</load_address>
         <run_address>0x1528</run_address>
         <size>0x84</size>
         <input_file_ref idref="fl-2"/>
      </object_component>
      <object_component id="oc-6f">
         <name>.debug_info</name>
         <load_address>0x15ac</load_address>
         <run_address>0x15ac</run_address>
         <size>0x18b</size>
         <input_file_ref idref="fl-2"/>
      </object_component>
      <object_component id="oc-75">
         <name>.debug_info</name>
         <load_address>0x1737</load_address>
         <run_address>0x1737</run_address>
         <size>0x14b</size>
         <input_file_ref idref="fl-13c"/>
      </object_component>
      <object_component id="oc-7f">
         <name>.debug_info</name>
         <load_address>0x1882</load_address>
         <run_address>0x1882</run_address>
         <size>0x899</size>
         <input_file_ref idref="fl-3"/>
      </object_component>
      <object_component id="oc-82">
         <name>.debug_info</name>
         <load_address>0x211b</load_address>
         <run_address>0x211b</run_address>
         <size>0x11b</size>
         <input_file_ref idref="fl-13a"/>
      </object_component>
      <object_component id="oc-84">
         <name>.debug_info</name>
         <load_address>0x2236</load_address>
         <run_address>0x2236</run_address>
         <size>0xc8</size>
         <input_file_ref idref="fl-139"/>
      </object_component>
      <object_component id="oc-87">
         <name>.debug_info</name>
         <load_address>0x22fe</load_address>
         <run_address>0x22fe</run_address>
         <size>0xeb</size>
         <input_file_ref idref="fl-136"/>
      </object_component>
      <object_component id="oc-8a">
         <name>.debug_info</name>
         <load_address>0x23e9</load_address>
         <run_address>0x23e9</run_address>
         <size>0x146</size>
         <input_file_ref idref="fl-136"/>
      </object_component>
      <object_component id="oc-8f">
         <name>.debug_info</name>
         <load_address>0x252f</load_address>
         <run_address>0x252f</run_address>
         <size>0x2c</size>
         <input_file_ref idref="fl-133"/>
      </object_component>
      <object_component id="oc-96">
         <name>.debug_info</name>
         <load_address>0x255b</load_address>
         <run_address>0x255b</run_address>
         <size>0x2c</size>
         <input_file_ref idref="fl-2"/>
      </object_component>
      <object_component id="oc-a1">
         <name>.debug_info</name>
         <load_address>0x2587</load_address>
         <run_address>0x2587</run_address>
         <size>0x148</size>
         <input_file_ref idref="fl-13c"/>
      </object_component>
      <object_component id="oc-a3">
         <name>.debug_info</name>
         <load_address>0x26cf</load_address>
         <run_address>0x26cf</run_address>
         <size>0x2df</size>
         <input_file_ref idref="fl-141"/>
      </object_component>
      <object_component id="oc-a9">
         <name>.debug_info</name>
         <load_address>0x29ae</load_address>
         <run_address>0x29ae</run_address>
         <size>0x319</size>
         <input_file_ref idref="fl-13f"/>
      </object_component>
      <object_component id="oc-af">
         <name>.debug_info</name>
         <load_address>0x2cc7</load_address>
         <run_address>0x2cc7</run_address>
         <size>0x305</size>
         <input_file_ref idref="fl-13f"/>
      </object_component>
      <object_component id="oc-b5">
         <name>.debug_info</name>
         <load_address>0x2fcc</load_address>
         <run_address>0x2fcc</run_address>
         <size>0x317</size>
         <input_file_ref idref="fl-141"/>
      </object_component>
      <object_component id="oc-be">
         <name>.debug_info</name>
         <load_address>0x32e3</load_address>
         <run_address>0x32e3</run_address>
         <size>0x26f</size>
         <input_file_ref idref="fl-13e"/>
      </object_component>
      <object_component id="oc-c4">
         <name>.debug_info</name>
         <load_address>0x3552</load_address>
         <run_address>0x3552</run_address>
         <size>0x287</size>
         <input_file_ref idref="fl-13e"/>
      </object_component>
      <object_component id="oc-c8">
         <name>.debug_info</name>
         <load_address>0x37d9</load_address>
         <run_address>0x37d9</run_address>
         <size>0x33d</size>
         <input_file_ref idref="fl-141"/>
      </object_component>
      <object_component id="oc-ce">
         <name>.debug_info</name>
         <load_address>0x3b16</load_address>
         <run_address>0x3b16</run_address>
         <size>0x2a0</size>
         <input_file_ref idref="fl-140"/>
      </object_component>
      <object_component id="oc-d4">
         <name>.debug_info</name>
         <load_address>0x3db6</load_address>
         <run_address>0x3db6</run_address>
         <size>0x2e2</size>
         <input_file_ref idref="fl-13f"/>
      </object_component>
      <object_component id="oc-da">
         <name>.debug_info</name>
         <load_address>0x4098</load_address>
         <run_address>0x4098</run_address>
         <size>0x30d</size>
         <input_file_ref idref="fl-13f"/>
      </object_component>
      <object_component id="oc-e1">
         <name>.debug_info</name>
         <load_address>0x43a5</load_address>
         <run_address>0x43a5</run_address>
         <size>0x388</size>
         <input_file_ref idref="fl-142"/>
      </object_component>
      <object_component id="oc-e6">
         <name>.debug_info</name>
         <load_address>0x472d</load_address>
         <run_address>0x472d</run_address>
         <size>0x2ca</size>
         <input_file_ref idref="fl-140"/>
      </object_component>
      <object_component id="oc-ed">
         <name>.debug_info</name>
         <load_address>0x49f7</load_address>
         <run_address>0x49f7</run_address>
         <size>0x2f1</size>
         <input_file_ref idref="fl-142"/>
      </object_component>
      <object_component id="oc-f2">
         <name>.debug_info</name>
         <load_address>0x4ce8</load_address>
         <run_address>0x4ce8</run_address>
         <size>0xb5c</size>
         <input_file_ref idref="fl-2"/>
      </object_component>
      <object_component id="oc-f8">
         <name>.debug_info</name>
         <load_address>0x5844</load_address>
         <run_address>0x5844</run_address>
         <size>0x2b5</size>
         <input_file_ref idref="fl-142"/>
      </object_component>
      <object_component id="oc-fe">
         <name>.debug_info</name>
         <load_address>0x5af9</load_address>
         <run_address>0x5af9</run_address>
         <size>0x2af</size>
         <input_file_ref idref="fl-142"/>
      </object_component>
      <object_component id="oc-104">
         <name>.debug_info</name>
         <load_address>0x5da8</load_address>
         <run_address>0x5da8</run_address>
         <size>0x2d5</size>
         <input_file_ref idref="fl-142"/>
      </object_component>
      <object_component id="oc-10a">
         <name>.debug_info</name>
         <load_address>0x607d</load_address>
         <run_address>0x607d</run_address>
         <size>0x102</size>
         <input_file_ref idref="fl-3"/>
      </object_component>
      <object_component id="oc-10d">
         <name>.debug_info</name>
         <load_address>0x617f</load_address>
         <run_address>0x617f</run_address>
         <size>0x647</size>
         <input_file_ref idref="fl-3"/>
      </object_component>
      <object_component id="oc-10e">
         <name>.debug_info</name>
         <load_address>0x67c6</load_address>
         <run_address>0x67c6</run_address>
         <size>0x8b</size>
         <input_file_ref idref="fl-3"/>
      </object_component>
      <object_component id="oc-115">
         <name>.debug_info</name>
         <load_address>0x6851</load_address>
         <run_address>0x6851</run_address>
         <size>0x5e</size>
         <input_file_ref idref="fl-13a"/>
      </object_component>
      <object_component id="oc-11b">
         <name>.debug_info</name>
         <load_address>0x68af</load_address>
         <run_address>0x68af</run_address>
         <size>0x1d4</size>
         <input_file_ref idref="fl-139"/>
      </object_component>
      <object_component id="oc-122">
         <name>.debug_info</name>
         <load_address>0x6a83</load_address>
         <run_address>0x6a83</run_address>
         <size>0xd9</size>
         <input_file_ref idref="fl-139"/>
      </object_component>
      <object_component id="oc-12a">
         <name>.debug_info</name>
         <load_address>0x6b5c</load_address>
         <run_address>0x6b5c</run_address>
         <size>0xcd</size>
         <input_file_ref idref="fl-13c"/>
      </object_component>
      <object_component id="oc-130">
         <name>.debug_info</name>
         <load_address>0x6c29</load_address>
         <run_address>0x6c29</run_address>
         <size>0x2b1</size>
         <input_file_ref idref="fl-141"/>
      </object_component>
      <object_component id="oc-132">
         <name>.debug_info</name>
         <load_address>0x6eda</load_address>
         <run_address>0x6eda</run_address>
         <size>0x378</size>
         <input_file_ref idref="fl-13f"/>
      </object_component>
      <object_component id="oc-138">
         <name>.debug_info</name>
         <load_address>0x7252</load_address>
         <run_address>0x7252</run_address>
         <size>0x315</size>
         <input_file_ref idref="fl-13f"/>
      </object_component>
      <object_component id="oc-13e">
         <name>.debug_info</name>
         <load_address>0x7567</load_address>
         <run_address>0x7567</run_address>
         <size>0x262</size>
         <input_file_ref idref="fl-13f"/>
      </object_component>
      <object_component id="oc-141">
         <name>.debug_info</name>
         <load_address>0x77c9</load_address>
         <run_address>0x77c9</run_address>
         <size>0x17f</size>
         <input_file_ref idref="fl-141"/>
      </object_component>
      <object_component id="oc-148">
         <name>.debug_info</name>
         <load_address>0x7948</load_address>
         <run_address>0x7948</run_address>
         <size>0x274</size>
         <input_file_ref idref="fl-143"/>
      </object_component>
      <object_component id="oc-14f">
         <name>.debug_info</name>
         <load_address>0x7bbc</load_address>
         <run_address>0x7bbc</run_address>
         <size>0x18d</size>
         <input_file_ref idref="fl-13f"/>
      </object_component>
      <object_component id="oc-155">
         <name>.debug_info</name>
         <load_address>0x7d49</load_address>
         <run_address>0x7d49</run_address>
         <size>0x2ab</size>
         <input_file_ref idref="fl-142"/>
      </object_component>
      <object_component id="oc-15b">
         <name>.debug_info</name>
         <load_address>0x7ff4</load_address>
         <run_address>0x7ff4</run_address>
         <size>0x2a9</size>
         <input_file_ref idref="fl-142"/>
      </object_component>
      <object_component id="oc-160">
         <name>.debug_info</name>
         <load_address>0x829d</load_address>
         <run_address>0x829d</run_address>
         <size>0x259</size>
         <input_file_ref idref="fl-142"/>
      </object_component>
      <object_component id="oc-162">
         <name>.debug_info</name>
         <load_address>0x84f6</load_address>
         <run_address>0x84f6</run_address>
         <size>0x242</size>
         <input_file_ref idref="fl-140"/>
      </object_component>
      <object_component id="oc-165">
         <name>.debug_info</name>
         <load_address>0x8738</load_address>
         <run_address>0x8738</run_address>
         <size>0x240</size>
         <input_file_ref idref="fl-140"/>
      </object_component>
      <object_component id="oc-169">
         <name>.debug_info</name>
         <load_address>0x8978</load_address>
         <run_address>0x8978</run_address>
         <size>0x32a</size>
         <input_file_ref idref="fl-13d"/>
      </object_component>
      <object_component id="oc-16e">
         <name>.debug_info</name>
         <load_address>0x8ca2</load_address>
         <run_address>0x8ca2</run_address>
         <size>0x2b9</size>
         <input_file_ref idref="fl-13d"/>
      </object_component>
      <object_component id="oc-174">
         <name>.debug_info</name>
         <load_address>0x8f5b</load_address>
         <run_address>0x8f5b</run_address>
         <size>0x1b4</size>
         <input_file_ref idref="fl-2"/>
      </object_component>
      <object_component id="oc-177">
         <name>.debug_info</name>
         <load_address>0x910f</load_address>
         <run_address>0x910f</run_address>
         <size>0x11a</size>
         <input_file_ref idref="fl-2"/>
      </object_component>
      <object_component id="oc-186">
         <name>.debug_info</name>
         <load_address>0x9229</load_address>
         <run_address>0x9229</run_address>
         <size>0x5f</size>
         <input_file_ref idref="fl-141"/>
      </object_component>
      <object_component id="oc-19d">
         <name>.debug_info</name>
         <load_address>0x9288</load_address>
         <run_address>0x9288</run_address>
         <size>0x23a</size>
         <input_file_ref idref="fl-13d"/>
      </object_component>
      <object_component id="oc-1a5">
         <name>.debug_info</name>
         <load_address>0x94c2</load_address>
         <run_address>0x94c2</run_address>
         <size>0x51</size>
         <input_file_ref idref="fl-2"/>
      </object_component>
      <object_component id="oc-1cb">
         <name>.debug_info</name>
         <load_address>0x9513</load_address>
         <run_address>0x9513</run_address>
         <size>0xdb</size>
      </object_component>
      <object_component id="oc-10">
         <name>.debug_pubnames</name>
         <load_address>0x0</load_address>
         <run_address>0x0</run_address>
         <size>0x23</size>
         <input_file_ref idref="fl-4"/>
      </object_component>
      <object_component id="oc-14">
         <name>.debug_pubnames</name>
         <load_address>0x23</load_address>
         <run_address>0x23</run_address>
         <size>0x1f</size>
         <input_file_ref idref="fl-132"/>
      </object_component>
      <object_component id="oc-1a">
         <name>.debug_pubnames</name>
         <load_address>0x42</load_address>
         <run_address>0x42</run_address>
         <size>0x2b</size>
         <input_file_ref idref="fl-133"/>
      </object_component>
      <object_component id="oc-20">
         <name>.debug_pubnames</name>
         <load_address>0x6d</load_address>
         <run_address>0x6d</run_address>
         <size>0x25</size>
         <input_file_ref idref="fl-135"/>
      </object_component>
      <object_component id="oc-24">
         <name>.debug_pubnames</name>
         <load_address>0x92</load_address>
         <run_address>0x92</run_address>
         <size>0x2c</size>
         <input_file_ref idref="fl-134"/>
      </object_component>
      <object_component id="oc-2b">
         <name>.debug_pubnames</name>
         <load_address>0xbe</load_address>
         <run_address>0xbe</run_address>
         <size>0x4c</size>
         <input_file_ref idref="fl-4"/>
      </object_component>
      <object_component id="oc-36">
         <name>.debug_pubnames</name>
         <load_address>0x10a</load_address>
         <run_address>0x10a</run_address>
         <size>0x37</size>
         <input_file_ref idref="fl-13b"/>
      </object_component>
      <object_component id="oc-3a">
         <name>.debug_pubnames</name>
         <load_address>0x141</load_address>
         <run_address>0x141</run_address>
         <size>0x21</size>
         <input_file_ref idref="fl-13a"/>
      </object_component>
      <object_component id="oc-3f">
         <name>.debug_pubnames</name>
         <load_address>0x162</load_address>
         <run_address>0x162</run_address>
         <size>0x35</size>
         <input_file_ref idref="fl-136"/>
      </object_component>
      <object_component id="oc-45">
         <name>.debug_pubnames</name>
         <load_address>0x197</load_address>
         <run_address>0x197</run_address>
         <size>0x23</size>
         <input_file_ref idref="fl-138"/>
      </object_component>
      <object_component id="oc-4a">
         <name>.debug_pubnames</name>
         <load_address>0x1ba</load_address>
         <run_address>0x1ba</run_address>
         <size>0x1d</size>
         <input_file_ref idref="fl-137"/>
      </object_component>
      <object_component id="oc-5d">
         <name>.debug_pubnames</name>
         <load_address>0x1d7</load_address>
         <run_address>0x1d7</run_address>
         <size>0x2f</size>
         <input_file_ref idref="fl-134"/>
      </object_component>
      <object_component id="oc-77">
         <name>.debug_pubnames</name>
         <load_address>0x206</load_address>
         <run_address>0x206</run_address>
         <size>0x1e</size>
         <input_file_ref idref="fl-13c"/>
      </object_component>
      <object_component id="oc-80">
         <name>.debug_pubnames</name>
         <load_address>0x224</load_address>
         <run_address>0x224</run_address>
         <size>0x56</size>
         <input_file_ref idref="fl-3"/>
      </object_component>
      <object_component id="oc-85">
         <name>.debug_pubnames</name>
         <load_address>0x27a</load_address>
         <run_address>0x27a</run_address>
         <size>0x28</size>
         <input_file_ref idref="fl-139"/>
      </object_component>
      <object_component id="oc-88">
         <name>.debug_pubnames</name>
         <load_address>0x2a2</load_address>
         <run_address>0x2a2</run_address>
         <size>0x3a</size>
         <input_file_ref idref="fl-136"/>
      </object_component>
      <object_component id="oc-a5">
         <name>.debug_pubnames</name>
         <load_address>0x2dc</load_address>
         <run_address>0x2dc</run_address>
         <size>0x2d</size>
         <input_file_ref idref="fl-141"/>
      </object_component>
      <object_component id="oc-aa">
         <name>.debug_pubnames</name>
         <load_address>0x309</load_address>
         <run_address>0x309</run_address>
         <size>0x2c</size>
         <input_file_ref idref="fl-13f"/>
      </object_component>
      <object_component id="oc-b1">
         <name>.debug_pubnames</name>
         <load_address>0x335</load_address>
         <run_address>0x335</run_address>
         <size>0x23</size>
         <input_file_ref idref="fl-13f"/>
      </object_component>
      <object_component id="oc-b7">
         <name>.debug_pubnames</name>
         <load_address>0x358</load_address>
         <run_address>0x358</run_address>
         <size>0x25</size>
         <input_file_ref idref="fl-141"/>
      </object_component>
      <object_component id="oc-c0">
         <name>.debug_pubnames</name>
         <load_address>0x37d</load_address>
         <run_address>0x37d</run_address>
         <size>0x20</size>
         <input_file_ref idref="fl-13e"/>
      </object_component>
      <object_component id="oc-c6">
         <name>.debug_pubnames</name>
         <load_address>0x39d</load_address>
         <run_address>0x39d</run_address>
         <size>0x2c</size>
         <input_file_ref idref="fl-13e"/>
      </object_component>
      <object_component id="oc-ca">
         <name>.debug_pubnames</name>
         <load_address>0x3c9</load_address>
         <run_address>0x3c9</run_address>
         <size>0x25</size>
         <input_file_ref idref="fl-141"/>
      </object_component>
      <object_component id="oc-d0">
         <name>.debug_pubnames</name>
         <load_address>0x3ee</load_address>
         <run_address>0x3ee</run_address>
         <size>0x26</size>
         <input_file_ref idref="fl-140"/>
      </object_component>
      <object_component id="oc-d5">
         <name>.debug_pubnames</name>
         <load_address>0x414</load_address>
         <run_address>0x414</run_address>
         <size>0x27</size>
         <input_file_ref idref="fl-13f"/>
      </object_component>
      <object_component id="oc-dc">
         <name>.debug_pubnames</name>
         <load_address>0x43b</load_address>
         <run_address>0x43b</run_address>
         <size>0x26</size>
         <input_file_ref idref="fl-13f"/>
      </object_component>
      <object_component id="oc-e3">
         <name>.debug_pubnames</name>
         <load_address>0x461</load_address>
         <run_address>0x461</run_address>
         <size>0x2a</size>
         <input_file_ref idref="fl-142"/>
      </object_component>
      <object_component id="oc-e8">
         <name>.debug_pubnames</name>
         <load_address>0x48b</load_address>
         <run_address>0x48b</run_address>
         <size>0x20</size>
         <input_file_ref idref="fl-140"/>
      </object_component>
      <object_component id="oc-ef">
         <name>.debug_pubnames</name>
         <load_address>0x4ab</load_address>
         <run_address>0x4ab</run_address>
         <size>0x24</size>
         <input_file_ref idref="fl-142"/>
      </object_component>
      <object_component id="oc-f3">
         <name>.debug_pubnames</name>
         <load_address>0x4cf</load_address>
         <run_address>0x4cf</run_address>
         <size>0x17f</size>
         <input_file_ref idref="fl-2"/>
      </object_component>
      <object_component id="oc-fa">
         <name>.debug_pubnames</name>
         <load_address>0x64e</load_address>
         <run_address>0x64e</run_address>
         <size>0x25</size>
         <input_file_ref idref="fl-142"/>
      </object_component>
      <object_component id="oc-100">
         <name>.debug_pubnames</name>
         <load_address>0x673</load_address>
         <run_address>0x673</run_address>
         <size>0x22</size>
         <input_file_ref idref="fl-142"/>
      </object_component>
      <object_component id="oc-106">
         <name>.debug_pubnames</name>
         <load_address>0x695</load_address>
         <run_address>0x695</run_address>
         <size>0x22</size>
         <input_file_ref idref="fl-142"/>
      </object_component>
      <object_component id="oc-10b">
         <name>.debug_pubnames</name>
         <load_address>0x6b7</load_address>
         <run_address>0x6b7</run_address>
         <size>0x1e</size>
         <input_file_ref idref="fl-3"/>
      </object_component>
      <object_component id="oc-11c">
         <name>.debug_pubnames</name>
         <load_address>0x6d5</load_address>
         <run_address>0x6d5</run_address>
         <size>0x43</size>
         <input_file_ref idref="fl-139"/>
      </object_component>
      <object_component id="oc-134">
         <name>.debug_pubnames</name>
         <load_address>0x718</load_address>
         <run_address>0x718</run_address>
         <size>0x27</size>
         <input_file_ref idref="fl-13f"/>
      </object_component>
      <object_component id="oc-13a">
         <name>.debug_pubnames</name>
         <load_address>0x73f</load_address>
         <run_address>0x73f</run_address>
         <size>0x25</size>
         <input_file_ref idref="fl-13f"/>
      </object_component>
      <object_component id="oc-142">
         <name>.debug_pubnames</name>
         <load_address>0x764</load_address>
         <run_address>0x764</run_address>
         <size>0x23</size>
         <input_file_ref idref="fl-141"/>
      </object_component>
      <object_component id="oc-149">
         <name>.debug_pubnames</name>
         <load_address>0x787</load_address>
         <run_address>0x787</run_address>
         <size>0x1f</size>
         <input_file_ref idref="fl-143"/>
      </object_component>
      <object_component id="oc-150">
         <name>.debug_pubnames</name>
         <load_address>0x7a6</load_address>
         <run_address>0x7a6</run_address>
         <size>0x2b</size>
         <input_file_ref idref="fl-13f"/>
      </object_component>
      <object_component id="oc-157">
         <name>.debug_pubnames</name>
         <load_address>0x7d1</load_address>
         <run_address>0x7d1</run_address>
         <size>0x22</size>
         <input_file_ref idref="fl-142"/>
      </object_component>
      <object_component id="oc-15d">
         <name>.debug_pubnames</name>
         <load_address>0x7f3</load_address>
         <run_address>0x7f3</run_address>
         <size>0x21</size>
         <input_file_ref idref="fl-142"/>
      </object_component>
      <object_component id="oc-163">
         <name>.debug_pubnames</name>
         <load_address>0x814</load_address>
         <run_address>0x814</run_address>
         <size>0x77</size>
         <input_file_ref idref="fl-140"/>
      </object_component>
      <object_component id="oc-16b">
         <name>.debug_pubnames</name>
         <load_address>0x88b</load_address>
         <run_address>0x88b</run_address>
         <size>0x23</size>
         <input_file_ref idref="fl-13d"/>
      </object_component>
      <object_component id="oc-170">
         <name>.debug_pubnames</name>
         <load_address>0x8ae</load_address>
         <run_address>0x8ae</run_address>
         <size>0x21</size>
         <input_file_ref idref="fl-13d"/>
      </object_component>
      <object_component id="oc-175">
         <name>.debug_pubnames</name>
         <load_address>0x8cf</load_address>
         <run_address>0x8cf</run_address>
         <size>0x26</size>
         <input_file_ref idref="fl-2"/>
      </object_component>
      <object_component id="oc-178">
         <name>.debug_pubnames</name>
         <load_address>0x8f5</load_address>
         <run_address>0x8f5</run_address>
         <size>0x27</size>
         <input_file_ref idref="fl-2"/>
      </object_component>
      <object_component id="oc-13">
         <name>.debug_aranges</name>
         <load_address>0x0</load_address>
         <run_address>0x0</run_address>
         <size>0x20</size>
         <input_file_ref idref="fl-132"/>
      </object_component>
      <object_component id="oc-1b">
         <name>.debug_aranges</name>
         <load_address>0x20</load_address>
         <run_address>0x20</run_address>
         <size>0x20</size>
         <input_file_ref idref="fl-133"/>
      </object_component>
      <object_component id="oc-1f">
         <name>.debug_aranges</name>
         <load_address>0x40</load_address>
         <run_address>0x40</run_address>
         <size>0x20</size>
         <input_file_ref idref="fl-135"/>
      </object_component>
      <object_component id="oc-25">
         <name>.debug_aranges</name>
         <load_address>0x60</load_address>
         <run_address>0x60</run_address>
         <size>0x20</size>
         <input_file_ref idref="fl-134"/>
      </object_component>
      <object_component id="oc-2c">
         <name>.debug_aranges</name>
         <load_address>0x80</load_address>
         <run_address>0x80</run_address>
         <size>0x38</size>
         <input_file_ref idref="fl-4"/>
      </object_component>
      <object_component id="oc-34">
         <name>.debug_aranges</name>
         <load_address>0xb8</load_address>
         <run_address>0xb8</run_address>
         <size>0x28</size>
         <input_file_ref idref="fl-13b"/>
      </object_component>
      <object_component id="oc-39">
         <name>.debug_aranges</name>
         <load_address>0xe0</load_address>
         <run_address>0xe0</run_address>
         <size>0x20</size>
         <input_file_ref idref="fl-13a"/>
      </object_component>
      <object_component id="oc-40">
         <name>.debug_aranges</name>
         <load_address>0x100</load_address>
         <run_address>0x100</run_address>
         <size>0x30</size>
         <input_file_ref idref="fl-136"/>
      </object_component>
      <object_component id="oc-48">
         <name>.debug_aranges</name>
         <load_address>0x130</load_address>
         <run_address>0x130</run_address>
         <size>0x20</size>
         <input_file_ref idref="fl-137"/>
      </object_component>
      <object_component id="oc-5b">
         <name>.debug_aranges</name>
         <load_address>0x150</load_address>
         <run_address>0x150</run_address>
         <size>0x20</size>
         <input_file_ref idref="fl-134"/>
      </object_component>
      <object_component id="oc-76">
         <name>.debug_aranges</name>
         <load_address>0x170</load_address>
         <run_address>0x170</run_address>
         <size>0x20</size>
         <input_file_ref idref="fl-13c"/>
      </object_component>
      <object_component id="oc-7d">
         <name>.debug_aranges</name>
         <load_address>0x190</load_address>
         <run_address>0x190</run_address>
         <size>0x48</size>
         <input_file_ref idref="fl-3"/>
      </object_component>
      <object_component id="oc-a4">
         <name>.debug_aranges</name>
         <load_address>0x1d8</load_address>
         <run_address>0x1d8</run_address>
         <size>0x20</size>
         <input_file_ref idref="fl-141"/>
      </object_component>
      <object_component id="oc-ab">
         <name>.debug_aranges</name>
         <load_address>0x1f8</load_address>
         <run_address>0x1f8</run_address>
         <size>0x20</size>
         <input_file_ref idref="fl-13f"/>
      </object_component>
      <object_component id="oc-b0">
         <name>.debug_aranges</name>
         <load_address>0x218</load_address>
         <run_address>0x218</run_address>
         <size>0x20</size>
         <input_file_ref idref="fl-13f"/>
      </object_component>
      <object_component id="oc-b6">
         <name>.debug_aranges</name>
         <load_address>0x238</load_address>
         <run_address>0x238</run_address>
         <size>0x20</size>
         <input_file_ref idref="fl-141"/>
      </object_component>
      <object_component id="oc-bf">
         <name>.debug_aranges</name>
         <load_address>0x258</load_address>
         <run_address>0x258</run_address>
         <size>0x20</size>
         <input_file_ref idref="fl-13e"/>
      </object_component>
      <object_component id="oc-c5">
         <name>.debug_aranges</name>
         <load_address>0x278</load_address>
         <run_address>0x278</run_address>
         <size>0x20</size>
         <input_file_ref idref="fl-13e"/>
      </object_component>
      <object_component id="oc-c9">
         <name>.debug_aranges</name>
         <load_address>0x298</load_address>
         <run_address>0x298</run_address>
         <size>0x20</size>
         <input_file_ref idref="fl-141"/>
      </object_component>
      <object_component id="oc-cf">
         <name>.debug_aranges</name>
         <load_address>0x2b8</load_address>
         <run_address>0x2b8</run_address>
         <size>0x20</size>
         <input_file_ref idref="fl-140"/>
      </object_component>
      <object_component id="oc-d6">
         <name>.debug_aranges</name>
         <load_address>0x2d8</load_address>
         <run_address>0x2d8</run_address>
         <size>0x20</size>
         <input_file_ref idref="fl-13f"/>
      </object_component>
      <object_component id="oc-db">
         <name>.debug_aranges</name>
         <load_address>0x2f8</load_address>
         <run_address>0x2f8</run_address>
         <size>0x20</size>
         <input_file_ref idref="fl-13f"/>
      </object_component>
      <object_component id="oc-e2">
         <name>.debug_aranges</name>
         <load_address>0x318</load_address>
         <run_address>0x318</run_address>
         <size>0x20</size>
         <input_file_ref idref="fl-142"/>
      </object_component>
      <object_component id="oc-e7">
         <name>.debug_aranges</name>
         <load_address>0x338</load_address>
         <run_address>0x338</run_address>
         <size>0x20</size>
         <input_file_ref idref="fl-140"/>
      </object_component>
      <object_component id="oc-ee">
         <name>.debug_aranges</name>
         <load_address>0x358</load_address>
         <run_address>0x358</run_address>
         <size>0x20</size>
         <input_file_ref idref="fl-142"/>
      </object_component>
      <object_component id="oc-f4">
         <name>.debug_aranges</name>
         <load_address>0x378</load_address>
         <run_address>0x378</run_address>
         <size>0xa8</size>
         <input_file_ref idref="fl-2"/>
      </object_component>
      <object_component id="oc-f9">
         <name>.debug_aranges</name>
         <load_address>0x420</load_address>
         <run_address>0x420</run_address>
         <size>0x20</size>
         <input_file_ref idref="fl-142"/>
      </object_component>
      <object_component id="oc-ff">
         <name>.debug_aranges</name>
         <load_address>0x440</load_address>
         <run_address>0x440</run_address>
         <size>0x20</size>
         <input_file_ref idref="fl-142"/>
      </object_component>
      <object_component id="oc-105">
         <name>.debug_aranges</name>
         <load_address>0x460</load_address>
         <run_address>0x460</run_address>
         <size>0x20</size>
         <input_file_ref idref="fl-142"/>
      </object_component>
      <object_component id="oc-11d">
         <name>.debug_aranges</name>
         <load_address>0x480</load_address>
         <run_address>0x480</run_address>
         <size>0x30</size>
         <input_file_ref idref="fl-139"/>
      </object_component>
      <object_component id="oc-133">
         <name>.debug_aranges</name>
         <load_address>0x4b0</load_address>
         <run_address>0x4b0</run_address>
         <size>0x20</size>
         <input_file_ref idref="fl-13f"/>
      </object_component>
      <object_component id="oc-139">
         <name>.debug_aranges</name>
         <load_address>0x4d0</load_address>
         <run_address>0x4d0</run_address>
         <size>0x20</size>
         <input_file_ref idref="fl-13f"/>
      </object_component>
      <object_component id="oc-14a">
         <name>.debug_aranges</name>
         <load_address>0x4f0</load_address>
         <run_address>0x4f0</run_address>
         <size>0x20</size>
         <input_file_ref idref="fl-143"/>
      </object_component>
      <object_component id="oc-156">
         <name>.debug_aranges</name>
         <load_address>0x510</load_address>
         <run_address>0x510</run_address>
         <size>0x20</size>
         <input_file_ref idref="fl-142"/>
      </object_component>
      <object_component id="oc-15c">
         <name>.debug_aranges</name>
         <load_address>0x530</load_address>
         <run_address>0x530</run_address>
         <size>0x20</size>
         <input_file_ref idref="fl-142"/>
      </object_component>
      <object_component id="oc-16a">
         <name>.debug_aranges</name>
         <load_address>0x550</load_address>
         <run_address>0x550</run_address>
         <size>0x20</size>
         <input_file_ref idref="fl-13d"/>
      </object_component>
      <object_component id="oc-16f">
         <name>.debug_aranges</name>
         <load_address>0x570</load_address>
         <run_address>0x570</run_address>
         <size>0x20</size>
         <input_file_ref idref="fl-13d"/>
      </object_component>
      <object_component id="oc-15">
         <name>.debug_line</name>
         <load_address>0x0</load_address>
         <run_address>0x0</run_address>
         <size>0x4f</size>
         <input_file_ref idref="fl-132"/>
      </object_component>
      <object_component id="oc-18">
         <name>.debug_line</name>
         <load_address>0x4f</load_address>
         <run_address>0x4f</run_address>
         <size>0x55</size>
         <input_file_ref idref="fl-133"/>
      </object_component>
      <object_component id="oc-21">
         <name>.debug_line</name>
         <load_address>0xa4</load_address>
         <run_address>0xa4</run_address>
         <size>0x4c</size>
         <input_file_ref idref="fl-135"/>
      </object_component>
      <object_component id="oc-26">
         <name>.debug_line</name>
         <load_address>0xf0</load_address>
         <run_address>0xf0</run_address>
         <size>0x4b</size>
         <input_file_ref idref="fl-134"/>
      </object_component>
      <object_component id="oc-2e">
         <name>.debug_line</name>
         <load_address>0x13b</load_address>
         <run_address>0x13b</run_address>
         <size>0x9b</size>
         <input_file_ref idref="fl-4"/>
      </object_component>
      <object_component id="oc-30">
         <name>.debug_line</name>
         <load_address>0x1d6</load_address>
         <run_address>0x1d6</run_address>
         <size>0x41</size>
         <input_file_ref idref="fl-4"/>
      </object_component>
      <object_component id="oc-33">
         <name>.debug_line</name>
         <load_address>0x217</load_address>
         <run_address>0x217</run_address>
         <size>0x87</size>
         <input_file_ref idref="fl-13b"/>
      </object_component>
      <object_component id="oc-3c">
         <name>.debug_line</name>
         <load_address>0x29e</load_address>
         <run_address>0x29e</run_address>
         <size>0x50</size>
         <input_file_ref idref="fl-13a"/>
      </object_component>
      <object_component id="oc-41">
         <name>.debug_line</name>
         <load_address>0x2ee</load_address>
         <run_address>0x2ee</run_address>
         <size>0x7a</size>
         <input_file_ref idref="fl-136"/>
      </object_component>
      <object_component id="oc-4b">
         <name>.debug_line</name>
         <load_address>0x368</load_address>
         <run_address>0x368</run_address>
         <size>0x88</size>
         <input_file_ref idref="fl-137"/>
      </object_component>
      <object_component id="oc-50">
         <name>.debug_line</name>
         <load_address>0x3f0</load_address>
         <run_address>0x3f0</run_address>
         <size>0x3a</size>
         <input_file_ref idref="fl-133"/>
      </object_component>
      <object_component id="oc-57">
         <name>.debug_line</name>
         <load_address>0x42a</load_address>
         <run_address>0x42a</run_address>
         <size>0x34</size>
         <input_file_ref idref="fl-135"/>
      </object_component>
      <object_component id="oc-5e">
         <name>.debug_line</name>
         <load_address>0x45e</load_address>
         <run_address>0x45e</run_address>
         <size>0x8c</size>
         <input_file_ref idref="fl-134"/>
      </object_component>
      <object_component id="oc-65">
         <name>.debug_line</name>
         <load_address>0x4ea</load_address>
         <run_address>0x4ea</run_address>
         <size>0x39</size>
         <input_file_ref idref="fl-134"/>
      </object_component>
      <object_component id="oc-69">
         <name>.debug_line</name>
         <load_address>0x523</load_address>
         <run_address>0x523</run_address>
         <size>0x41</size>
         <input_file_ref idref="fl-4"/>
      </object_component>
      <object_component id="oc-6d">
         <name>.debug_line</name>
         <load_address>0x564</load_address>
         <run_address>0x564</run_address>
         <size>0x20</size>
         <input_file_ref idref="fl-2"/>
      </object_component>
      <object_component id="oc-72">
         <name>.debug_line</name>
         <load_address>0x584</load_address>
         <run_address>0x584</run_address>
         <size>0x62</size>
         <input_file_ref idref="fl-2"/>
      </object_component>
      <object_component id="oc-78">
         <name>.debug_line</name>
         <load_address>0x5e6</load_address>
         <run_address>0x5e6</run_address>
         <size>0x6d</size>
         <input_file_ref idref="fl-13c"/>
      </object_component>
      <object_component id="oc-7e">
         <name>.debug_line</name>
         <load_address>0x653</load_address>
         <run_address>0x653</run_address>
         <size>0x1f1</size>
         <input_file_ref idref="fl-3"/>
      </object_component>
      <object_component id="oc-8d">
         <name>.debug_line</name>
         <load_address>0x844</load_address>
         <run_address>0x844</run_address>
         <size>0x33</size>
         <input_file_ref idref="fl-138"/>
      </object_component>
      <object_component id="oc-92">
         <name>.debug_line</name>
         <load_address>0x877</load_address>
         <run_address>0x877</run_address>
         <size>0x44</size>
         <input_file_ref idref="fl-133"/>
      </object_component>
      <object_component id="oc-95">
         <name>.debug_line</name>
         <load_address>0x8bb</load_address>
         <run_address>0x8bb</run_address>
         <size>0x20</size>
         <input_file_ref idref="fl-133"/>
      </object_component>
      <object_component id="oc-99">
         <name>.debug_line</name>
         <load_address>0x8db</load_address>
         <run_address>0x8db</run_address>
         <size>0x62</size>
         <input_file_ref idref="fl-2"/>
      </object_component>
      <object_component id="oc-9c">
         <name>.debug_line</name>
         <load_address>0x93d</load_address>
         <run_address>0x93d</run_address>
         <size>0x20</size>
         <input_file_ref idref="fl-135"/>
      </object_component>
      <object_component id="oc-9f">
         <name>.debug_line</name>
         <load_address>0x95d</load_address>
         <run_address>0x95d</run_address>
         <size>0x20</size>
         <input_file_ref idref="fl-134"/>
      </object_component>
      <object_component id="oc-a6">
         <name>.debug_line</name>
         <load_address>0x97d</load_address>
         <run_address>0x97d</run_address>
         <size>0xac</size>
         <input_file_ref idref="fl-141"/>
      </object_component>
      <object_component id="oc-ac">
         <name>.debug_line</name>
         <load_address>0xa29</load_address>
         <run_address>0xa29</run_address>
         <size>0xb1</size>
         <input_file_ref idref="fl-13f"/>
      </object_component>
      <object_component id="oc-b2">
         <name>.debug_line</name>
         <load_address>0xada</load_address>
         <run_address>0xada</run_address>
         <size>0xaa</size>
         <input_file_ref idref="fl-13f"/>
      </object_component>
      <object_component id="oc-b8">
         <name>.debug_line</name>
         <load_address>0xb84</load_address>
         <run_address>0xb84</run_address>
         <size>0x132</size>
         <input_file_ref idref="fl-141"/>
      </object_component>
      <object_component id="oc-bd">
         <name>.debug_line</name>
         <load_address>0xcb6</load_address>
         <run_address>0xcb6</run_address>
         <size>0xa6</size>
         <input_file_ref idref="fl-13e"/>
      </object_component>
      <object_component id="oc-c3">
         <name>.debug_line</name>
         <load_address>0xd5c</load_address>
         <run_address>0xd5c</run_address>
         <size>0xa9</size>
         <input_file_ref idref="fl-13e"/>
      </object_component>
      <object_component id="oc-cb">
         <name>.debug_line</name>
         <load_address>0xe05</load_address>
         <run_address>0xe05</run_address>
         <size>0x100</size>
         <input_file_ref idref="fl-141"/>
      </object_component>
      <object_component id="oc-d1">
         <name>.debug_line</name>
         <load_address>0xf05</load_address>
         <run_address>0xf05</run_address>
         <size>0xaf</size>
         <input_file_ref idref="fl-140"/>
      </object_component>
      <object_component id="oc-d7">
         <name>.debug_line</name>
         <load_address>0xfb4</load_address>
         <run_address>0xfb4</run_address>
         <size>0xbf</size>
         <input_file_ref idref="fl-13f"/>
      </object_component>
      <object_component id="oc-dd">
         <name>.debug_line</name>
         <load_address>0x1073</load_address>
         <run_address>0x1073</run_address>
         <size>0xab</size>
         <input_file_ref idref="fl-13f"/>
      </object_component>
      <object_component id="oc-e4">
         <name>.debug_line</name>
         <load_address>0x111e</load_address>
         <run_address>0x111e</run_address>
         <size>0xcb</size>
         <input_file_ref idref="fl-142"/>
      </object_component>
      <object_component id="oc-e9">
         <name>.debug_line</name>
         <load_address>0x11e9</load_address>
         <run_address>0x11e9</run_address>
         <size>0xda</size>
         <input_file_ref idref="fl-140"/>
      </object_component>
      <object_component id="oc-f0">
         <name>.debug_line</name>
         <load_address>0x12c3</load_address>
         <run_address>0x12c3</run_address>
         <size>0xaa</size>
         <input_file_ref idref="fl-142"/>
      </object_component>
      <object_component id="oc-f6">
         <name>.debug_line</name>
         <load_address>0x136d</load_address>
         <run_address>0x136d</run_address>
         <size>0x2b8</size>
         <input_file_ref idref="fl-2"/>
      </object_component>
      <object_component id="oc-fb">
         <name>.debug_line</name>
         <load_address>0x1625</load_address>
         <run_address>0x1625</run_address>
         <size>0xaa</size>
         <input_file_ref idref="fl-142"/>
      </object_component>
      <object_component id="oc-101">
         <name>.debug_line</name>
         <load_address>0x16cf</load_address>
         <run_address>0x16cf</run_address>
         <size>0xab</size>
         <input_file_ref idref="fl-142"/>
      </object_component>
      <object_component id="oc-107">
         <name>.debug_line</name>
         <load_address>0x177a</load_address>
         <run_address>0x177a</run_address>
         <size>0xab</size>
         <input_file_ref idref="fl-142"/>
      </object_component>
      <object_component id="oc-111">
         <name>.debug_line</name>
         <load_address>0x1825</load_address>
         <run_address>0x1825</run_address>
         <size>0x20</size>
         <input_file_ref idref="fl-3"/>
      </object_component>
      <object_component id="oc-114">
         <name>.debug_line</name>
         <load_address>0x1845</load_address>
         <run_address>0x1845</run_address>
         <size>0x2b</size>
         <input_file_ref idref="fl-13a"/>
      </object_component>
      <object_component id="oc-118">
         <name>.debug_line</name>
         <load_address>0x1870</load_address>
         <run_address>0x1870</run_address>
         <size>0x2b</size>
         <input_file_ref idref="fl-13a"/>
      </object_component>
      <object_component id="oc-11f">
         <name>.debug_line</name>
         <load_address>0x189b</load_address>
         <run_address>0x189b</run_address>
         <size>0x66</size>
         <input_file_ref idref="fl-139"/>
      </object_component>
      <object_component id="oc-121">
         <name>.debug_line</name>
         <load_address>0x1901</load_address>
         <run_address>0x1901</run_address>
         <size>0x2b</size>
         <input_file_ref idref="fl-139"/>
      </object_component>
      <object_component id="oc-125">
         <name>.debug_line</name>
         <load_address>0x192c</load_address>
         <run_address>0x192c</run_address>
         <size>0x2a</size>
         <input_file_ref idref="fl-136"/>
      </object_component>
      <object_component id="oc-127">
         <name>.debug_line</name>
         <load_address>0x1956</load_address>
         <run_address>0x1956</run_address>
         <size>0x43</size>
         <input_file_ref idref="fl-136"/>
      </object_component>
      <object_component id="oc-129">
         <name>.debug_line</name>
         <load_address>0x1999</load_address>
         <run_address>0x1999</run_address>
         <size>0x51</size>
         <input_file_ref idref="fl-13c"/>
      </object_component>
      <object_component id="oc-12d">
         <name>.debug_line</name>
         <load_address>0x19ea</load_address>
         <run_address>0x19ea</run_address>
         <size>0x45</size>
         <input_file_ref idref="fl-13c"/>
      </object_component>
      <object_component id="oc-135">
         <name>.debug_line</name>
         <load_address>0x1a2f</load_address>
         <run_address>0x1a2f</run_address>
         <size>0xe9</size>
         <input_file_ref idref="fl-13f"/>
      </object_component>
      <object_component id="oc-13b">
         <name>.debug_line</name>
         <load_address>0x1b18</load_address>
         <run_address>0x1b18</run_address>
         <size>0xad</size>
         <input_file_ref idref="fl-13f"/>
      </object_component>
      <object_component id="oc-14c">
         <name>.debug_line</name>
         <load_address>0x1bc5</load_address>
         <run_address>0x1bc5</run_address>
         <size>0xa9</size>
         <input_file_ref idref="fl-143"/>
      </object_component>
      <object_component id="oc-158">
         <name>.debug_line</name>
         <load_address>0x1c6e</load_address>
         <run_address>0x1c6e</run_address>
         <size>0xae</size>
         <input_file_ref idref="fl-142"/>
      </object_component>
      <object_component id="oc-15e">
         <name>.debug_line</name>
         <load_address>0x1d1c</load_address>
         <run_address>0x1d1c</run_address>
         <size>0xab</size>
         <input_file_ref idref="fl-142"/>
      </object_component>
      <object_component id="oc-168">
         <name>.debug_line</name>
         <load_address>0x1dc7</load_address>
         <run_address>0x1dc7</run_address>
         <size>0xd3</size>
         <input_file_ref idref="fl-13d"/>
      </object_component>
      <object_component id="oc-171">
         <name>.debug_line</name>
         <load_address>0x1e9a</load_address>
         <run_address>0x1e9a</run_address>
         <size>0xb8</size>
         <input_file_ref idref="fl-13d"/>
      </object_component>
      <object_component id="oc-17e">
         <name>.debug_line</name>
         <load_address>0x1f52</load_address>
         <run_address>0x1f52</run_address>
         <size>0x2d</size>
         <input_file_ref idref="fl-3"/>
      </object_component>
      <object_component id="oc-180">
         <name>.debug_line</name>
         <load_address>0x1f7f</load_address>
         <run_address>0x1f7f</run_address>
         <size>0x17e</size>
         <input_file_ref idref="fl-3"/>
      </object_component>
      <object_component id="oc-183">
         <name>.debug_line</name>
         <load_address>0x20fd</load_address>
         <run_address>0x20fd</run_address>
         <size>0x20</size>
         <input_file_ref idref="fl-139"/>
      </object_component>
      <object_component id="oc-185">
         <name>.debug_line</name>
         <load_address>0x211d</load_address>
         <run_address>0x211d</run_address>
         <size>0x185</size>
         <input_file_ref idref="fl-141"/>
      </object_component>
      <object_component id="oc-189">
         <name>.debug_line</name>
         <load_address>0x22a2</load_address>
         <run_address>0x22a2</run_address>
         <size>0x97</size>
         <input_file_ref idref="fl-141"/>
      </object_component>
      <object_component id="oc-18e">
         <name>.debug_line</name>
         <load_address>0x2339</load_address>
         <run_address>0x2339</run_address>
         <size>0x9a</size>
         <input_file_ref idref="fl-13f"/>
      </object_component>
      <object_component id="oc-190">
         <name>.debug_line</name>
         <load_address>0x23d3</load_address>
         <run_address>0x23d3</run_address>
         <size>0x97</size>
         <input_file_ref idref="fl-141"/>
      </object_component>
      <object_component id="oc-193">
         <name>.debug_line</name>
         <load_address>0x246a</load_address>
         <run_address>0x246a</run_address>
         <size>0x95</size>
         <input_file_ref idref="fl-13f"/>
      </object_component>
      <object_component id="oc-197">
         <name>.debug_line</name>
         <load_address>0x24ff</load_address>
         <run_address>0x24ff</run_address>
         <size>0x9a</size>
         <input_file_ref idref="fl-142"/>
      </object_component>
      <object_component id="oc-199">
         <name>.debug_line</name>
         <load_address>0x2599</load_address>
         <run_address>0x2599</run_address>
         <size>0x9a</size>
         <input_file_ref idref="fl-140"/>
      </object_component>
      <object_component id="oc-19b">
         <name>.debug_line</name>
         <load_address>0x2633</load_address>
         <run_address>0x2633</run_address>
         <size>0x94</size>
         <input_file_ref idref="fl-140"/>
      </object_component>
      <object_component id="oc-1a0">
         <name>.debug_line</name>
         <load_address>0x26c7</load_address>
         <run_address>0x26c7</run_address>
         <size>0x75</size>
         <input_file_ref idref="fl-2"/>
      </object_component>
      <object_component id="oc-1a2">
         <name>.debug_line</name>
         <load_address>0x273c</load_address>
         <run_address>0x273c</run_address>
         <size>0x33</size>
         <input_file_ref idref="fl-2"/>
      </object_component>
      <object_component id="oc-1a4">
         <name>.debug_line</name>
         <load_address>0x276f</load_address>
         <run_address>0x276f</run_address>
         <size>0x9a</size>
         <input_file_ref idref="fl-13d"/>
      </object_component>
      <object_component id="oc-1a8">
         <name>.debug_line</name>
[...]
            <object_component_ref idref="oc-1cc"/>
         </contents>
      </logical_group>
      <logical_group id="lg-1c2" display="never" color="cyan">
         <name>.debug_pubtypes</name>
         <load_address>0x0</load_address>
         <run_address>0x0</run_address>
         <size>0x5ab</size>
         <contents>
            <object_component_ref idref="oc-4e"/>
            <object_component_ref idref="oc-55"/>
            <object_component_ref idref="oc-63"/>
            <object_component_ref idref="oc-6b"/>
            <object_component_ref idref="oc-70"/>
            <object_component_ref idref="oc-8b"/>
            <object_component_ref idref="oc-90"/>
            <object_component_ref idref="oc-97"/>
            <object_component_ref idref="oc-10f"/>
            <object_component_ref idref="oc-116"/>
            <object_component_ref idref="oc-123"/>
            <object_component_ref idref="oc-12b"/>
            <object_component_ref idref="oc-187"/>
            <object_component_ref idref="oc-1a6"/>
         </contents>
      </logical_group>
      <logical_group id="lg-1c4" display="never" color="cyan">
         <name>.debug_str</name>
         <load_address>0x0</load_address>
         <run_address>0x0</run_address>
         <size>0xc21</size>
         <contents>
            <object_component_ref idref="oc-51"/>
            <object_component_ref idref="oc-58"/>
            <object_component_ref idref="oc-66"/>
            <object_component_ref idref="oc-6e"/>
            <object_component_ref idref="oc-73"/>
            <object_component_ref idref="oc-93"/>
            <object_component_ref idref="oc-9a"/>
            <object_component_ref idref="oc-112"/>
            <object_component_ref idref="oc-119"/>
            <object_component_ref idref="oc-12e"/>
            <object_component_ref idref="oc-18a"/>
            <object_component_ref idref="oc-1a9"/>
         </contents>
      </logical_group>
      <load_segment id="lg-1d2" display="no" color="cyan">
         <name>SEGMENT_0</name>
         <load_address>0x0</load_address>
         <run_address>0x0</run_address>
         <size>0x10e0</size>
         <flags>0x5</flags>
         <contents>
            <logical_group_ref idref="lg-3"/>
            <logical_group_ref idref="lg-4"/>
            <logical_group_ref idref="lg-5"/>
            <logical_group_ref idref="lg-6"/>
         </contents>
      </load_segment>
      <load_segment id="lg-1d3" display="no" color="cyan">
         <name>SEGMENT_1</name>
         <run_address>0x20000000</run_address>
         <size>0x27c</size>
         <flags>0x6</flags>
         <contents>
            <logical_group_ref idref="lg-d"/>
            <logical_group_ref idref="lg-b"/>
            <logical_group_ref idref="lg-a"/>
         </contents>
      </load_segment>
   </logical_group_list>
   <placement_map>
      <memory_area display="yes" color="green">
         <name>FLASH</name>
         <page_id>0x0</page_id>
         <origin>0x0</origin>
         <length>0x40000</length>
         <used_space>0x10d9</used_space>
         <unused_space>0x3ef27</unused_space>
         <attributes>RX</attributes>
         <usage_details>
            <allocated_space>
               <start_address>0x0</start_address>
               <size>0x26c</size>
               <logical_group_ref idref="lg-3"/>
            </allocated_space>
            <allocated_space>
               <start_address>0x26c</start_address>
               <size>0xcc4</size>
               <logical_group_ref idref="lg-4"/>
            </allocated_space>
            <allocated_space>
               <start_address>0xf30</start_address>
               <size>0x171</size>
               <logical_group_ref idref="lg-5"/>
            </allocated_space>
            <available_space>
               <start_address>0x10a1</start_address>
               <size>0x7</size>
            </available_space>
            <allocated_space>
               <start_address>0x10a8</start_address>
               <size>0x38</size>
               <logical_group_ref idref="lg-6"/>
            </allocated_space>
            <available_space>
               <start_address>0x10e0</start_address>
               <size>0x3ef20</size>
            </available_space>
         </usage_details>
      </memory_area>
      <memory_area display="yes" color="green">
         <name>SRAM</name>
         <page_id>0x0</page_id>
         <origin>0x20000000</origin>
         <length>0x8000</length>
         <used_space>0x27c</used_space>
         <unused_space>0x7d84</unused_space>
         <attributes>RWX</attributes>
         <usage_details>
            <allocated_space>
               <start_address>0x20000000</start_address>
               <size>0x200</size>
               <logical_group_ref idref="lg-d"/>
            </allocated_space>
            <allocated_space>
               <start_address>0x20000200</start_address>
               <size>0x68</size>
               <logical_group_ref idref="lg-b"/>
            </allocated_space>
            <allocated_space>
               <start_address>0x20000268</start_address>
               <size>0x14</size>
               <logical_group_ref idref="lg-a"/>
            </allocated_space>
            <available_space>
               <start_address>0x2000027c</start_address>
               <size>0x7d84</size>
            </available_space>
         </usage_details>
      </memory_area>
   </placement_map>
   <cptbl_list>
      <cptbl>
         <name>__TI_cinit_table</name>
         <cprec>
            <name>.data</name>
            <load_address>0x10a8</load_address>
            <load_size>0xf</load_size>
            <run_address>0x20000268</run_address>
            <run_size>0x14</run_size>
            <compression>rle</compression>
         </cprec>
         <cprec>
            <name>.bss</name>
            <load_address>0x10c8</load_address>
            <load_size>0x8</load_size>
            <run_address>0x20000200</run_address>
            <run_size>0x68</run_size>
            <compression>zero_init</compression>
         </cprec>
      </cptbl>
   </cptbl_list>
   <handler_table>
      <handler_table_name>__TI_handler_table</handler_table_name>
      <handler>
         <index>0x0</index>
         <name>__TI_decompress_rle24</name>
      </handler>
      <handler>
         <index>0x1</index>
         <name>__TI_decompress_none</name>
      </handler>
      <handler>
         <index>0x2</index>
         <name>__TI_zero_init</name>
      </handler>
   </handler_table>
   <symbol_table>
      <symbol id="sm-1">
         <name>__STACK_TOP</name>
         <value>0x20000200</value>
      </symbol>
      <symbol id="sm-2">
         <name>__TI_CINIT_Base</name>
         <value>0x10d0</value>
      </symbol>
      <symbol id="sm-3">
         <name>__TI_CINIT_Limit</name>
         <value>0x10e0</value>
      </symbol>
      <symbol id="sm-4">
         <name>__TI_Handler_Table_Base</name>
         <value>0x10b8</value>
      </symbol>
      <symbol id="sm-5">
         <name>__TI_Handler_Table_Limit</name>
         <value>0x10c4</value>
      </symbol>
      <symbol id="sm-6">
         <name>binit</name>
         <value>0xffffffff</value>
      </symbol>
      <symbol id="sm-7">
         <name>__binit__</name>
         <value>0xffffffff</value>
      </symbol>
      <symbol id="sm-8">
         <name>__STACK_SIZE</name>
         <value>0x200</value>
      </symbol>
      <symbol id="sm-9">
         <name>__STACK_END</name>
         <value>0x20000200</value>
      </symbol>
      <symbol id="sm-a">
         <name>__c_args__</name>
         <value>0xffffffff</value>
      </symbol>
      <symbol id="sm-6f">
         <name>UNPACK_C3</name>
         <value>0x4d5</value>
         <object_component_ref idref="oc-f1"/>
      </symbol>
      <symbol id="sm-70">
         <name>UNPACK_C2</name>
         <value>0x4d9</value>
         <object_component_ref idref="oc-f1"/>
      </symbol>
      <symbol id="sm-71">
         <name>UNPACK_C1</name>
         <value>0x4df</value>
         <object_component_ref idref="oc-f1"/>
      </symbol>
      <symbol id="sm-72">
         <name>UNPACK_C0</name>
         <value>0x4e5</value>
         <object_component_ref idref="oc-f1"/>
      </symbol>
      <symbol id="sm-73">
         <name>FlashStoreUsed</name>
         <value>0x595</value>
         <object_component_ref idref="oc-f1"/>
      </symbol>
      <symbol id="sm-74">
         <name>FlashStoreGetCurrentAddr</name>
         <value>0x63b</value>
         <object_component_ref idref="oc-f1"/>
      </symbol>
      <symbol id="sm-75">
         <name>FlashStoreWriteRecord</name>
         <value>0x4fb</value>
         <object_component_ref idref="oc-f1"/>
      </symbol>
      <symbol id="sm-76">
         <name>FlashStoreGetStartAddr</name>
         <value>0x62b</value>
         <object_component_ref idref="oc-f1"/>
      </symbol>
      <symbol id="sm-77">
         <name>PACK</name>
         <value>0x4eb</value>
         <object_component_ref idref="oc-f1"/>
      </symbol>
      <symbol id="sm-78">
         <name>FlashStoreGetEndAddr</name>
         <value>0x635</value>
         <object_component_ref idref="oc-f1"/>
      </symbol>
      <symbol id="sm-79">
         <name>FlashStoreGetAddr</name>
         <value>0x641</value>
         <object_component_ref idref="oc-f1"/>
      </symbol>
      <symbol id="sm-7a">
         <name>FlashStoreInit</name>
         <value>0x623</value>
         <object_component_ref idref="oc-f1"/>
      </symbol>
      <symbol id="sm-7b">
         <name>FlashStoreGetHeader</name>
         <value>0x631</value>
         <object_component_ref idref="oc-f1"/>
      </symbol>
      <symbol id="sm-7c">
         <name>FlashStoreSetCurrentAddr</name>
         <value>0x5b3</value>
         <object_component_ref idref="oc-f1"/>
      </symbol>
      <symbol id="sm-7d">
         <name>FlashStoreNewLogFile</name>
         <value>0x5b9</value>
         <object_component_ref idref="oc-f1"/>
      </symbol>
      <symbol id="sm-7e">
         <name>FlashStoreFree</name>
         <value>0x645</value>
         <object_component_ref idref="oc-f1"/>
      </symbol>
      <symbol id="sm-7f">
         <name>FlashStoreErase</name>
         <value>0x663</value>
         <object_component_ref idref="oc-f1"/>
      </symbol>
      <symbol id="sm-b3">
         <name>LEDInit</name>
         <value>0x26d</value>
         <object_component_ref idref="oc-7b"/>
      </symbol>
      <symbol id="sm-b4">
         <name>LEDOff</name>
         <value>0x289</value>
         <object_component_ref idref="oc-7b"/>
      </symbol>
      <symbol id="sm-b5">
         <name>main</name>
         <value>0x2af</value>
         <object_component_ref idref="oc-7b"/>
      </symbol>
      <symbol id="sm-b6">
         <name>LEDOn</name>
         <value>0x27f</value>
         <object_component_ref idref="oc-7b"/>
      </symbol>
      <symbol id="sm-b7">
         <name>LEDBlink</name>
         <value>0x293</value>
         <object_component_ref idref="oc-7b"/>
      </symbol>
      <symbol id="sm-b8">
         <name>UARTSend</name>
         <value>0x497</value>
         <object_component_ref idref="oc-7b"/>
      </symbol>
      <symbol id="sm-d4">
         <name>ResetISR</name>
         <value>0xef7</value>
         <object_component_ref idref="oc-29"/>
      </symbol>
      <symbol id="sm-d5">
         <name>g_pfnVectors</name>
         <value>0x0</value>
         <object_component_ref idref="oc-e"/>
      </symbol>
      <symbol id="sm-e5">
         <name>_c_int00</name>
         <value>0xc65</value>
         <object_component_ref idref="oc-11"/>
      </symbol>
      <symbol id="sm-e6">
         <name>__stack</name>
         <value>0x20000000</value>
         <object_component_ref idref="oc-28"/>
      </symbol>
      <symbol id="sm-fd">
         <name>__TI_decompress_none</name>
         <value>0xed1</value>
         <object_component_ref idref="oc-16"/>
      </symbol>
      <symbol id="sm-121">
         <name>__TI_decompress_rle24</name>
         <value>0xf2b</value>
         <object_component_ref idref="oc-22"/>
      </symbol>
      <symbol id="sm-135">
         <name>__TI_zero_init</name>
         <value>0xe8f</value>
         <object_component_ref idref="oc-1c"/>
      </symbol>
      <symbol id="sm-154">
         <name>C$$EXIT</name>
         <value>0xcf1</value>
         <object_component_ref idref="oc-3d"/>
      </symbol>
      <symbol id="sm-155">
         <name>abort</name>
         <value>0xcf5</value>
         <object_component_ref idref="oc-3d"/>
      </symbol>
      <symbol id="sm-156">
         <name>exit</name>
         <value>0xcfd</value>
         <object_component_ref idref="oc-3d"/>
      </symbol>
      <symbol id="sm-157">
         <name>__TI_dtors_ptr</name>
         <value>0x20000274</value>
         <object_component_ref idref="oc-86"/>
      </symbol>
      <symbol id="sm-158">
         <name>__TI_cleanup_ptr</name>
         <value>0x20000270</value>
         <object_component_ref idref="oc-86"/>
      </symbol>
      <symbol id="sm-173">
         <name>memcpy</name>
         <value>0x9c1</value>
         <object_component_ref idref="oc-47"/>
      </symbol>
      <symbol id="sm-174">
         <name>__aeabi_memcpy</name>
         <value>0x9c1</value>
         <object_component_ref idref="oc-47"/>
      </symbol>
      <symbol id="sm-175">
         <name>__aeabi_memcpy8</name>
         <value>0x9c1</value>
         <object_component_ref idref="oc-47"/>
      </symbol>
      <symbol id="sm-176">
         <name>__aeabi_memcpy4</name>
         <value>0x9c1</value>
         <object_component_ref idref="oc-47"/>
      </symbol>
      <symbol id="sm-17e">
         <name>main_func_sp</name>
         <value>0x20000278</value>
         <object_component_ref idref="oc-43"/>
      </symbol>
      <symbol id="sm-197">
         <name>_nop</name>
         <value>0xe77</value>
         <object_component_ref idref="oc-11a"/>
      </symbol>
      <symbol id="sm-198">
         <name>_lock</name>
         <value>0x20000268</value>
         <object_component_ref idref="oc-83"/>
      </symbol>
      <symbol id="sm-199">
         <name>_unlock</name>
         <value>0x2000026c</value>
         <object_component_ref idref="oc-83"/>
      </symbol>
      <symbol id="sm-19a">
         <name>_register_lock</name>
         <value>0xe6f</value>
         <object_component_ref idref="oc-11a"/>
      </symbol>
      <symbol id="sm-19b">
         <name>_register_unlock</name>
         <value>0xe69</value>
         <object_component_ref idref="oc-11a"/>
      </symbol>
      <symbol id="sm-1af">
         <name>_args_main</name>
         <value>0xe3d</value>
         <object_component_ref idref="oc-37"/>
      </symbol>
      <symbol id="sm-1cc">
         <name>__TI_auto_init</name>
         <value>0xa5d</value>
         <object_component_ref idref="oc-32"/>
      </symbol>
      <symbol id="sm-1e5">
         <name>copy_in</name>
         <value>0xcad</value>
         <object_component_ref idref="oc-74"/>
      </symbol>
      <symbol id="sm-208">
         <name>FlashErase</name>
         <value>0xdad</value>
         <object_component_ref idref="oc-16d"/>
      </symbol>
      <symbol id="sm-209">
         <name>FlashProgram</name>
         <value>0xb59</value>
         <object_component_ref idref="oc-167"/>
      </symbol>
      <symbol id="sm-21f">
         <name>FPULazyStackingEnable</name>
         <value>0xeb1</value>
         <object_component_ref idref="oc-c1"/>
      </symbol>
      <symbol id="sm-220">
         <name>FPUEnable</name>
         <value>0xea1</value>
         <object_component_ref idref="oc-bb"/>
      </symbol>
      <symbol id="sm-262">
         <name>GPIOPinConfigure</name>
         <value>0xc1d</value>
         <object_component_ref idref="oc-d3"/>
      </symbol>
      <symbol id="sm-263">
         <name>GPIOPinTypeUART</name>
         <value>0xe7d</value>
         <object_component_ref idref="oc-d9"/>
      </symbol>
      <symbol id="sm-264">
         <name>GPIOPinTypeGPIOOutput</name>
         <value>0xe25</value>
         <object_component_ref idref="oc-a8"/>
      </symbol>
      <symbol id="sm-265">
         <name>GPIODirModeSet</name>
         <value>0xddd</value>
         <object_component_ref idref="oc-137"/>
      </symbol>
      <symbol id="sm-266">
         <name>GPIOPinWrite</name>
         <value>0xf1f</value>
         <object_component_ref idref="oc-ae"/>
      </symbol>
      <symbol id="sm-267">
         <name>GPIOPadConfigSet</name>
         <value>0x689</value>
         <object_component_ref idref="oc-131"/>
      </symbol>
      <symbol id="sm-297">
         <name>IntEnable</name>
         <value>0xaf1</value>
         <object_component_ref idref="oc-e5"/>
      </symbol>
      <symbol id="sm-298">
         <name>IntMasterEnable</name>
         <value>0xec1</value>
         <object_component_ref idref="oc-cd"/>
      </symbol>
      <symbol id="sm-2eb">
         <name>SysCtlClockSet</name>
         <value>0x8d1</value>
         <object_component_ref idref="oc-c7"/>
      </symbol>
      <symbol id="sm-2ec">
         <name>SysCtlDelay</name>
         <value>0xf25</value>
         <object_component_ref idref="oc-ba"/>
      </symbol>
      <symbol id="sm-2ed">
         <name>SysCtlPeripheralEnable</name>
         <value>0xd79</value>
         <object_component_ref idref="oc-a2"/>
      </symbol>
      <symbol id="sm-2ee">
         <name>SysCtlClockGet</name>
         <value>0x7b9</value>
         <object_component_ref idref="oc-b4"/>
      </symbol>
      <symbol id="sm-331">
         <name>UARTConfigSetExpClk</name>
         <value>0xd35</value>
         <object_component_ref idref="oc-df"/>
      </symbol>
      <symbol id="sm-332">
         <name>UARTDisable</name>
         <value>0xe09</value>
         <object_component_ref idref="oc-153"/>
      </symbol>
      <symbol id="sm-333">
         <name>UARTIntEnable</name>
         <value>0xf17</value>
         <object_component_ref idref="oc-eb"/>
      </symbol>
      <symbol id="sm-334">
         <name>UARTCharsAvail</name>
         <value>0xeeb</value>
         <object_component_ref idref="oc-f7"/>
      </symbol>
      <symbol id="sm-335">
         <name>UARTCharPut</name>
         <value>0xf0d</value>
         <object_component_ref idref="oc-103"/>
      </symbol>
      <symbol id="sm-336">
         <name>UARTEnable</name>
         <value>0xe55</value>
         <object_component_ref idref="oc-159"/>
      </symbol>
      <symbol id="sm-337">
         <name>UARTCharGet</name>
         <value>0xf03</value>
         <object_component_ref idref="oc-fd"/>
      </symbol>
      <symbol id="sm-341">
         <name>CPUcpsie</name>
         <value>0xedf</value>
         <object_component_ref idref="oc-147"/>
      </symbol>
      <symbol id="sm-342">
         <name>__TI_static_base__</name>
         <value>0x10a8</value>
      </symbol>
      <symbol id="sm-343">
         <name>__TI_args_main</name>
         <value>0x1</value>
      </symbol>
      <symbol id="sm-344">
         <name>SHT$$INIT_ARRAY$$Limit</name>
         <value>0x0</value>
      </symbol>
      <symbol id="sm-345">
         <name>SHT$$INIT_ARRAY$$Base</name>
         <value>0x0</value>
      </symbol>
   </symbol_table>
   <title>Link successful</title>
</link_info>
