******************************************************************************
                  TI ARM Linker PC v5.1.9                      
******************************************************************************
>> Linked Mon Jan 26 20:30:11 2015

OUTPUT FILE NAME:   <esft_gps_uart_to_int_mem.out>
ENTRY POINT SYMBOL: "_c_int00"  address: 00000c65


MEMORY CONFIGURATION

         name            origin    length      used     unused   attr    fill
----------------------  --------  ---------  --------  --------  ----  --------
  FLASH                 00000000   00040000  000010d9  0003ef27  R  X
  SRAM                  20000000   00008000  0000027c  00007d84  RW X


SEGMENT ALLOCATION MAP

run origin  load origin   length   init length attrs members
----------  ----------- ---------- ----------- ----- -------
00000000    00000000    000010e0   000010e0    r-x
  00000000    00000000    0000026c   0000026c    r-- .intvecs
  0000026c    0000026c    00000cc4   00000cc4    r-x .text
  00000f30    00000f30    00000171   00000171    r-- .const
  000010a8    000010a8    00000038   00000038    r-- .cinit
20000000    20000000    0000027c   00000000    rw-
  20000000    20000000    00000200   00000000    rw- .stack
  20000200    20000200    00000068   00000000    rw- .bss
  20000268    20000268    00000014   00000000    rw- .data


SECTION ALLOCATION MAP

 output                                  attributes/
section   page    origin      length       input sections
--------  ----  ----------  ----------   ----------------
.init_array 
*          0    00000000    00000000     UNINITIALIZED

.intvecs   0    00000000    0000026c     
                  00000000    0000026c     tm4c123gh6pm_startup_ccs.obj (.intvecs)

.text      0    0000026c    00000cc4     
                  0000026c    00000268     main.obj (.text)
                  000004d4    000001b4     flashstore.obj (.text)
                  00000688    00000130     driverlib.lib : gpio.obj (.text:GPIOPadConfigSet)
                  000007b8    00000118                   : sysctl.obj (.text:SysCtlClockGet)
                  000008d0    000000f0                   : sysctl.obj (.text:SysCtlClockSet)
                  000009c0    0000009c     rtsv7M4_T_le_v4SPD16_eabi.lib : memcpy_t2.obj (.text)
                  00000a5c    00000094                                   : auto_init.obj (.text)
                  00000af0    00000068     driverlib.lib : interrupt.obj (.text:IntEnable)
                  00000b58    00000064                   : flash.obj (.text:FlashProgram)
                  00000bbc    0000005e     rtsv7M4_T_le_v4SPD16_eabi.lib : copy_decompress_rle.obj (.text)
                  00000c1a    00000002     --HOLE-- [fill = 0]
                  00000c1c    00000048     driverlib.lib : gpio.obj (.text:GPIOPinConfigure)
                  00000c64    00000048     rtsv7M4_T_le_v4SPD16_eabi.lib : boot.obj (.text)
                  00000cac    00000044                                   : cpy_tbl.obj (.text)
                  00000cf0    00000044                                   : exit.obj (.text)
                  00000d34    00000042     driverlib.lib : uart.obj (.text:UARTConfigSetExpClk)
                  00000d76    00000002     --HOLE-- [fill = 0]
                  00000d78    00000034                   : sysctl.obj (.text:SysCtlPeripheralEnable)
                  00000dac    00000030                   : flash.obj (.text:FlashErase)
                  00000ddc    0000002a                   : gpio.obj (.text:GPIODirModeSet)
                  00000e06    00000002     --HOLE-- [fill = 0]
                  00000e08    0000001c                   : uart.obj (.text:UARTDisable)
                  00000e24    00000018                   : gpio.obj (.text:GPIOPinTypeGPIOOutput)
                  00000e3c    00000018     rtsv7M4_T_le_v4SPD16_eabi.lib : args_main.obj (.text)
                  00000e54    00000014     driverlib.lib : uart.obj (.text:UARTEnable)
                  00000e68    00000014     rtsv7M4_T_le_v4SPD16_eabi.lib : _lock.obj (.text)
                  00000e7c    00000012     driverlib.lib : gpio.obj (.text:GPIOPinTypeUART)
                  00000e8e    00000012     rtsv7M4_T_le_v4SPD16_eabi.lib : copy_zero_init.obj (.text:decompress:ZI)
                  00000ea0    00000010     driverlib.lib : fpu.obj (.text:FPUEnable)
                  00000eb0    00000010                   : fpu.obj (.text:FPULazyStackingEnable)
                  00000ec0    00000010                   : interrupt.obj (.text:IntMasterEnable)
                  00000ed0    0000000e     rtsv7M4_T_le_v4SPD16_eabi.lib : copy_decompress_none.obj (.text:decompress:none)
                  00000ede    0000000c     driverlib.lib : cpu.obj (.text:CPUcpsie)
                  00000eea    0000000c                   : uart.obj (.text:UARTCharsAvail)
                  00000ef6    0000000c     tm4c123gh6pm_startup_ccs.obj (.text)
                  00000f02    0000000a     driverlib.lib : uart.obj (.text:UARTCharGet)
                  00000f0c    0000000a                   : uart.obj (.text:UARTCharPut)
                  00000f16    00000008                   : uart.obj (.text:UARTIntEnable)
                  00000f1e    00000006                   : gpio.obj (.text:GPIOPinWrite)
                  00000f24    00000006                   : sysctl.obj (.text:SysCtlDelay)
                  00000f2a    00000006     rtsv7M4_T_le_v4SPD16_eabi.lib : copy_decompress_rle.obj (.text:decompress:rle24)

.const     0    00000f30    00000171     
                  00000f30    00000090     driverlib.lib : gpio.obj (.const:g_pui32GPIOBaseAddrs)
                  00000fc0    00000070                   : interrupt.obj (.const)
                  00001030    0000006c                   : sysctl.obj (.const:g_pui32Xtals)
                  0000109c    00000005     main.obj (.const:.string)

.cinit     0    000010a8    00000038     
                  000010a8    0000000f     (.cinit..data.load) [load image, compression = rle]
                  000010b7    00000001     --HOLE-- [fill = 0]
                  000010b8    0000000c     (__TI_handler_table)
                  000010c4    00000004     --HOLE-- [fill = 0]
                  000010c8    00000008     (.cinit..bss.load) [load image, compression = zero_init]
                  000010d0    00000010     (__TI_cinit_table)

.stack     0    20000000    00000200     UNINITIALIZED
                  20000000    00000200     --HOLE--

.bss       0    20000200    00000068     UNINITIALIZED
                  20000200    00000064     flashstore.obj (.bss:g_pui32RecordBuf)
                  20000264    00000004     (.common:g_ui32StoreAddr)

.data      0    20000268    00000014     UNINITIALIZED
                  20000268    00000008     rtsv7M4_T_le_v4SPD16_eabi.lib : _lock.obj (.data)
                  20000270    00000008                                   : exit.obj (.data)
                  20000278    00000004                                   : stkdepth_vars.obj (.data)


LINKER GENERATED COPY TABLES

__TI_cinit_table @ 000010d0 records: 2, size/record: 8, table size: 16
	.data: load addr=000010a8, load size=0000000f bytes, run addr=20000268, run size=00000014 bytes, compression=rle
	.bss: load addr=000010c8, load size=00000008 bytes, run addr=20000200, run size=00000068 bytes, compression=zero_init


LINKER GENERATED HANDLER TABLE

__TI_handler_table @ 000010b8 records: 3, size/record: 4, table size: 12
	index: 0, handler: __TI_decompress_rle24
	index: 1, handler: __TI_decompress_none
	index: 2, handler: __TI_zero_init


GLOBAL SYMBOLS: SORTED ALPHABETICALLY BY Name 

address    name
--------   ----
00000cf1   C$$EXIT
00000edf   CPUcpsie
00000ea1   FPUEnable
00000eb1   FPULazyStackingEnable
00000dad   FlashErase
00000b59   FlashProgram
00000663   FlashStoreErase
00000645   FlashStoreFree
00000641   FlashStoreGetAddr
0000063b   FlashStoreGetCurrentAddr
00000635   FlashStoreGetEndAddr
00000631   FlashStoreGetHeader
0000062b   FlashStoreGetStartAddr
00000623   FlashStoreInit
000005b9   FlashStoreNewLogFile
000005b3   FlashStoreSetCurrentAddr
00000595   FlashStoreUsed
000004fb   FlashStoreWriteRecord
00000ddd   GPIODirModeSet
00000689   GPIOPadConfigSet
00000c1d   GPIOPinConfigure
00000e25   GPIOPinTypeGPIOOutput
00000e7d   GPIOPinTypeUART
00000f1f   GPIOPinWrite
00000af1   IntEnable
00000ec1   IntMasterEnable
00000293   LEDBlink
0000026d   LEDInit
00000289   LEDOff
0000027f   LEDOn
000004eb   PACK
00000ef7   ResetISR
UNDEFED    SHT$$INIT_ARRAY$$Base
UNDEFED    SHT$$INIT_ARRAY$$Limit
000007b9   SysCtlClockGet
000008d1   SysCtlClockSet
00000f25   SysCtlDelay
00000d79   SysCtlPeripheralEnable
00000f03   UARTCharGet
00000f0d   UARTCharPut
00000eeb   UARTCharsAvail
00000d35   UARTConfigSetExpClk
00000e09   UARTDisable
00000e55   UARTEnable
00000f17   UARTIntEnable
00000497   UARTSend
000004e5   UNPACK_C0
000004df   UNPACK_C1
000004d9   UNPACK_C2
000004d5   UNPACK_C3
20000200   __STACK_END
00000200   __STACK_SIZE
20000200   __STACK_TOP
000010d0   __TI_CINIT_Base
000010e0   __TI_CINIT_Limit
000010b8   __TI_Handler_Table_Base
000010c4   __TI_Handler_Table_Limit
00000001   __TI_args_main
00000a5d   __TI_auto_init
20000270   __TI_cleanup_ptr
00000ed1   __TI_decompress_none
00000f2b   __TI_decompress_rle24
20000274   __TI_dtors_ptr
000010a8   __TI_static_base__
00000e8f   __TI_zero_init
000009c1   __aeabi_memcpy
000009c1   __aeabi_memcpy4
000009c1   __aeabi_memcpy8
ffffffff   __binit__
ffffffff   __c_args__
20000000   __stack
00000e3d   _args_main
00000c65   _c_int00
20000268   _lock
00000e77   _nop
00000e6f   _register_lock
00000e69   _register_unlock
2000026c   _unlock
00000cf5   abort
ffffffff   binit
00000cad   copy_in
00000cfd   exit
00000000   g_pfnVectors
000002af   main
20000278   main_func_sp
000009c1   memcpy


GLOBAL SYMBOLS: SORTED BY Symbol Address 

address    name
--------   ----
00000000   g_pfnVectors
00000001   __TI_args_main
00000200   __STACK_SIZE
0000026d   LEDInit
0000027f   LEDOn
00000289   LEDOff
00000293   LEDBlink
000002af   main
00000497   UARTSend
000004d5   UNPACK_C3
000004d9   UNPACK_C2
000004df   UNPACK_C1
000004e5   UNPACK_C0
000004eb   PACK
000004fb   FlashStoreWriteRecord
00000595   FlashStoreUsed
000005b3   FlashStoreSetCurrentAddr
000005b9   FlashStoreNewLogFile
00000623   FlashStoreInit
0000062b   FlashStoreGetStartAddr
00000631   FlashStoreGetHeader
00000635   FlashStoreGetEndAddr
0000063b   FlashStoreGetCurrentAddr
00000641   FlashStoreGetAddr
00000645   FlashStoreFree
00000663   FlashStoreErase
00000689   GPIOPadConfigSet
000007b9   SysCtlClockGet
000008d1   SysCtlClockSet
000009c1   __aeabi_memcpy
000009c1   __aeabi_memcpy4
000009c1   __aeabi_memcpy8
000009c1   memcpy
00000a5d   __TI_auto_init
00000af1   IntEnable
00000b59   FlashProgram
00000c1d   GPIOPinConfigure
00000c65   _c_int00
00000cad   copy_in
00000cf1   C$$EXIT
00000cf5   abort
00000cfd   exit
00000d35   UARTConfigSetExpClk
00000d79   SysCtlPeripheralEnable
00000dad   FlashErase
00000ddd   GPIODirModeSet
00000e09   UARTDisable
00000e25   GPIOPinTypeGPIOOutput
00000e3d   _args_main
00000e55   UARTEnable
00000e69   _register_unlock
00000e6f   _register_lock
00000e77   _nop
00000e7d   GPIOPinTypeUART
00000e8f   __TI_zero_init
00000ea1   FPUEnable
00000eb1   FPULazyStackingEnable
00000ec1   IntMasterEnable
00000ed1   __TI_decompress_none
00000edf   CPUcpsie
00000eeb   UARTCharsAvail
00000ef7   ResetISR
00000f03   UARTCharGet
00000f0d   UARTCharPut
00000f17   UARTIntEnable
00000f1f   GPIOPinWrite
00000f25   SysCtlDelay
00000f2b   __TI_decompress_rle24
000010a8   __TI_static_base__
000010b8   __TI_Handler_Table_Base
000010c4   __TI_Handler_Table_Limit
000010d0   __TI_CINIT_Base
000010e0   __TI_CINIT_Limit
20000000   __stack
20000200   __STACK_END
20000200   __STACK_TOP
20000268   _lock
2000026c   _unlock
20000270   __TI_cleanup_ptr
20000274   __TI_dtors_ptr
20000278   main_func_sp
ffffffff   __binit__
ffffffff   __c_args__
ffffffff   binit
UNDEFED    SHT$$INIT_ARRAY$$Base
UNDEFED    SHT$$INIT_ARRAY$$Limit

[86 symbols]
