******************************************************************************
                  TI ARM Linker PC v5.1.9                      
******************************************************************************
>> Linked Mon Feb 09 18:56:32 2015

OUTPUT FILE NAME:   <esft_gps_uart_to_int_mem.out>
ENTRY POINT SYMBOL: "_c_int00"  address: 00000c4d


MEMORY CONFIGURATION

         name            origin    length      used     unused   attr    fill
----------------------  --------  ---------  --------  --------  ----  --------
  FLASH                 00000000   00040000  000010c1  0003ef3f  R  X
  SRAM                  20000000   00008000  0000027c  00007d84  RW X


SEGMENT ALLOCATION MAP

run origin  load origin   length   init length attrs members
----------  ----------- ---------- ----------- ----- -------
00000000    00000000    000010c8   000010c8    r-x
  00000000    00000000    0000026c   0000026c    r-- .intvecs
  0000026c    0000026c    00000cac   00000cac    r-x .text
  00000f18    00000f18    00000171   00000171    r-- .const
  00001090    00001090    00000038   00000038    r-- .cinit
20000000    20000000    0000027c   00000000    rw-
  20000000    20000000    00000200   00000000    rw- .stack
  20000200    20000200    00000068   00000000    rw- .bss
  20000268    20000268    00000014   00000000    rw- .data


SECTION ALLOCATION MAP

 output                                  attributes/
section   page    origin      length       input sections
--------  ----  ----------  ----------   ----------------
.init_array 
*          0    00000000    00000000     UNINITIALIZED

.intvecs   0    00000000    0000026c     
                  00000000    0000026c     tm4c123gh6pm_startup_ccs.obj (.intvecs)

.text      0    0000026c    00000cac     
                  0000026c    00000260     main.obj (.text)
                  000004cc    000001a4     flashstore.obj (.text)
                  00000670    00000130     driverlib.lib : gpio.obj (.text:GPIOPadConfigSet)
                  000007a0    00000118                   : sysctl.obj (.text:SysCtlClockGet)
                  000008b8    000000f0                   : sysctl.obj (.text:SysCtlClockSet)
                  000009a8    0000009c     rtsv7M4_T_le_v4SPD16_eabi.lib : memcpy_t2.obj (.text)
                  00000a44    00000094                                   : auto_init.obj (.text)
                  00000ad8    00000068     driverlib.lib : interrupt.obj (.text:IntEnable)
                  00000b40    00000064                   : flash.obj (.text:FlashProgram)
                  00000ba4    0000005e     rtsv7M4_T_le_v4SPD16_eabi.lib : copy_decompress_rle.obj (.text)
                  00000c02    00000002     --HOLE-- [fill = 0]
                  00000c04    00000048     driverlib.lib : gpio.obj (.text:GPIOPinConfigure)
                  00000c4c    00000048     rtsv7M4_T_le_v4SPD16_eabi.lib : boot.obj (.text)
                  00000c94    00000044                                   : cpy_tbl.obj (.text)
                  00000cd8    00000044                                   : exit.obj (.text)
                  00000d1c    00000042     driverlib.lib : uart.obj (.text:UARTConfigSetExpClk)
                  00000d5e    00000002     --HOLE-- [fill = 0]
                  00000d60    00000034                   : sysctl.obj (.text:SysCtlPeripheralEnable)
                  00000d94    00000030                   : flash.obj (.text:FlashErase)
                  00000dc4    0000002a                   : gpio.obj (.text:GPIODirModeSet)
                  00000dee    00000002     --HOLE-- [fill = 0]
                  00000df0    0000001c                   : uart.obj (.text:UARTDisable)
                  00000e0c    00000018                   : gpio.obj (.text:GPIOPinTypeGPIOOutput)
                  00000e24    00000018     rtsv7M4_T_le_v4SPD16_eabi.lib : args_main.obj (.text)
                  00000e3c    00000014     driverlib.lib : uart.obj (.text:UARTEnable)
                  00000e50    00000014     rtsv7M4_T_le_v4SPD16_eabi.lib : _lock.obj (.text)
                  00000e64    00000012     driverlib.lib : gpio.obj (.text:GPIOPinTypeUART)
                  00000e76    00000012     rtsv7M4_T_le_v4SPD16_eabi.lib : copy_zero_init.obj (.text:decompress:ZI)
                  00000e88    00000010     driverlib.lib : fpu.obj (.text:FPUEnable)
                  00000e98    00000010                   : fpu.obj (.text:FPULazyStackingEnable)
                  00000ea8    00000010                   : interrupt.obj (.text:IntMasterEnable)
                  00000eb8    0000000e     rtsv7M4_T_le_v4SPD16_eabi.lib : copy_decompress_none.obj (.text:decompress:none)
                  00000ec6    0000000c     driverlib.lib : cpu.obj (.text:CPUcpsie)
                  00000ed2    0000000c                   : uart.obj (.text:UARTCharsAvail)
                  00000ede    0000000c     tm4c123gh6pm_startup_ccs.obj (.text)
                  00000eea    0000000a     driverlib.lib : uart.obj (.text:UARTCharGet)
                  00000ef4    0000000a                   : uart.obj (.text:UARTCharPut)
                  00000efe    00000008                   : uart.obj (.text:UARTIntEnable)
                  00000f06    00000006                   : gpio.obj (.text:GPIOPinWrite)
                  00000f0c    00000006                   : sysctl.obj (.text:SysCtlDelay)
                  00000f12    00000006     rtsv7M4_T_le_v4SPD16_eabi.lib : copy_decompress_rle.obj (.text:decompress:rle24)

.const     0    00000f18    00000171     
                  00000f18    00000090     driverlib.lib : gpio.obj (.const:g_pui32GPIOBaseAddrs)
                  00000fa8    00000070                   : interrupt.obj (.const)
                  00001018    0000006c                   : sysctl.obj (.const:g_pui32Xtals)
                  00001084    00000005     main.obj (.const:.string)

.cinit     0    00001090    00000038     
                  00001090    0000000f     (.cinit..data.load) [load image, compression = rle]
                  0000109f    00000001     --HOLE-- [fill = 0]
                  000010a0    0000000c     (__TI_handler_table)
                  000010ac    00000004     --HOLE-- [fill = 0]
                  000010b0    00000008     (.cinit..bss.load) [load image, compression = zero_init]
                  000010b8    00000010     (__TI_cinit_table)

.stack     0    20000000    00000200     UNINITIALIZED
                  20000000    00000200     --HOLE--

.bss       0    20000200    00000068     UNINITIALIZED
                  20000200    00000064     flashstore.obj (.bss:g_pui32RecordBuf)
                  20000264    00000004     (.common:g_ui32StoreAddr)

.data      0    20000268    00000014     UNINITIALIZED
                  20000268    00000008     rtsv7M4_T_le_v4SPD16_eabi.lib : _lock.obj (.data)
                  20000270    00000008                                   : exit.obj (.data)
                  20000278    00000004                                   : stkdepth_vars.obj (.data)


LINKER GENERATED COPY TABLES

__TI_cinit_table @ 000010b8 records: 2, size/record: 8, table size: 16
	.data: load addr=00001090, load size=0000000f bytes, run addr=20000268, run size=00000014 bytes, compression=rle
	.bss: load addr=000010b0, load size=00000008 bytes, run addr=20000200, run size=00000068 bytes, compression=zero_init


LINKER GENERATED HANDLER TABLE

__TI_handler_table @ 000010a0 records: 3, size/record: 4, table size: 12
	index: 0, handler: __TI_decompress_rle24
	index: 1, handler: __TI_decompress_none
	index: 2, handler: __TI_zero_init


GLOBAL SYMBOLS: SORTED ALPHABETICALLY BY Name 

address    name
--------   ----
00000cd9   C$$EXIT
00000ec7   CPUcpsie
00000e89   FPUEnable
00000e99   FPULazyStackingEnable
00000d95   FlashErase
00000b41   FlashProgram
0000064b   FlashStoreErase
0000062d   FlashStoreFree
00000627   FlashStoreGetCurrentAddr
00000623   FlashStoreGetData
0000061b   FlashStoreInit
000005b1   FlashStoreNewLogFile
000005ab   FlashStoreSetCurrentAddr
0000058d   FlashStoreUsed
000004f3   FlashStoreWriteRecord
00000dc5   GPIODirModeSet
00000671   GPIOPadConfigSet
00000c05   GPIOPinConfigure
00000e0d   GPIOPinTypeGPIOOutput
00000e65   GPIOPinTypeUART
00000f07   GPIOPinWrite
00000ad9   IntEnable
00000ea9   IntMasterEnable
00000293   LEDBlink
0000026d   LEDInit
00000289   LEDOff
0000027f   LEDOn
00000edf   ResetISR
UNDEFED    SHT$$INIT_ARRAY$$Base
UNDEFED    SHT$$INIT_ARRAY$$Limit
000007a1   SysCtlClockGet
000008b9   SysCtlClockSet
00000f0d   SysCtlDelay
00000d61   SysCtlPeripheralEnable
00000eeb   UARTCharGet
00000ef5   UARTCharPut
00000ed3   UARTCharsAvail
00000d1d   UARTConfigSetExpClk
00000df1   UARTDisable
00000e3d   UARTEnable
00000eff   UARTIntEnable
0000048b   UARTSend
20000200   __STACK_END
00000200   __STACK_SIZE
20000200   __STACK_TOP
000010b8   __TI_CINIT_Base
000010c8   __TI_CINIT_Limit
000010a0   __TI_Handler_Table_Base
000010ac   __TI_Handler_Table_Limit
00000001   __TI_args_main
00000a45   __TI_auto_init
20000270   __TI_cleanup_ptr
00000eb9   __TI_decompress_none
00000f13   __TI_decompress_rle24
20000274   __TI_dtors_ptr
00001090   __TI_static_base__
00000e77   __TI_zero_init
000009a9   __aeabi_memcpy
000009a9   __aeabi_memcpy4
000009a9   __aeabi_memcpy8
ffffffff   __binit__
ffffffff   __c_args__
20000000   __stack
00000e25   _args_main
00000c4d   _c_int00
20000268   _lock
00000e5f   _nop
00000e57   _register_lock
00000e51   _register_unlock
2000026c   _unlock
00000cdd   abort
ffffffff   binit
00000c95   copy_in
00000ce5   exit
00000000   g_pfnVectors
000002af   main
20000278   main_func_sp
000009a9   memcpy
000004e3   pack
000004dd   unpack_c0
000004d7   unpack_c1
000004d1   unpack_c2
000004cd   unpack_c3


GLOBAL SYMBOLS: SORTED BY Symbol Address 

address    name
--------   ----
00000000   g_pfnVectors
00000001   __TI_args_main
00000200   __STACK_SIZE
0000026d   LEDInit
0000027f   LEDOn
00000289   LEDOff
00000293   LEDBlink
000002af   main
0000048b   UARTSend
000004cd   unpack_c3
000004d1   unpack_c2
000004d7   unpack_c1
000004dd   unpack_c0
000004e3   pack
000004f3   FlashStoreWriteRecord
0000058d   FlashStoreUsed
000005ab   FlashStoreSetCurrentAddr
000005b1   FlashStoreNewLogFile
0000061b   FlashStoreInit
00000623   FlashStoreGetData
00000627   FlashStoreGetCurrentAddr
0000062d   FlashStoreFree
0000064b   FlashStoreErase
00000671   GPIOPadConfigSet
000007a1   SysCtlClockGet
000008b9   SysCtlClockSet
000009a9   __aeabi_memcpy
000009a9   __aeabi_memcpy4
000009a9   __aeabi_memcpy8
000009a9   memcpy
00000a45   __TI_auto_init
00000ad9   IntEnable
00000b41   FlashProgram
00000c05   GPIOPinConfigure
00000c4d   _c_int00
00000c95   copy_in
00000cd9   C$$EXIT
00000cdd   abort
00000ce5   exit
00000d1d   UARTConfigSetExpClk
00000d61   SysCtlPeripheralEnable
00000d95   FlashErase
00000dc5   GPIODirModeSet
00000df1   UARTDisable
00000e0d   GPIOPinTypeGPIOOutput
00000e25   _args_main
00000e3d   UARTEnable
00000e51   _register_unlock
00000e57   _register_lock
00000e5f   _nop
00000e65   GPIOPinTypeUART
00000e77   __TI_zero_init
00000e89   FPUEnable
00000e99   FPULazyStackingEnable
00000ea9   IntMasterEnable
00000eb9   __TI_decompress_none
00000ec7   CPUcpsie
00000ed3   UARTCharsAvail
00000edf   ResetISR
00000eeb   UARTCharGet
00000ef5   UARTCharPut
00000eff   UARTIntEnable
00000f07   GPIOPinWrite
00000f0d   SysCtlDelay
00000f13   __TI_decompress_rle24
00001090   __TI_static_base__
000010a0   __TI_Handler_Table_Base
000010ac   __TI_Handler_Table_Limit
000010b8   __TI_CINIT_Base
000010c8   __TI_CINIT_Limit
20000000   __stack
20000200   __STACK_END
20000200   __STACK_TOP
20000268   _lock
2000026c   _unlock
20000270   __TI_cleanup_ptr
20000274   __TI_dtors_ptr
20000278   main_func_sp
ffffffff   __binit__
ffffffff   __c_args__
ffffffff   binit
UNDEFED    SHT$$INIT_ARRAY$$Base
UNDEFED    SHT$$INIT_ARRAY$$Limit

[83 symbols]
