******************************************************************************
                  TI ARM Linker PC v5.1.6                      
******************************************************************************
>> Linked Fri Jan 23 22:25:30 2015

OUTPUT FILE NAME:   <esft_gps_uart_to_int_mem.out>
ENTRY POINT SYMBOL: "_c_int00"  address: 00000bc9


MEMORY CONFIGURATION

         name            origin    length      used     unused   attr    fill
----------------------  --------  ---------  --------  --------  ----  --------
  FLASH                 00000000   00040000  00001027  0003efd9  R  X
  SRAM                  20000000   00008000  0000027c  00007d84  RW X


SEGMENT ALLOCATION MAP

run origin  load origin   length   init length attrs members
----------  ----------- ---------- ----------- ----- -------
00000000    00000000    00001030   00001030    r-x
  00000000    00000000    0000026c   0000026c    r-- .intvecs
  0000026c    0000026c    00000c12   00000c12    r-x .text
  00000e80    00000e80    00000171   00000171    r-- .const
  00000ff8    00000ff8    00000038   00000038    r-- .cinit
20000000    20000000    0000027c   00000000    rw-
  20000000    20000000    00000200   00000000    rw- .stack
  20000200    20000200    00000068   00000000    rw- .bss
  20000268    20000268    00000014   00000000    rw- .data


SECTION ALLOCATION MAP

 output                                  attributes/
section   page    origin      length       input sections
--------  ----  ----------  ----------   ----------------
.intvecs   0    00000000    0000026c     
                  00000000    0000026c     tm4c123gh6pm_startup_ccs.obj (.intvecs)

.init_array 
*          0    00000000    00000000     UNINITIALIZED

.text      0    0000026c    00000c12     
                  0000026c    000001cc     main.obj (.text)
                  00000438    000001b4     flashstore.obj (.text)
                  000005ec    00000130     driverlib.lib : gpio.obj (.text:GPIOPadConfigSet)
                  0000071c    00000118                   : sysctl.obj (.text:SysCtlClockGet)
                  00000834    000000f0                   : sysctl.obj (.text:SysCtlClockSet)
                  00000924    0000009c     rtsv7M4_T_le_v4SPD16_eabi.lib : memcpy_t2.obj (.text)
                  000009c0    00000094                                   : auto_init.obj (.text)
                  00000a54    00000068     driverlib.lib : interrupt.obj (.text:IntEnable)
                  00000abc    00000064                   : flash.obj (.text:FlashProgram)
                  00000b20    0000005e     rtsv7M4_T_le_v4SPD16_eabi.lib : copy_decompress_rle.obj (.text)
                  00000b7e    00000002     --HOLE-- [fill = 0]
                  00000b80    00000048     driverlib.lib : gpio.obj (.text:GPIOPinConfigure)
                  00000bc8    00000048     rtsv7M4_T_le_v4SPD16_eabi.lib : boot.obj (.text)
                  00000c10    00000044                                   : cpy_tbl.obj (.text)
                  00000c54    00000044                                   : exit.obj (.text)
                  00000c98    00000042     driverlib.lib : uart.obj (.text:UARTConfigSetExpClk)
                  00000cda    00000002     --HOLE-- [fill = 0]
                  00000cdc    00000034                   : sysctl.obj (.text:SysCtlPeripheralEnable)
                  00000d10    00000030                   : flash.obj (.text:FlashErase)
                  00000d40    0000002a                   : gpio.obj (.text:GPIODirModeSet)
                  00000d6a    00000002     --HOLE-- [fill = 0]
                  00000d6c    0000001c                   : uart.obj (.text:UARTDisable)
                  00000d88    00000018                   : gpio.obj (.text:GPIOPinTypeGPIOOutput)
                  00000da0    00000018     rtsv7M4_T_le_v4SPD16_eabi.lib : args_main.obj (.text)
                  00000db8    00000014     driverlib.lib : uart.obj (.text:UARTEnable)
                  00000dcc    00000014     rtsv7M4_T_le_v4SPD16_eabi.lib : _lock.obj (.text)
                  00000de0    00000012     driverlib.lib : gpio.obj (.text:GPIOPinTypeUART)
                  00000df2    00000012     rtsv7M4_T_le_v4SPD16_eabi.lib : copy_zero_init.obj (.text:decompress:ZI)
                  00000e04    00000010     driverlib.lib : fpu.obj (.text:FPUEnable)
                  00000e14    00000010                   : fpu.obj (.text:FPULazyStackingEnable)
                  00000e24    00000010                   : interrupt.obj (.text:IntMasterEnable)
                  00000e34    0000000e     rtsv7M4_T_le_v4SPD16_eabi.lib : copy_decompress_none.obj (.text:decompress:none)
                  00000e42    0000000c     driverlib.lib : cpu.obj (.text:CPUcpsie)
                  00000e4e    0000000c     tm4c123gh6pm_startup_ccs.obj (.text)
                  00000e5a    0000000a     driverlib.lib : uart.obj (.text:UARTCharPut)
                  00000e64    00000008                   : uart.obj (.text:UARTIntEnable)
                  00000e6c    00000006                   : gpio.obj (.text:GPIOPinWrite)
                  00000e72    00000006                   : sysctl.obj (.text:SysCtlDelay)
                  00000e78    00000006     rtsv7M4_T_le_v4SPD16_eabi.lib : copy_decompress_rle.obj (.text:decompress:rle24)

.const     0    00000e80    00000171     
                  00000e80    00000090     driverlib.lib : gpio.obj (.const:g_pui32GPIOBaseAddrs)
                  00000f10    00000070                   : interrupt.obj (.const)
                  00000f80    0000006c                   : sysctl.obj (.const:g_pui32Xtals)
                  00000fec    00000005     main.obj (.const:.string)

.cinit     0    00000ff8    00000038     
                  00000ff8    0000000f     (.cinit..data.load) [load image, compression = rle]
                  00001007    00000001     --HOLE-- [fill = 0]
                  00001008    0000000c     (__TI_handler_table)
                  00001014    00000004     --HOLE-- [fill = 0]
                  00001018    00000008     (.cinit..bss.load) [load image, compression = zero_init]
                  00001020    00000010     (__TI_cinit_table)

.stack     0    20000000    00000200     UNINITIALIZED
                  20000000    00000200     --HOLE--

.bss       0    20000200    00000068     UNINITIALIZED
                  20000200    00000064     flashstore.obj (.bss:g_pui32RecordBuf)
                  20000264    00000004     (.common:g_ui32StoreAddr)

.data      0    20000268    00000014     UNINITIALIZED
                  20000268    00000008     rtsv7M4_T_le_v4SPD16_eabi.lib : _lock.obj (.data)
                  20000270    00000008                                   : exit.obj (.data)
                  20000278    00000004                                   : stkdepth_vars.obj (.data)


LINKER GENERATED COPY TABLES

__TI_cinit_table @ 00001020 records: 2, size/record: 8, table size: 16
	.data: load addr=00000ff8, load size=0000000f bytes, run addr=20000268, run size=00000014 bytes, compression=rle
	.bss: load addr=00001018, load size=00000008 bytes, run addr=20000200, run size=00000068 bytes, compression=zero_init


LINKER GENERATED HANDLER TABLE

__TI_handler_table @ 00001008 records: 3, size/record: 4, table size: 12
	index: 0, handler: __TI_decompress_rle24
	index: 1, handler: __TI_decompress_none
	index: 2, handler: __TI_zero_init


GLOBAL SYMBOLS: SORTED ALPHABETICALLY BY Name 

address    name
--------   ----
00000c55   C$$EXIT
00000e43   CPUcpsie
00000e05   FPUEnable
00000e15   FPULazyStackingEnable
00000d11   FlashErase
00000abd   FlashProgram
000005c7   FlashStoreErase
000005a9   FlashStoreFree
000005a5   FlashStoreGetAddr
0000059f   FlashStoreGetCurrentAddr
00000599   FlashStoreGetEndAddr
00000595   FlashStoreGetHeader
0000058f   FlashStoreGetStartAddr
00000587   FlashStoreInit
0000051d   FlashStoreNewLogFile
00000517   FlashStoreSetCurrentAddr
000004f9   FlashStoreUsed
0000045f   FlashStoreWriteRecord
00000d41   GPIODirModeSet
000005ed   GPIOPadConfigSet
00000b81   GPIOPinConfigure
00000d89   GPIOPinTypeGPIOOutput
00000de1   GPIOPinTypeUART
00000e6d   GPIOPinWrite
00000a55   IntEnable
00000e25   IntMasterEnable
000003f7   LEDBlink
0000026d   LEDInit
000003ed   LEDOff
0000027f   LEDOn
0000044f   PACK
00000e4f   ResetISR
UNDEFED    SHT$$INIT_ARRAY$$Base
UNDEFED    SHT$$INIT_ARRAY$$Limit
0000071d   SysCtlClockGet
00000835   SysCtlClockSet
00000e73   SysCtlDelay
00000cdd   SysCtlPeripheralEnable
00000e5b   UARTCharPut
00000c99   UARTConfigSetExpClk
00000d6d   UARTDisable
00000db9   UARTEnable
00000e65   UARTIntEnable
000003d5   UARTSend
00000449   UNPACK_C0
00000443   UNPACK_C1
0000043d   UNPACK_C2
00000439   UNPACK_C3
20000200   __STACK_END
00000200   __STACK_SIZE
20000200   __STACK_TOP
00001020   __TI_CINIT_Base
00001030   __TI_CINIT_Limit
00001008   __TI_Handler_Table_Base
00001014   __TI_Handler_Table_Limit
00000001   __TI_args_main
000009c1   __TI_auto_init
20000270   __TI_cleanup_ptr
00000e35   __TI_decompress_none
00000e79   __TI_decompress_rle24
20000274   __TI_dtors_ptr
00000000   __TI_static_base__
00000df3   __TI_zero_init
00000925   __aeabi_memcpy
00000925   __aeabi_memcpy4
00000925   __aeabi_memcpy8
ffffffff   __binit__
ffffffff   __c_args__
20000000   __stack
00000da1   _args_main
00000bc9   _c_int00
20000268   _lock
00000ddb   _nop
00000dd3   _register_lock
00000dcd   _register_unlock
2000026c   _unlock
00000c59   abort
ffffffff   binit
00000c11   copy_in
00000c61   exit
00000000   g_pfnVectors
00000289   main
20000278   main_func_sp
00000925   memcpy


GLOBAL SYMBOLS: SORTED BY Symbol Address 

address    name
--------   ----
00000000   __TI_static_base__
00000000   g_pfnVectors
00000001   __TI_args_main
00000200   __STACK_SIZE
0000026d   LEDInit
0000027f   LEDOn
00000289   main
000003d5   UARTSend
000003ed   LEDOff
000003f7   LEDBlink
00000439   UNPACK_C3
0000043d   UNPACK_C2
00000443   UNPACK_C1
00000449   UNPACK_C0
0000044f   PACK
0000045f   FlashStoreWriteRecord
000004f9   FlashStoreUsed
00000517   FlashStoreSetCurrentAddr
0000051d   FlashStoreNewLogFile
00000587   FlashStoreInit
0000058f   FlashStoreGetStartAddr
00000595   FlashStoreGetHeader
00000599   FlashStoreGetEndAddr
0000059f   FlashStoreGetCurrentAddr
000005a5   FlashStoreGetAddr
000005a9   FlashStoreFree
000005c7   FlashStoreErase
000005ed   GPIOPadConfigSet
0000071d   SysCtlClockGet
00000835   SysCtlClockSet
00000925   __aeabi_memcpy
00000925   __aeabi_memcpy4
00000925   __aeabi_memcpy8
00000925   memcpy
000009c1   __TI_auto_init
00000a55   IntEnable
00000abd   FlashProgram
00000b81   GPIOPinConfigure
00000bc9   _c_int00
00000c11   copy_in
00000c55   C$$EXIT
00000c59   abort
00000c61   exit
00000c99   UARTConfigSetExpClk
00000cdd   SysCtlPeripheralEnable
00000d11   FlashErase
00000d41   GPIODirModeSet
00000d6d   UARTDisable
00000d89   GPIOPinTypeGPIOOutput
00000da1   _args_main
00000db9   UARTEnable
00000dcd   _register_unlock
00000dd3   _register_lock
00000ddb   _nop
00000de1   GPIOPinTypeUART
00000df3   __TI_zero_init
00000e05   FPUEnable
00000e15   FPULazyStackingEnable
00000e25   IntMasterEnable
00000e35   __TI_decompress_none
00000e43   CPUcpsie
00000e4f   ResetISR
00000e5b   UARTCharPut
00000e65   UARTIntEnable
00000e6d   GPIOPinWrite
00000e73   SysCtlDelay
00000e79   __TI_decompress_rle24
00001008   __TI_Handler_Table_Base
00001014   __TI_Handler_Table_Limit
00001020   __TI_CINIT_Base
00001030   __TI_CINIT_Limit
20000000   __stack
20000200   __STACK_END
20000200   __STACK_TOP
20000268   _lock
2000026c   _unlock
20000270   __TI_cleanup_ptr
20000274   __TI_dtors_ptr
20000278   main_func_sp
ffffffff   __binit__
ffffffff   __c_args__
ffffffff   binit
UNDEFED    SHT$$INIT_ARRAY$$Base
UNDEFED    SHT$$INIT_ARRAY$$Limit

[84 symbols]
